Component: ARM Compiler 5.06 update 7 (build 960) Tool: armlink [4d3601]

==============================================================================

Section Cross References

    stm32f4xx_hal_tim_ex.o(i.HAL_TIMEx_ConfigCommutationEvent_DMA) refers to stm32f4xx_hal_tim_ex.o(i.TIMEx_DMACommutationCplt) for TIMEx_DMACommutationCplt
    stm32f4xx_hal_tim_ex.o(i.HAL_TIMEx_ConfigCommutationEvent_DMA) refers to stm32f4xx_hal_tim.o(i.TIM_DMAError) for TIM_DMAError
    stm32f4xx_hal_tim_ex.o(i.HAL_TIMEx_HallSensor_DeInit) refers to stm32f4xx_hal_tim_ex.o(i.HAL_TIMEx_HallSensor_MspDeInit) for HAL_TIMEx_HallSensor_MspDeInit
    stm32f4xx_hal_tim_ex.o(i.HAL_TIMEx_HallSensor_Init) refers to stm32f4xx_hal_tim_ex.o(i.HAL_TIMEx_HallSensor_MspInit) for HAL_TIMEx_HallSensor_MspInit
    stm32f4xx_hal_tim_ex.o(i.HAL_TIMEx_HallSensor_Init) refers to stm32f4xx_hal_tim.o(i.TIM_Base_SetConfig) for TIM_Base_SetConfig
    stm32f4xx_hal_tim_ex.o(i.HAL_TIMEx_HallSensor_Init) refers to stm32f4xx_hal_tim.o(i.TIM_TI1_SetConfig) for TIM_TI1_SetConfig
    stm32f4xx_hal_tim_ex.o(i.HAL_TIMEx_HallSensor_Init) refers to stm32f4xx_hal_tim.o(i.TIM_OC2_SetConfig) for TIM_OC2_SetConfig
    stm32f4xx_hal_tim_ex.o(i.HAL_TIMEx_HallSensor_Start) refers to stm32f4xx_hal_tim.o(i.TIM_CCxChannelCmd) for TIM_CCxChannelCmd
    stm32f4xx_hal_tim_ex.o(i.HAL_TIMEx_HallSensor_Start_DMA) refers to stm32f4xx_hal_tim.o(i.TIM_CCxChannelCmd) for TIM_CCxChannelCmd
    stm32f4xx_hal_tim_ex.o(i.HAL_TIMEx_HallSensor_Start_DMA) refers to stm32f4xx_hal_dma.o(i.HAL_DMA_Start_IT) for HAL_DMA_Start_IT
    stm32f4xx_hal_tim_ex.o(i.HAL_TIMEx_HallSensor_Start_DMA) refers to stm32f4xx_hal_tim.o(i.TIM_DMACaptureCplt) for TIM_DMACaptureCplt
    stm32f4xx_hal_tim_ex.o(i.HAL_TIMEx_HallSensor_Start_DMA) refers to stm32f4xx_hal_tim.o(i.TIM_DMAError) for TIM_DMAError
    stm32f4xx_hal_tim_ex.o(i.HAL_TIMEx_HallSensor_Start_IT) refers to stm32f4xx_hal_tim.o(i.TIM_CCxChannelCmd) for TIM_CCxChannelCmd
    stm32f4xx_hal_tim_ex.o(i.HAL_TIMEx_HallSensor_Stop) refers to stm32f4xx_hal_tim.o(i.TIM_CCxChannelCmd) for TIM_CCxChannelCmd
    stm32f4xx_hal_tim_ex.o(i.HAL_TIMEx_HallSensor_Stop_DMA) refers to stm32f4xx_hal_tim.o(i.TIM_CCxChannelCmd) for TIM_CCxChannelCmd
    stm32f4xx_hal_tim_ex.o(i.HAL_TIMEx_HallSensor_Stop_IT) refers to stm32f4xx_hal_tim.o(i.TIM_CCxChannelCmd) for TIM_CCxChannelCmd
    stm32f4xx_hal_tim_ex.o(i.HAL_TIMEx_OCN_Start) refers to stm32f4xx_hal_tim_ex.o(i.TIM_CCxNChannelCmd) for TIM_CCxNChannelCmd
    stm32f4xx_hal_tim_ex.o(i.HAL_TIMEx_OCN_Start_DMA) refers to stm32f4xx_hal_dma.o(i.HAL_DMA_Start_IT) for HAL_DMA_Start_IT
    stm32f4xx_hal_tim_ex.o(i.HAL_TIMEx_OCN_Start_DMA) refers to stm32f4xx_hal_tim_ex.o(i.TIM_CCxNChannelCmd) for TIM_CCxNChannelCmd
    stm32f4xx_hal_tim_ex.o(i.HAL_TIMEx_OCN_Start_DMA) refers to stm32f4xx_hal_tim.o(i.TIM_DMADelayPulseCplt) for TIM_DMADelayPulseCplt
    stm32f4xx_hal_tim_ex.o(i.HAL_TIMEx_OCN_Start_DMA) refers to stm32f4xx_hal_tim.o(i.TIM_DMAError) for TIM_DMAError
    stm32f4xx_hal_tim_ex.o(i.HAL_TIMEx_OCN_Start_IT) refers to stm32f4xx_hal_tim_ex.o(i.TIM_CCxNChannelCmd) for TIM_CCxNChannelCmd
    stm32f4xx_hal_tim_ex.o(i.HAL_TIMEx_OCN_Stop) refers to stm32f4xx_hal_tim_ex.o(i.TIM_CCxNChannelCmd) for TIM_CCxNChannelCmd
    stm32f4xx_hal_tim_ex.o(i.HAL_TIMEx_OCN_Stop_DMA) refers to stm32f4xx_hal_tim_ex.o(i.TIM_CCxNChannelCmd) for TIM_CCxNChannelCmd
    stm32f4xx_hal_tim_ex.o(i.HAL_TIMEx_OCN_Stop_IT) refers to stm32f4xx_hal_tim_ex.o(i.TIM_CCxNChannelCmd) for TIM_CCxNChannelCmd
    stm32f4xx_hal_tim_ex.o(i.HAL_TIMEx_OnePulseN_Start) refers to stm32f4xx_hal_tim_ex.o(i.TIM_CCxNChannelCmd) for TIM_CCxNChannelCmd
    stm32f4xx_hal_tim_ex.o(i.HAL_TIMEx_OnePulseN_Start_IT) refers to stm32f4xx_hal_tim_ex.o(i.TIM_CCxNChannelCmd) for TIM_CCxNChannelCmd
    stm32f4xx_hal_tim_ex.o(i.HAL_TIMEx_OnePulseN_Stop) refers to stm32f4xx_hal_tim_ex.o(i.TIM_CCxNChannelCmd) for TIM_CCxNChannelCmd
    stm32f4xx_hal_tim_ex.o(i.HAL_TIMEx_OnePulseN_Stop_IT) refers to stm32f4xx_hal_tim_ex.o(i.TIM_CCxNChannelCmd) for TIM_CCxNChannelCmd
    stm32f4xx_hal_tim_ex.o(i.HAL_TIMEx_PWMN_Start) refers to stm32f4xx_hal_tim_ex.o(i.TIM_CCxNChannelCmd) for TIM_CCxNChannelCmd
    stm32f4xx_hal_tim_ex.o(i.HAL_TIMEx_PWMN_Start_DMA) refers to stm32f4xx_hal_dma.o(i.HAL_DMA_Start_IT) for HAL_DMA_Start_IT
    stm32f4xx_hal_tim_ex.o(i.HAL_TIMEx_PWMN_Start_DMA) refers to stm32f4xx_hal_tim_ex.o(i.TIM_CCxNChannelCmd) for TIM_CCxNChannelCmd
    stm32f4xx_hal_tim_ex.o(i.HAL_TIMEx_PWMN_Start_DMA) refers to stm32f4xx_hal_tim.o(i.TIM_DMADelayPulseCplt) for TIM_DMADelayPulseCplt
    stm32f4xx_hal_tim_ex.o(i.HAL_TIMEx_PWMN_Start_DMA) refers to stm32f4xx_hal_tim.o(i.TIM_DMAError) for TIM_DMAError
    stm32f4xx_hal_tim_ex.o(i.HAL_TIMEx_PWMN_Start_IT) refers to stm32f4xx_hal_tim_ex.o(i.TIM_CCxNChannelCmd) for TIM_CCxNChannelCmd
    stm32f4xx_hal_tim_ex.o(i.HAL_TIMEx_PWMN_Stop) refers to stm32f4xx_hal_tim_ex.o(i.TIM_CCxNChannelCmd) for TIM_CCxNChannelCmd
[...]
    __Vectors                                0x08000000   Data           4  startup_stm32f427xx.o(RESET)
    __Vectors_End                            0x080001ac   Data           0  startup_stm32f427xx.o(RESET)
    __main                                   0x080001ad   Thumb Code     0  entry.o(.ARM.Collect$$$$00000000)
    _main_stk                                0x080001ad   Thumb Code     0  entry2.o(.ARM.Collect$$$$00000001)
    _main_scatterload                        0x080001b1   Thumb Code     0  entry5.o(.ARM.Collect$$$$00000004)
    __main_after_scatterload                 0x080001b5   Thumb Code     0  entry5.o(.ARM.Collect$$$$00000004)
    _main_clock                              0x080001b5   Thumb Code     0  entry7b.o(.ARM.Collect$$$$00000008)
    _main_cpp_init                           0x080001b5   Thumb Code     0  entry8b.o(.ARM.Collect$$$$0000000A)
    _main_init                               0x080001b5   Thumb Code     0  entry9a.o(.ARM.Collect$$$$0000000B)
    __rt_lib_shutdown_fini                   0x080001bd   Thumb Code     0  entry12b.o(.ARM.Collect$$$$0000000E)
    __rt_final_cpp                           0x080001c1   Thumb Code     0  entry10a.o(.ARM.Collect$$$$0000000F)
    __rt_final_exit                          0x080001c1   Thumb Code     0  entry11a.o(.ARM.Collect$$$$00000011)
    Reset_Handler                            0x080001c5   Thumb Code     8  startup_stm32f427xx.o(.text)
    ADC_IRQHandler                           0x080001df   Thumb Code     0  startup_stm32f427xx.o(.text)
    CAN1_RX1_IRQHandler                      0x080001df   Thumb Code     0  startup_stm32f427xx.o(.text)
    CAN1_SCE_IRQHandler                      0x080001df   Thumb Code     0  startup_stm32f427xx.o(.text)
    CAN2_RX1_IRQHandler                      0x080001df   Thumb Code     0  startup_stm32f427xx.o(.text)
    CAN2_SCE_IRQHandler                      0x080001df   Thumb Code     0  startup_stm32f427xx.o(.text)
    DCMI_IRQHandler                          0x080001df   Thumb Code     0  startup_stm32f427xx.o(.text)
    DMA1_Stream0_IRQHandler                  0x080001df   Thumb Code     0  startup_stm32f427xx.o(.text)
    DMA1_Stream1_IRQHandler                  0x080001df   Thumb Code     0  startup_stm32f427xx.o(.text)
    DMA1_Stream2_IRQHandler                  0x080001df   Thumb Code     0  startup_stm32f427xx.o(.text)
    DMA1_Stream4_IRQHandler                  0x080001df   Thumb Code     0  startup_stm32f427xx.o(.text)
    DMA1_Stream5_IRQHandler                  0x080001df   Thumb Code     0  startup_stm32f427xx.o(.text)
    DMA1_Stream6_IRQHandler                  0x080001df   Thumb Code     0  startup_stm32f427xx.o(.text)
    DMA1_Stream7_IRQHandler                  0x080001df   Thumb Code     0  startup_stm32f427xx.o(.text)
    DMA2D_IRQHandler                         0x080001df   Thumb Code     0  startup_stm32f427xx.o(.text)
    DMA2_Stream0_IRQHandler                  0x080001df   Thumb Code     0  startup_stm32f427xx.o(.text)
    DMA2_Stream1_IRQHandler                  0x080001df   Thumb Code     0  startup_stm32f427xx.o(.text)
    DMA2_Stream5_IRQHandler                  0x080001df   Thumb Code     0  startup_stm32f427xx.o(.text)
    DMA2_Stream6_IRQHandler                  0x080001df   Thumb Code     0  startup_stm32f427xx.o(.text)
    DMA2_Stream7_IRQHandler                  0x080001df   Thumb Code     0  startup_stm32f427xx.o(.text)
    ETH_IRQHandler                           0x080001df   Thumb Code     0  startup_stm32f427xx.o(.text)
    ETH_WKUP_IRQHandler                      0x080001df   Thumb Code     0  startup_stm32f427xx.o(.text)
    EXTI0_IRQHandler                         0x080001df   Thumb Code     0  startup_stm32f427xx.o(.text)
    EXTI15_10_IRQHandler                     0x080001df   Thumb Code     0  startup_stm32f427xx.o(.text)
    EXTI1_IRQHandler                         0x080001df   Thumb Code     0  startup_stm32f427xx.o(.text)
    EXTI2_IRQHandler                         0x080001df   Thumb Code     0  startup_stm32f427xx.o(.text)
    EXTI3_IRQHandler                         0x080001df   Thumb Code     0  startup_stm32f427xx.o(.text)
    EXTI4_IRQHandler                         0x080001df   Thumb Code     0  startup_stm32f427xx.o(.text)
    EXTI9_5_IRQHandler                       0x080001df   Thumb Code     0  startup_stm32f427xx.o(.text)
    FLASH_IRQHandler                         0x080001df   Thumb Code     0  startup_stm32f427xx.o(.text)
    FMC_IRQHandler                           0x080001df   Thumb Code     0  startup_stm32f427xx.o(.text)
    FPU_IRQHandler                           0x080001df   Thumb Code     0  startup_stm32f427xx.o(.text)
    HASH_RNG_IRQHandler                      0x080001df   Thumb Code     0  startup_stm32f427xx.o(.text)
    I2C1_ER_IRQHandler                       0x080001df   Thumb Code     0  startup_stm32f427xx.o(.text)
    I2C1_EV_IRQHandler                       0x080001df   Thumb Code     0  startup_stm32f427xx.o(.text)
    I2C2_ER_IRQHandler                       0x080001df   Thumb Code     0  startup_stm32f427xx.o(.text)
    I2C2_EV_IRQHandler                       0x080001df   Thumb Code     0  startup_stm32f427xx.o(.text)
    I2C3_ER_IRQHandler                       0x080001df   Thumb Code     0  startup_stm32f427xx.o(.text)
    I2C3_EV_IRQHandler                       0x080001df   Thumb Code     0  startup_stm32f427xx.o(.text)
    OTG_FS_IRQHandler                        0x080001df   Thumb Code     0  startup_stm32f427xx.o(.text)
    OTG_FS_WKUP_IRQHandler                   0x080001df   Thumb Code     0  startup_stm32f427xx.o(.text)
    OTG_HS_EP1_IN_IRQHandler                 0x080001df   Thumb Code     0  startup_stm32f427xx.o(.text)
    OTG_HS_EP1_OUT_IRQHandler                0x080001df   Thumb Code     0  startup_stm32f427xx.o(.text)
    OTG_HS_IRQHandler                        0x080001df   Thumb Code     0  startup_stm32f427xx.o(.text)
    OTG_HS_WKUP_IRQHandler                   0x080001df   Thumb Code     0  startup_stm32f427xx.o(.text)
    PVD_IRQHandler                           0x080001df   Thumb Code     0  startup_stm32f427xx.o(.text)
    RCC_IRQHandler                           0x080001df   Thumb Code     0  startup_stm32f427xx.o(.text)
    RTC_Alarm_IRQHandler                     0x080001df   Thumb Code     0  startup_stm32f427xx.o(.text)
    RTC_WKUP_IRQHandler                      0x080001df   Thumb Code     0  startup_stm32f427xx.o(.text)
    SAI1_IRQHandler                          0x080001df   Thumb Code     0  startup_stm32f427xx.o(.text)
    SDIO_IRQHandler                          0x080001df   Thumb Code     0  startup_stm32f427xx.o(.text)
    SPI1_IRQHandler                          0x080001df   Thumb Code     0  startup_stm32f427xx.o(.text)
    SPI2_IRQHandler                          0x080001df   Thumb Code     0  startup_stm32f427xx.o(.text)
    SPI3_IRQHandler                          0x080001df   Thumb Code     0  startup_stm32f427xx.o(.text)
    SPI4_IRQHandler                          0x080001df   Thumb Code     0  startup_stm32f427xx.o(.text)
    SPI6_IRQHandler                          0x080001df   Thumb Code     0  startup_stm32f427xx.o(.text)
    TAMP_STAMP_IRQHandler                    0x080001df   Thumb Code     0  startup_stm32f427xx.o(.text)
    TIM1_BRK_TIM9_IRQHandler                 0x080001df   Thumb Code     0  startup_stm32f427xx.o(.text)
    TIM1_CC_IRQHandler                       0x080001df   Thumb Code     0  startup_stm32f427xx.o(.text)
    TIM1_TRG_COM_TIM11_IRQHandler            0x080001df   Thumb Code     0  startup_stm32f427xx.o(.text)
    TIM1_UP_TIM10_IRQHandler                 0x080001df   Thumb Code     0  startup_stm32f427xx.o(.text)
    TIM3_IRQHandler                          0x080001df   Thumb Code     0  startup_stm32f427xx.o(.text)
    TIM4_IRQHandler                          0x080001df   Thumb Code     0  startup_stm32f427xx.o(.text)
    TIM5_IRQHandler                          0x080001df   Thumb Code     0  startup_stm32f427xx.o(.text)
    TIM7_IRQHandler                          0x080001df   Thumb Code     0  startup_stm32f427xx.o(.text)
    UART4_IRQHandler                         0x080001df   Thumb Code     0  startup_stm32f427xx.o(.text)
    UART5_IRQHandler                         0x080001df   Thumb Code     0  startup_stm32f427xx.o(.text)
    UART8_IRQHandler                         0x080001df   Thumb Code     0  startup_stm32f427xx.o(.text)
    WWDG_IRQHandler                          0x080001df   Thumb Code     0  startup_stm32f427xx.o(.text)
    __aeabi_memcpy                           0x080001e9   Thumb Code    36  memcpya.o(.text)
    __aeabi_memcpy4                          0x080001e9   Thumb Code     0  memcpya.o(.text)
    __aeabi_memcpy8                          0x080001e9   Thumb Code     0  memcpya.o(.text)
    __aeabi_dadd                             0x0800020d   Thumb Code   322  dadd.o(.text)
    __aeabi_dsub                             0x0800034f   Thumb Code     6  dadd.o(.text)
    __aeabi_drsub                            0x08000355   Thumb Code     6  dadd.o(.text)
    __aeabi_dmul                             0x0800035b   Thumb Code   228  dmul.o(.text)
    __aeabi_ddiv                             0x0800043f   Thumb Code   222  ddiv.o(.text)
    __aeabi_i2d                              0x0800051d   Thumb Code    34  dflti.o(.text)
    __aeabi_ui2d                             0x0800053f   Thumb Code    26  dfltui.o(.text)
    __aeabi_d2iz                             0x08000559   Thumb Code    62  dfixi.o(.text)
    __aeabi_f2d                              0x08000597   Thumb Code    38  f2d.o(.text)
    __aeabi_cdcmpeq                          0x080005bd   Thumb Code     0  cdcmple.o(.text)
    __aeabi_cdcmple                          0x080005bd   Thumb Code    48  cdcmple.o(.text)
    __aeabi_cdrcmple                         0x080005ed   Thumb Code    48  cdrcmple.o(.text)
    __aeabi_d2f                              0x0800061d   Thumb Code    56  d2f.o(.text)
    __aeabi_llsl                             0x08000655   Thumb Code    30  llshl.o(.text)
    _ll_shift_l                              0x08000655   Thumb Code     0  llshl.o(.text)
    __aeabi_llsr                             0x08000673   Thumb Code    32  llushr.o(.text)
    _ll_ushift_r                             0x08000673   Thumb Code     0  llushr.o(.text)
    __aeabi_lasr                             0x08000693   Thumb Code    36  llsshr.o(.text)
    _ll_sshift_r                             0x08000693   Thumb Code     0  llsshr.o(.text)
    __I$use$fp                               0x080006b7   Thumb Code     0  iusefp.o(.text)
    _float_round                             0x080006b7   Thumb Code    18  fepilogue.o(.text)
    _float_epilogue                          0x080006c9   Thumb Code    92  fepilogue.o(.text)
    _double_round                            0x08000725   Thumb Code    30  depilogue.o(.text)
    _double_epilogue                         0x08000743   Thumb Code   156  depilogue.o(.text)
    __ARM_scalbn                             0x080007df   Thumb Code    46  dscalb.o(.text)
    scalbn                                   0x080007df   Thumb Code     0  dscalb.o(.text)
    __scatterload                            0x0800080d   Thumb Code    28  init.o(.text)
    __scatterload_rt2                        0x0800080d   Thumb Code     0  init.o(.text)
    _dsqrt                                   0x08000831   Thumb Code   162  dsqrt.o(.text)
    __decompress                             0x080008d3   Thumb Code     0  __dczerorl.o(.text)
    __decompress0                            0x080008d3   Thumb Code    58  __dczerorl.o(.text)
    Autoaiming                               0x08000a41   Thumb Code   750  bkd_autoaiming.o(i.Autoaiming)
    BusFault_Handler                         0x08000db5   Thumb Code     2  stm32f4xx_it.o(i.BusFault_Handler)
    CAN1_RX0_IRQHandler                      0x08000db9   Thumb Code     6  stm32f4xx_it.o(i.CAN1_RX0_IRQHandler)
    CAN1_TX_IRQHandler                       0x08000dc5   Thumb Code     6  stm32f4xx_it.o(i.CAN1_TX_IRQHandler)
    CAN2_RX0_IRQHandler                      0x08000dd1   Thumb Code     6  stm32f4xx_it.o(i.CAN2_RX0_IRQHandler)
    CAN2_TX_IRQHandler                       0x08000ddd   Thumb Code     6  stm32f4xx_it.o(i.CAN2_TX_IRQHandler)
    CAN_Send_Message                         0x08000f11   Thumb Code    74  bkd_can.o(i.CAN_Send_Message)
    CMControlLoop                            0x08000fbd   Thumb Code   644  bkd_control.o(i.CMControlLoop)
    Cloud                                    0x080012a1   Thumb Code   554  bkd_autoaiming.o(i.Cloud)
    CloudParam_ControlLoop                   0x08001535   Thumb Code   162  bkd_control.o(i.CloudParam_ControlLoop)
    ConfigUart7DMA                           0x0800160d   Thumb Code    20  usart.o(i.ConfigUart7DMA)
    Control_Task                             0x08001629   Thumb Code    86  bkd_control.o(i.Control_Task)
    DMA1_Stream3_IRQHandler                  0x08001689   Thumb Code     6  stm32f4xx_it.o(i.DMA1_Stream3_IRQHandler)
    DMA2_Stream2_IRQHandler                  0x08001695   Thumb Code     6  stm32f4xx_it.o(i.DMA2_Stream2_IRQHandler)
    DMA2_Stream3_IRQHandler                  0x080016a1   Thumb Code     6  stm32f4xx_it.o(i.DMA2_Stream3_IRQHandler)
    DMA2_Stream4_IRQHandler                  0x080016ad   Thumb Code     6  stm32f4xx_it.o(i.DMA2_Stream4_IRQHandler)
    DebugMon_Handler                         0x0800177b   Thumb Code     2  stm32f4xx_it.o(i.DebugMon_Handler)
    Dma_Callback_RC_Handle                   0x0800177d   Thumb Code   118  bkd_usart.o(i.Dma_Callback_RC_Handle)
    Error_Handler                            0x080017f3   Thumb Code     2  main.o(i.Error_Handler)
    Fake_Delay                               0x080017f5   Thumb Code    10  bkd_control.o(i.Fake_Delay)
    Get_Adc                                  0x08001805   Thumb Code    50  adc.o(i.Get_Adc)
    Get_Adc_Average                          0x0800183d   Thumb Code    46  adc.o(i.Get_Adc_Average)
    Get_Yaw_Angle                            0x0800186d   Thumb Code    88  test_imu.o(i.Get_Yaw_Angle)
    HAL_ADC_ConfigChannel                    0x080018cd   Thumb Code   324  stm32f4xx_hal_adc.o(i.HAL_ADC_ConfigChannel)
    HAL_ADC_GetValue                         0x08001a21   Thumb Code     6  stm32f4xx_hal_adc.o(i.HAL_ADC_GetValue)
    HAL_ADC_Init                             0x08001a27   Thumb Code    84  stm32f4xx_hal_adc.o(i.HAL_ADC_Init)
    HAL_ADC_MspInit                          0x08001a7d   Thumb Code    66  adc.o(i.HAL_ADC_MspInit)
    HAL_ADC_PollForConversion                0x08001ac9   Thumb Code   162  stm32f4xx_hal_adc.o(i.HAL_ADC_PollForConversion)
    HAL_ADC_Start                            0x08001b6d   Thumb Code   170  stm32f4xx_hal_adc.o(i.HAL_ADC_Start)
    HAL_CAN_ConfigFilter                     0x08001c25   Thumb Code   218  stm32f4xx_hal_can.o(i.HAL_CAN_ConfigFilter)
    HAL_CAN_ErrorCallback                    0x08001d09   Thumb Code     2  stm32f4xx_hal_can.o(i.HAL_CAN_ErrorCallback)
    HAL_CAN_IRQHandler                       0x08001d0d   Thumb Code   370  stm32f4xx_hal_can.o(i.HAL_CAN_IRQHandler)
    HAL_CAN_Init                             0x08001e8d   Thumb Code   328  stm32f4xx_hal_can.o(i.HAL_CAN_Init)
    HAL_CAN_MspInit                          0x08001fd5   Thumb Code   166  can.o(i.HAL_CAN_MspInit)
    HAL_CAN_RxCpltCallback                   0x08002091   Thumb Code   252  bkd_can.o(i.HAL_CAN_RxCpltCallback)
    HAL_CAN_Transmit                         0x080021a9   Thumb Code   410  stm32f4xx_hal_can.o(i.HAL_CAN_Transmit)
    HAL_CAN_TxCpltCallback                   0x08002351   Thumb Code     2  stm32f4xx_hal_can.o(i.HAL_CAN_TxCpltCallback)
    HAL_DMAEx_MultiBufferStart               0x08002353   Thumb Code   100  stm32f4xx_hal_dma_ex.o(i.HAL_DMAEx_MultiBufferStart)
    HAL_DMA_Abort_IT                         0x080023b7   Thumb Code    36  stm32f4xx_hal_dma.o(i.HAL_DMA_Abort_IT)
    HAL_DMA_IRQHandler                       0x080023dd   Thumb Code   414  stm32f4xx_hal_dma.o(i.HAL_DMA_IRQHandler)
    HAL_DMA_Init                             0x08002585   Thumb Code   202  stm32f4xx_hal_dma.o(i.HAL_DMA_Init)
    HAL_DMA_Start                            0x08002655   Thumb Code    70  stm32f4xx_hal_dma.o(i.HAL_DMA_Start)
    HAL_Delay                                0x0800269b   Thumb Code    22  stm32f4xx_hal.o(i.HAL_Delay)
    HAL_GPIO_Init                            0x080026b1   Thumb Code   408  stm32f4xx_hal_gpio.o(i.HAL_GPIO_Init)
    HAL_GPIO_WritePin                        0x0800287d   Thumb Code    10  stm32f4xx_hal_gpio.o(i.HAL_GPIO_WritePin)
    HAL_GetTick                              0x08002889   Thumb Code     6  stm32f4xx_hal.o(i.HAL_GetTick)
    HAL_IncTick                              0x08002895   Thumb Code    10  stm32f4xx_hal.o(i.HAL_IncTick)
    HAL_Init                                 0x080028a5   Thumb Code    48  stm32f4xx_hal.o(i.HAL_Init)
    HAL_InitTick                             0x080028d9   Thumb Code    34  stm32f4xx_hal.o(i.HAL_InitTick)
    HAL_MspInit                              0x08002901   Thumb Code    88  stm32f4xx_hal_msp.o(i.HAL_MspInit)
    HAL_NVIC_EnableIRQ                       0x08002959   Thumb Code    22  stm32f4xx_hal_cortex.o(i.HAL_NVIC_EnableIRQ)
    HAL_NVIC_SetPriority                     0x08002971   Thumb Code    60  stm32f4xx_hal_cortex.o(i.HAL_NVIC_SetPriority)
    HAL_NVIC_SetPriorityGrouping             0x080029b1   Thumb Code    26  stm32f4xx_hal_cortex.o(i.HAL_NVIC_SetPriorityGrouping)
    HAL_PWREx_EnableOverDrive                0x080029d5   Thumb Code   126  stm32f4xx_hal_pwr_ex.o(i.HAL_PWREx_EnableOverDrive)
    HAL_RCC_ClockConfig                      0x08002a61   Thumb Code   364  stm32f4xx_hal_rcc.o(i.HAL_RCC_ClockConfig)
    HAL_RCC_GetHCLKFreq                      0x08002bdd   Thumb Code     6  stm32f4xx_hal_rcc.o(i.HAL_RCC_GetHCLKFreq)
    HAL_RCC_GetPCLK1Freq                     0x08002be9   Thumb Code    34  stm32f4xx_hal_rcc.o(i.HAL_RCC_GetPCLK1Freq)
    HAL_RCC_GetPCLK2Freq                     0x08002c19   Thumb Code    34  stm32f4xx_hal_rcc.o(i.HAL_RCC_GetPCLK2Freq)
    HAL_RCC_GetSysClockFreq                  0x08002c49   Thumb Code   104  stm32f4xx_hal_rcc.o(i.HAL_RCC_GetSysClockFreq)
    HAL_RCC_OscConfig                        0x08002cbd   Thumb Code   722  stm32f4xx_hal_rcc.o(i.HAL_RCC_OscConfig)
    HAL_SPI_ErrorCallback                    0x08002fa1   Thumb Code     2  stm32f4xx_hal_spi.o(i.HAL_SPI_ErrorCallback)
    HAL_SPI_IRQHandler                       0x08002fa5   Thumb Code   208  stm32f4xx_hal_spi.o(i.HAL_SPI_IRQHandler)
    HAL_SPI_Init                             0x08003079   Thumb Code   128  stm32f4xx_hal_spi.o(i.HAL_SPI_Init)
    HAL_SPI_MspInit                          0x080030f9   Thumb Code    64  spi.o(i.HAL_SPI_MspInit)
    HAL_SPI_TransmitReceive                  0x08003145   Thumb Code   472  stm32f4xx_hal_spi.o(i.HAL_SPI_TransmitReceive)
    HAL_SYSTICK_CLKSourceConfig              0x0800331d   Thumb Code    24  stm32f4xx_hal_cortex.o(i.HAL_SYSTICK_CLKSourceConfig)
    HAL_SYSTICK_Callback                     0x08003335   Thumb Code     2  stm32f4xx_hal_cortex.o(i.HAL_SYSTICK_Callback)
    HAL_SYSTICK_Config                       0x08003337   Thumb Code    40  stm32f4xx_hal_cortex.o(i.HAL_SYSTICK_Config)
    HAL_SYSTICK_IRQHandler                   0x0800335f   Thumb Code     8  stm32f4xx_hal_cortex.o(i.HAL_SYSTICK_IRQHandler)
    HAL_TIMEx_BreakCallback                  0x08003367   Thumb Code     2  stm32f4xx_hal_tim_ex.o(i.HAL_TIMEx_BreakCallback)
    HAL_TIMEx_CommutationCallback            0x08003369   Thumb Code     2  stm32f4xx_hal_tim_ex.o(i.HAL_TIMEx_CommutationCallback)
    HAL_TIMEx_ConfigBreakDeadTime            0x0800336b   Thumb Code    66  stm32f4xx_hal_tim_ex.o(i.HAL_TIMEx_ConfigBreakDeadTime)
    HAL_TIMEx_MasterConfigSynchronization    0x080033ad   Thumb Code    80  stm32f4xx_hal_tim_ex.o(i.HAL_TIMEx_MasterConfigSynchronization)
    HAL_TIM_Base_Init                        0x080033fd   Thumb Code    54  stm32f4xx_hal_tim.o(i.HAL_TIM_Base_Init)
    HAL_TIM_Base_MspInit                     0x08003435   Thumb Code   220  tim.o(i.HAL_TIM_Base_MspInit)
    HAL_TIM_Base_Start_IT                    0x08003525   Thumb Code    24  stm32f4xx_hal_tim.o(i.HAL_TIM_Base_Start_IT)
    HAL_TIM_ConfigClockSource                0x0800353d   Thumb Code   242  stm32f4xx_hal_tim.o(i.HAL_TIM_ConfigClockSource)
    HAL_TIM_IC_CaptureCallback               0x0800362f   Thumb Code     2  stm32f4xx_hal_tim.o(i.HAL_TIM_IC_CaptureCallback)
    HAL_TIM_IRQHandler                       0x08003631   Thumb Code   358  stm32f4xx_hal_tim.o(i.HAL_TIM_IRQHandler)
    HAL_TIM_MspPostInit                      0x08003799   Thumb Code   126  tim.o(i.HAL_TIM_MspPostInit)
    HAL_TIM_OC_DelayElapsedCallback          0x0800382d   Thumb Code     2  stm32f4xx_hal_tim.o(i.HAL_TIM_OC_DelayElapsedCallback)
    HAL_TIM_PWM_ConfigChannel                0x0800382f   Thumb Code   208  stm32f4xx_hal_tim.o(i.HAL_TIM_PWM_ConfigChannel)
    HAL_TIM_PWM_Init                         0x080038ff   Thumb Code    54  stm32f4xx_hal_tim.o(i.HAL_TIM_PWM_Init)
    HAL_TIM_PWM_MspInit                      0x08003935   Thumb Code     2  stm32f4xx_hal_tim.o(i.HAL_TIM_PWM_MspInit)
    HAL_TIM_PWM_PulseFinishedCallback        0x08003937   Thumb Code     2  stm32f4xx_hal_tim.o(i.HAL_TIM_PWM_PulseFinishedCallback)
    HAL_TIM_PWM_Start                        0x08003939   Thumb Code    48  stm32f4xx_hal_tim.o(i.HAL_TIM_PWM_Start)
    HAL_TIM_PeriodElapsedCallback            0x08003971   Thumb Code   140  tim.o(i.HAL_TIM_PeriodElapsedCallback)
    HAL_TIM_TriggerCallback                  0x08003a25   Thumb Code     2  stm32f4xx_hal_tim.o(i.HAL_TIM_TriggerCallback)
    HAL_UART_ErrorCallback                   0x08003a27   Thumb Code     2  stm32f4xx_hal_uart.o(i.HAL_UART_ErrorCallback)
    HAL_UART_IRQHandler                      0x08003a29   Thumb Code   262  stm32f4xx_hal_uart.o(i.HAL_UART_IRQHandler)
    HAL_UART_Init                            0x08003b35   Thumb Code    98  stm32f4xx_hal_uart.o(i.HAL_UART_Init)
    HAL_UART_MspInit                         0x08003b99   Thumb Code   398  usart.o(i.HAL_UART_MspInit)
    HAL_UART_Receive_IT                      0x08003d5d   Thumb Code    82  stm32f4xx_hal_uart.o(i.HAL_UART_Receive_IT)
    HAL_UART_RxCpltCallback                  0x08003db1   Thumb Code   140  bkd_usart.o(i.HAL_UART_RxCpltCallback)
    HAL_UART_TxCpltCallback                  0x08003e51   Thumb Code     2  stm32f4xx_hal_uart.o(i.HAL_UART_TxCpltCallback)
    HardFault_Handler                        0x08003e53   Thumb Code     2  stm32f4xx_it.o(i.HardFault_Handler)
    IMU_Get_Data                             0x08003e55   Thumb Code   420  test_imu.o(i.IMU_Get_Data)
    IST8310_Init                             0x08004005   Thumb Code   242  test_imu.o(i.IST8310_Init)
    Judge_uart_init                          0x08004171   Thumb Code    66  judgement.o(i.Judge_uart_init)
    Junru_UART_Receive_DMA                   0x080041c5   Thumb Code   104  stm32f4xx_hal_uart.o(i.Junru_UART_Receive_DMA)
    Junru_UART_Receive_IT                    0x0800422d   Thumb Code    20  bkd_usart.o(i.Junru_UART_Receive_IT)
    Junru_UsartIdleHanlder                   0x08004241   Thumb Code   210  bkd_usart.o(i.Junru_UsartIdleHanlder)
    MPU6050_DataSave                         0x0800431d   Thumb Code   278  test_imu.o(i.MPU6050_DataSave)
    MPU6500_Init                             0x08004439   Thumb Code    70  test_imu.o(i.MPU6500_Init)
    MPU6500_Read_Reg                         0x08004489   Thumb Code    68  test_imu.o(i.MPU6500_Read_Reg)
    MPU6500_Read_Regs                        0x080044d9   Thumb Code    80  test_imu.o(i.MPU6500_Read_Regs)
    MPU6500_Write_Reg                        0x08004539   Thumb Code    72  test_imu.o(i.MPU6500_Write_Reg)
    MX_CAN1_Init                             0x0800461d   Thumb Code   120  can.o(i.MX_CAN1_Init)
    MX_CAN2_Init                             0x0800469d   Thumb Code   120  can.o(i.MX_CAN2_Init)
    MX_DMA_Init                              0x0800471d   Thumb Code    88  dma.o(i.MX_DMA_Init)
    MX_GPIO_Init                             0x08004779   Thumb Code   698  gpio.o(i.MX_GPIO_Init)
    MX_SPI5_Init                             0x08004a59   Thumb Code    62  spi.o(i.MX_SPI5_Init)
    MX_TIM2_Init                             0x08004aa1   Thumb Code   214  tim.o(i.MX_TIM2_Init)
    MX_TIM6_Init                             0x08004b7d   Thumb Code    58  tim.o(i.MX_TIM6_Init)
    MX_UART7_Init                            0x08004bc1   Thumb Code    32  usart.o(i.MX_UART7_Init)
    MX_USART1_UART_Init                      0x08004be9   Thumb Code    50  usart.o(i.MX_USART1_UART_Init)
    MX_USART6_UART_Init                      0x08004c29   Thumb Code    48  usart.o(i.MX_USART6_UART_Init)
    MY_ADC_Init                              0x08004c61   Thumb Code    44  adc.o(i.MY_ADC_Init)
    MemManage_Handler                        0x08004c99   Thumb Code     2  stm32f4xx_it.o(i.MemManage_Handler)
    NMI_Handler                              0x08004c9b   Thumb Code     2  stm32f4xx_it.o(i.NMI_Handler)
    PC_control                               0x08004cbd   Thumb Code   666  bkd_remote.o(i.PC_control)
    PID_Calc1                                0x08004f91   Thumb Code   584  bkd_pid.o(i.PID_Calc1)
    PID_Calc_Position                        0x080051d9   Thumb Code   304  bkd_pid.o(i.PID_Calc_Position)
    PID_Init                                 0x08005311   Thumb Code    30  bkd_pid.o(i.PID_Init)
    PID_SET_Init                             0x08005339   Thumb Code  1546  bkd_pid.o(i.PID_SET_Init)
    Parking                                  0x08005991   Thumb Code    90  bkd_remote.o(i.Parking)
    PendSV_Handler                           0x08005a11   Thumb Code     2  stm32f4xx_it.o(i.PendSV_Handler)
    Position_Data_deal                       0x08005a13   Thumb Code    28  bkd_can.o(i.Position_Data_deal)
    Position_Round_Data_deal                 0x08005a31   Thumb Code   138  bkd_can.o(i.Position_Round_Data_deal)
    RC_control                               0x08005ac5   Thumb Code   640  bkd_remote.o(i.RC_control)
    Remote_Task                              0x08005db1   Thumb Code    38  bkd_remote.o(i.Remote_Task)
    SPI5_IRQHandler                          0x08005de1   Thumb Code     6  stm32f4xx_it.o(i.SPI5_IRQHandler)
    SVC_Handler                              0x08005eb3   Thumb Code     2  stm32f4xx_it.o(i.SVC_Handler)
    Shooting_Speed_Data_deal                 0x08005eb5   Thumb Code    28  bkd_can.o(i.Shooting_Speed_Data_deal)
    Shooting_rotate                          0x08005ed1   Thumb Code   132  heat.o(i.Shooting_rotate)
    Small_gyroscope                          0x08005f75   Thumb Code   616  bkd_small_gyroscope.o(i.Small_gyroscope)
    Speed_Data_deal                          0x08006249   Thumb Code    28  bkd_can.o(i.Speed_Data_deal)
    SysTick_Handler                          0x08006265   Thumb Code    14  stm32f4xx_it.o(i.SysTick_Handler)
    SystemClock_Config                       0x08006275   Thumb Code   160  main.o(i.SystemClock_Config)
    SystemInit                               0x0800631d   Thumb Code    66  system_stm32f4xx.o(i.SystemInit)
    TIM2_IRQHandler                          0x08006371   Thumb Code     6  stm32f4xx_it.o(i.TIM2_IRQHandler)
    TIM6_DAC_IRQHandler                      0x0800637d   Thumb Code     6  stm32f4xx_it.o(i.TIM6_DAC_IRQHandler)
    TIM8_BRK_TIM12_IRQHandler                0x08006389   Thumb Code     6  stm32f4xx_it.o(i.TIM8_BRK_TIM12_IRQHandler)
    TIM8_CC_IRQHandler                       0x08006395   Thumb Code     6  stm32f4xx_it.o(i.TIM8_CC_IRQHandler)
    TIM8_TRG_COM_TIM14_IRQHandler            0x080063a1   Thumb Code     6  stm32f4xx_it.o(i.TIM8_TRG_COM_TIM14_IRQHandler)
    TIM8_UP_TIM13_IRQHandler                 0x080063ad   Thumb Code     6  stm32f4xx_it.o(i.TIM8_UP_TIM13_IRQHandler)
    TIM_Base_SetConfig                       0x080063b9   Thumb Code   148  stm32f4xx_hal_tim.o(i.TIM_Base_SetConfig)
    TIM_CCxChannelCmd                        0x08006479   Thumb Code    22  stm32f4xx_hal_tim.o(i.TIM_CCxChannelCmd)
    TIM_OC2_SetConfig                        0x0800650d   Thumb Code    90  stm32f4xx_hal_tim.o(i.TIM_OC2_SetConfig)
    TIM_SetTIM2Compare1                      0x08006621   Thumb Code     8  tim.o(i.TIM_SetTIM2Compare1)
    TIM_SetTIM2Compare2                      0x08006629   Thumb Code     8  tim.o(i.TIM_SetTIM2Compare2)
    UART7ConfigEnable                        0x08006679   Thumb Code    70  usart.o(i.UART7ConfigEnable)
    UART7_IRQHandler                         0x080066cd   Thumb Code    42  stm32f4xx_it.o(i.UART7_IRQHandler)
    UART_IdleRxCallback                      0x08006731   Thumb Code    10  bkd_usart.o(i.UART_IdleRxCallback)
    USART1_IRQHandler                        0x08006add   Thumb Code    20  stm32f4xx_it.o(i.USART1_IRQHandler)
    USART2_IRQHandler                        0x08006af5   Thumb Code     6  stm32f4xx_it.o(i.USART2_IRQHandler)
    USART3_IRQHandler                        0x08006b01   Thumb Code     6  stm32f4xx_it.o(i.USART3_IRQHandler)
    USART6_IRQHandler                        0x08006b0d   Thumb Code    22  stm32f4xx_it.o(i.USART6_IRQHandler)
    UsageFault_Handler                       0x08006b2d   Thumb Code     2  stm32f4xx_it.o(i.UsageFault_Handler)
    __ARM_fpclassify                         0x08006b2f   Thumb Code    48  fpclassify.o(i.__ARM_fpclassify)
    __hardfp_cos                             0x08006b61   Thumb Code   180  cos.o(i.__hardfp_cos)
    __hardfp_pow                             0x08006c29   Thumb Code  3072  pow.o(i.__hardfp_pow)
    __hardfp_sin                             0x08007879   Thumb Code   180  sin.o(i.__hardfp_sin)
    __ieee754_rem_pio2                       0x08007941   Thumb Code   938  rred.o(i.__ieee754_rem_pio2)
    __kernel_cos                             0x08007d79   Thumb Code   322  cos_i.o(i.__kernel_cos)
    __kernel_poly                            0x08007ee9   Thumb Code   248  poly.o(i.__kernel_poly)
    __kernel_sin                             0x08007fe1   Thumb Code   280  sin_i.o(i.__kernel_sin)
    __mathlib_dbl_divzero                    0x08008111   Thumb Code    28  dunder.o(i.__mathlib_dbl_divzero)
    __mathlib_dbl_infnan                     0x08008141   Thumb Code    20  dunder.o(i.__mathlib_dbl_infnan)
    __mathlib_dbl_infnan2                    0x08008155   Thumb Code    20  dunder.o(i.__mathlib_dbl_infnan2)
    __mathlib_dbl_invalid                    0x08008169   Thumb Code    24  dunder.o(i.__mathlib_dbl_invalid)
    __mathlib_dbl_overflow                   0x08008189   Thumb Code    24  dunder.o(i.__mathlib_dbl_overflow)
    __mathlib_dbl_underflow                  0x080081a9   Thumb Code    24  dunder.o(i.__mathlib_dbl_underflow)
    __scatterload_copy                       0x080081c9   Thumb Code    14  handlers.o(i.__scatterload_copy)
    __scatterload_null                       0x080081d7   Thumb Code     2  handlers.o(i.__scatterload_null)
    __scatterload_zeroinit                   0x080081d9   Thumb Code    14  handlers.o(i.__scatterload_zeroinit)
    __set_errno                              0x080081e9   Thumb Code     6  errno.o(i.__set_errno)
    abs_limit                                0x080081f5   Thumb Code     2  bkd_pid.o(i.abs_limit)
    data_process1                            0x080081f9   Thumb Code   208  judgement.o(i.data_process1)
    data_process2                            0x080082dd   Thumb Code   258  judgement.o(i.data_process2)
    delay_ms                                 0x080083e5   Thumb Code    26  delay.o(i.delay_ms)
    delay_us                                 0x08008401   Thumb Code    48  delay.o(i.delay_us)
    dma_current_memory_target                0x08008435   Thumb Code    14  judgement.o(i.dma_current_memory_target)
    fabs                                     0x08008443   Thumb Code    24  fabs.o(i.fabs)
    feedmotor                                0x0800845d   Thumb Code   390  bkd_feedmotor.o(i.feedmotor)
    fifo_s_get                               0x08008629   Thumb Code    42  data_fifo.o(i.fifo_s_get)
    fifo_s_init                              0x08008653   Thumb Code    24  data_fifo.o(i.fifo_s_init)
    fifo_s_puts                              0x0800866b   Thumb Code    76  data_fifo.o(i.fifo_s_puts)
    fifo_used_count                          0x080086b7   Thumb Code     4  data_fifo.o(i.fifo_used_count)
    friction_Init                            0x080086bd   Thumb Code    38  bkd_control.o(i.friction_Init)
    get_crc16_check_sum                      0x080086e9   Thumb Code    38  proticol.o(i.get_crc16_check_sum)
    get_crc8_check_sum                       0x08008715   Thumb Code    26  proticol.o(i.get_crc8_check_sum)
    get_dma_memory_msg                       0x08008735   Thumb Code    18  judgement.o(i.get_dma_memory_msg)
    judgement_data_handler                   0x08008749   Thumb Code   164  judgement.o(i.judgement_data_handler)
    keyboard_data_set                        0x080087fd   Thumb Code   102  bkd_remote.o(i.keyboard_data_set)
    main                                     0x0800886d   Thumb Code   176  main.o(i.main)
    sqrt                                     0x08008931   Thumb Code   110  sqrt.o(i.sqrt)
    verify_crc16_check_sum                   0x080089a1   Thumb Code    54  proticol.o(i.verify_crc16_check_sum)
    verify_crc8_check_sum                    0x080089dd   Thumb Code    42  proticol.o(i.verify_crc8_check_sum)
    APBAHBPrescTable                         0x08008a0e   Data          16  stm32f4xx_hal_rcc.o(.constdata)
    CRC8_TAB                                 0x08008a34   Data         256  proticol.o(.constdata)
    wCRC_Table                               0x08008b34   Data         512  proticol.o(.constdata)
    __mathlib_zero                           0x08008df0   Data           8  qnan.o(.constdata)
    Region$$Table$$Base                      0x08008ee8   Number         0  anon$$obj.o(Region$$Table)
    Region$$Table$$Limit                     0x08008f08   Number         0  anon$$obj.o(Region$$Table)
    uwTick                                   0x20000000   Data           4  stm32f4xx_hal.o(.data)
    MPU_id                                   0x20000004   Data           1  test_imu.o(.data)
    gz_cor                                   0x2000000c   Data           4  test_imu.o(.data)
    ax                                       0x20000010   Data           4  test_imu.o(.data)
    ay                                       0x20000014   Data           4  test_imu.o(.data)
    az                                       0x20000018   Data           4  test_imu.o(.data)
    gx                                       0x2000001c   Data           4  test_imu.o(.data)
    gy                                       0x20000020   Data           4  test_imu.o(.data)
    gz                                       0x20000024   Data           4  test_imu.o(.data)
    arrx                                     0x20000028   Data           4  test_imu.o(.data)
    arry                                     0x2000002c   Data           4  test_imu.o(.data)
    arrz                                     0x20000030   Data           4  test_imu.o(.data)
    Error_Date                               0x20000034   Data         160  test_imu.o(.data)
    Error_Date1                              0x200000d4   Data         160  test_imu.o(.data)
    key_x_flag                               0x20000184   Data           1  bkd_remote.o(.data)
    feedspeed_flag                           0x20000185   Data           1  bkd_remote.o(.data)
    feedmotor_flag                           0x20000186   Data           1  bkd_remote.o(.data)
    Small_gyroscope_flag                     0x20000187   Data           1  bkd_remote.o(.data)
    key_w                                    0x20000188   Data           1  bkd_remote.o(.data)
    key_s                                    0x20000189   Data           1  bkd_remote.o(.data)
    key_a                                    0x2000018a   Data           1  bkd_remote.o(.data)
    key_d                                    0x2000018b   Data           1  bkd_remote.o(.data)
    key_shift                                0x2000018c   Data           1  bkd_remote.o(.data)
    key_ctrl                                 0x2000018d   Data           1  bkd_remote.o(.data)
    key_q                                    0x2000018e   Data           1  bkd_remote.o(.data)
    key_e                                    0x2000018f   Data           1  bkd_remote.o(.data)
    key_r                                    0x20000190   Data           1  bkd_remote.o(.data)
    key_f                                    0x20000191   Data           1  bkd_remote.o(.data)
    key_g                                    0x20000192   Data           1  bkd_remote.o(.data)
    key_z                                    0x20000193   Data           1  bkd_remote.o(.data)
    key_x                                    0x20000194   Data           1  bkd_remote.o(.data)
    key_c                                    0x20000195   Data           1  bkd_remote.o(.data)
    key_v                                    0x20000196   Data           1  bkd_remote.o(.data)
    key_b                                    0x20000197   Data           1  bkd_remote.o(.data)
    control_mode                             0x20000198   Data           1  bkd_remote.o(.data)
    speed_shoot                              0x2000019a   Data           2  bkd_remote.o(.data)
    pwm_speed                                0x2000019c   Data           4  bkd_remote.o(.data)
    Shooting_flag                            0x200001a0   Data           4  bkd_remote.o(.data)
    mousex                                   0x200001a4   Data           4  bkd_remote.o(.data)
    mousey                                   0x200001a8   Data           4  bkd_remote.o(.data)
    bullet_motor_flag                        0x200001ac   Data           4  bkd_remote.o(.data)
    shootflag                                0x200001b0   Data           4  bkd_remote.o(.data)
    v_z                                      0x200001b4   Data           4  bkd_remote.o(.data)
    dang                                     0x200001b8   Data           4  bkd_remote.o(.data)
    dangYP                                   0x200001bc   Data           4  bkd_remote.o(.data)
    speed_x                                  0x200001c0   Data           4  bkd_remote.o(.data)
    speed_y                                  0x200001c4   Data           4  bkd_remote.o(.data)
    Keyboard                                 0x200001c8   Data           4  bkd_remote.o(.data)
    shootout                                 0x200001cc   Data           4  bkd_remote.o(.data)
    yaw1                                     0x200001d0   Data           4  bkd_can.o(.data)
    pitch1                                   0x200001d4   Data           4  bkd_can.o(.data)
    shootspeed                               0x200001d8   Data           4  bkd_can.o(.data)
    shootposition1                           0x200001dc   Data           4  bkd_can.o(.data)
    shootposition2                           0x200001e0   Data           4  bkd_can.o(.data)
    Shoot_out                                0x200001e4   Data           2  bkd_feedmotor.o(.data)
    Angle_defense                            0x200001e8   Data           8  bkd_small_gyroscope.o(.data)
    vx_denfense                              0x200001f0   Data           8  bkd_small_gyroscope.o(.data)
    vy_denfense                              0x200001f8   Data           8  bkd_small_gyroscope.o(.data)
    CM4Speed                                 0x20000200   Data           2  bkd_control.o(.data)
    adcx                                     0x20000202   Data           2  bkd_control.o(.data)
    CM1Speed                                 0x20000204   Data           2  bkd_control.o(.data)
    CM2Speed                                 0x20000206   Data           2  bkd_control.o(.data)
    CM3Speed                                 0x20000208   Data           2  bkd_control.o(.data)
    shijian                                  0x20000214   Data           4  bkd_control.o(.data)
    siqu                                     0x20000218   Data           4  bkd_control.o(.data)
    aiming                                   0x2000021c   Data           4  bkd_control.o(.data)
    YAW                                      0x20000220   Data           4  bkd_control.o(.data)
    cur                                      0x20000224   Data           4  bkd_control.o(.data)
    tem_p                                    0x20000228   Data           4  bkd_control.o(.data)
    yawdegree_now                            0x2000022c   Data           4  bkd_control.o(.data)
    vx                                       0x20000230   Data           8  bkd_control.o(.data)
    vy                                       0x20000238   Data           8  bkd_control.o(.data)
    pitchposition                            0x20000240   Data           8  bkd_control.o(.data)
    w0                                       0x20000248   Data           8  bkd_control.o(.data)
    vz                                       0x20000250   Data           8  bkd_control.o(.data)
    yawposition1                             0x20000258   Data           8  bkd_control.o(.data)
    Auto_Aim_Vx                              0x20000260   Data           4  bkd_control.o(.data)
    Auto_Aim_Vy                              0x20000264   Data           4  bkd_control.o(.data)
    Auto_Aim_Flag_P                          0x20000268   Data           1  bkd_control.o(.data)
    Auto_Aim_Flag_Y                          0x20000269   Data           1  bkd_control.o(.data)
    yawposition                              0x20000270   Data           8  bkd_control.o(.data)
    Cloud_Init_Flag                          0x20000278   Data           4  bkd_autoaiming.o(.data)
    buchang                                  0x2000027c   Data           4  bkd_autoaiming.o(.data)
    buchangxxx                               0x20000280   Data           4  bkd_autoaiming.o(.data)
    yaw_degree                               0x20000288   Data           8  bkd_autoaiming.o(.data)
    dx                                       0x20000290   Data           2  bkd_usart.o(.data)
    dy                                       0x20000292   Data           2  bkd_usart.o(.data)
    rdata                                    0x20000294   Data           8  bkd_usart.o(.data)
    Uart7DMAMemoryBaseAddress0               0x2000029c   Data           4  usart.o(.data)
    Uart7DMAMemoryBaseAddress1               0x200002a0   Data           4  usart.o(.data)
    Uart7DMABufferSize                       0x200002a4   Data           4  usart.o(.data)
    IMU_count_flag                           0x200002a8   Data           1  tim.o(.data)
    dt                                       0x200002ac   Data           4  tim.o(.data)
    Auto_Aim_flag                            0x200002b0   Data           1  tim.o(.data)
    Rotational_number                        0x200002b8   Data           1  heat.o(.data)
    rote_flag                                0x200002b9   Data           1  heat.o(.data)
    energy                                   0x200002bc   Data           4  heat.o(.data)
    rank                                     0x200002c0   Data           4  heat.o(.data)
    maxenergy                                0x200002c4   Data          12  heat.o(.data)
    bloodstage                               0x200002d0   Data           1  judgement.o(.data)
    current_memory_id                        0x200002d1   Data           1  judgement.o(.data)
    byte1                                    0x200002d2   Data           1  judgement.o(.data)
    tmp_len                                  0x200002d4   Data           2  judgement.o(.data)
    index1                                   0x200002d6   Data           2  judgement.o(.data)
    dma_write_len                            0x200002d8   Data           4  judgement.o(.data)
    fifo_overflow                            0x200002dc   Data           4  judgement.o(.data)
    hurt_id                                  0x200002e0   Data           4  judgement.o(.data)
    CRC_INIT                                 0x200002e4   Data           2  proticol.o(.data)
    SystemCoreClock                          0x200002e8   Data           4  system_stm32f4xx.o(.data)
    imu_data                                 0x200002f0   Data          20  test_imu.o(.bss)
    FLOAT_date                               0x20000304   Data          36  test_imu.o(.bss)
    imu_data_offest                          0x20000328   Data          20  test_imu.o(.bss)
    MPU6050_FIFO                             0x2000033c   Data         132  test_imu.o(.bss)
    IST                                      0x200003c0   Data         132  test_imu.o(.bss)
    MagMaxMinData                            0x20000444   Data          12  test_imu.o(.bss)
    Gimbal                                   0x20000450   Data          16  test_imu.o(.bss)
    CM1_Feedback                             0x20000460   Data          32  bkd_can.o(.bss)
    CM2_Feedback                             0x20000480   Data          32  bkd_can.o(.bss)
    CM3_Feedback                             0x200004a0   Data          32  bkd_can.o(.bss)
    CM4_Feedback                             0x200004c0   Data          32  bkd_can.o(.bss)
    CM5_Feedback                             0x200004e0   Data          32  bkd_can.o(.bss)
    CM6_Feedback                             0x20000500   Data          32  bkd_can.o(.bss)
    Yaw_position_Feedback                    0x20000520   Data          32  bkd_can.o(.bss)
    Pitch_position_Feedback                  0x20000540   Data          32  bkd_can.o(.bss)
    Shoot_speed_Feedback                     0x20000560   Data          32  bkd_can.o(.bss)
    Shoot_position_Feedback                  0x20000580   Data          32  bkd_can.o(.bss)
    CM1_speed_pid                            0x200005a0   Data         160  bkd_pid.o(.bss)
    CM2_speed_pid                            0x20000640   Data         160  bkd_pid.o(.bss)
    CM3_speed_pid                            0x200006e0   Data         160  bkd_pid.o(.bss)
    CM4_speed_pid                            0x20000780   Data         160  bkd_pid.o(.bss)
    CM5_speed_pid                            0x20000820   Data         160  bkd_pid.o(.bss)
    CM6_speed_pid                            0x200008c0   Data         160  bkd_pid.o(.bss)
    Yaw_speed_pid                            0x20000960   Data         160  bkd_pid.o(.bss)
    Yaw_position_pid                         0x20000a00   Data         160  bkd_pid.o(.bss)
    Yaw_Auto_Aim_pid                         0x20000aa0   Data         160  bkd_pid.o(.bss)
    Pitch_speed_pid                          0x20000b40   Data         160  bkd_pid.o(.bss)
    Pitch_position_pid                       0x20000be0   Data         160  bkd_pid.o(.bss)
    Pitch_Auto_Aim_pid                       0x20000c80   Data         160  bkd_pid.o(.bss)
    Shoot_speed_pid                          0x20000d20   Data         160  bkd_pid.o(.bss)
    Shoot_position_pid                       0x20000dc0   Data         160  bkd_pid.o(.bss)
    CM1_current_pid                          0x20000e60   Data         160  bkd_pid.o(.bss)
    CM2_current_pid                          0x20000f00   Data         160  bkd_pid.o(.bss)
    CM3_current_pid                          0x20000fa0   Data         160  bkd_pid.o(.bss)
    CM4_current_pid                          0x20001040   Data         160  bkd_pid.o(.bss)
    Gyro_normal_pid                          0x200010e0   Data         160  bkd_pid.o(.bss)
    vision                                   0x20001180   Data          16  bkd_usart.o(.bss)
    tRC_Data                                 0x20001190   Data          56  bkd_usart.o(.bss)
    arrRC_Buf                                0x200011c8   Data         100  bkd_usart.o(.bss)
    RxBuf0                                   0x2000122c   Data        1024  usart.o(.bss)
    RxBuf1                                   0x2000162c   Data        1024  usart.o(.bss)
    huart1                                   0x20001a2c   Data          64  usart.o(.bss)
    huart2                                   0x20001a6c   Data          64  usart.o(.bss)
    huart3                                   0x20001aac   Data          64  usart.o(.bss)
    huart6                                   0x20001aec   Data          64  usart.o(.bss)
    huart7                                   0x20001b2c   Data          64  usart.o(.bss)
    hdma_uart7_rx                            0x20001b6c   Data          96  usart.o(.bss)
    hdma_usart1_rx                           0x20001bcc   Data          96  usart.o(.bss)
    hcan1                                    0x20001c2c   Data          64  can.o(.bss)
    hcan2                                    0x20001c6c   Data          64  can.o(.bss)
    Tx1Message                               0x20001cac   Data          28  can.o(.bss)
    Rx1Message                               0x20001cc8   Data          36  can.o(.bss)
    Tx2Message                               0x20001cec   Data          28  can.o(.bss)
    Rx2Message                               0x20001d08   Data          36  can.o(.bss)
    hspi5                                    0x20001d2c   Data          88  spi.o(.bss)
    hdma_spi5_rx                             0x20001d84   Data          96  spi.o(.bss)
    hdma_spi5_tx                             0x20001de4   Data          96  spi.o(.bss)
    htim2                                    0x20001e44   Data          60  tim.o(.bss)
    htim3                                    0x20001e80   Data          60  tim.o(.bss)
    htim6                                    0x20001ebc   Data          60  tim.o(.bss)
    htim8                                    0x20001ef8   Data          60  tim.o(.bss)
    ADC1_Handler                             0x20001f34   Data          72  adc.o(.bss)
    judge_unpack_obj                         0x20001f7c   Data         216  judgement.o(.bss)
    judge_rece_mesg                          0x20002054   Data          72  judgement.o(.bss)
    judge_rx_obj                             0x2000209c   Data          24  judgement.o(.bss)
    judge_rxdata_fifo                        0x200020b4   Data          24  judgement.o(.bss)
    judge_rxdata_fifo_buffer                 0x200020cc   Data         500  judgement.o(.bss)
    __initial_sp                             0x200026c0   Data           0  startup_stm32f427xx.o(STACK)



==============================================================================

Memory Map of the image

  Image Entry point : 0x080001ad

  Load Region LR_IROM1 (Base: 0x08000000, Size: 0x000091f8, Max: 0x00200000, ABSOLUTE, COMPRESSED[0x0000907c])

    Execution Region ER_IROM1 (Exec base: 0x08000000, Load base: 0x08000000, Size: 0x00008f08, Max: 0x00200000, ABSOLUTE)

    Exec Addr    Load Addr    Size         Type   Attr      Idx    E Section Name        Object

    0x08000000   0x08000000   0x000001ac   Data   RO         4732    RESET               startup_stm32f427xx.o
    0x080001ac   0x080001ac   0x00000000   Code   RO         4812  * .ARM.Collect$$$$00000000  mc_w.l(entry.o)
    0x080001ac   0x080001ac   0x00000004   Code   RO         4920    .ARM.Collect$$$$00000001  mc_w.l(entry2.o)
    0x080001b0   0x080001b0   0x00000004   Code   RO         4923    .ARM.Collect$$$$00000004  mc_w.l(entry5.o)
    0x080001b4   0x080001b4   0x00000000   Code   RO         4925    .ARM.Collect$$$$00000008  mc_w.l(entry7b.o)
    0x080001b4   0x080001b4   0x00000000   Code   RO         4927    .ARM.Collect$$$$0000000A  mc_w.l(entry8b.o)
    0x080001b4   0x080001b4   0x00000008   Code   RO         4928    .ARM.Collect$$$$0000000B  mc_w.l(entry9a.o)
    0x080001bc   0x080001bc   0x00000004   Code   RO         4935    .ARM.Collect$$$$0000000E  mc_w.l(entry12b.o)
    0x080001c0   0x080001c0   0x00000000   Code   RO         4930    .ARM.Collect$$$$0000000F  mc_w.l(entry10a.o)
    0x080001c0   0x080001c0   0x00000000   Code   RO         4932    .ARM.Collect$$$$00000011  mc_w.l(entry11a.o)
    0x080001c0   0x080001c0   0x00000004   Code   RO         4921    .ARM.Collect$$$$00002712  mc_w.l(entry2.o)
    0x080001c4   0x080001c4   0x00000024   Code   RO         4733    .text               startup_stm32f427xx.o
    0x080001e8   0x080001e8   0x00000024   Code   RO         4815    .text               mc_w.l(memcpya.o)
    0x0800020c   0x0800020c   0x0000014e   Code   RO         4847    .text               mf_w.l(dadd.o)
    0x0800035a   0x0800035a   0x000000e4   Code   RO         4849    .text               mf_w.l(dmul.o)
    0x0800043e   0x0800043e   0x000000de   Code   RO         4851    .text               mf_w.l(ddiv.o)
    0x0800051c   0x0800051c   0x00000022   Code   RO         4855    .text               mf_w.l(dflti.o)
    0x0800053e   0x0800053e   0x0000001a   Code   RO         4857    .text               mf_w.l(dfltui.o)
    0x08000558   0x08000558   0x0000003e   Code   RO         4859    .text               mf_w.l(dfixi.o)
    0x08000596   0x08000596   0x00000026   Code   RO         4861    .text               mf_w.l(f2d.o)
    0x080005bc   0x080005bc   0x00000030   Code   RO         4863    .text               mf_w.l(cdcmple.o)
    0x080005ec   0x080005ec   0x00000030   Code   RO         4865    .text               mf_w.l(cdrcmple.o)
    0x0800061c   0x0800061c   0x00000038   Code   RO         4867    .text               mf_w.l(d2f.o)
    0x08000654   0x08000654   0x0000001e   Code   RO         4936    .text               mc_w.l(llshl.o)
    0x08000672   0x08000672   0x00000020   Code   RO         4938    .text               mc_w.l(llushr.o)
    0x08000692   0x08000692   0x00000024   Code   RO         4940    .text               mc_w.l(llsshr.o)
    0x080006b6   0x080006b6   0x00000000   Code   RO         4951    .text               mc_w.l(iusefp.o)
    0x080006b6   0x080006b6   0x0000006e   Code   RO         4952    .text               mf_w.l(fepilogue.o)
    0x08000724   0x08000724   0x000000ba   Code   RO         4954    .text               mf_w.l(depilogue.o)
    0x080007de   0x080007de   0x0000002e   Code   RO         4956    .text               mf_w.l(dscalb.o)
    0x0800080c   0x0800080c   0x00000024   Code   RO         4958    .text               mc_w.l(init.o)
    0x08000830   0x08000830   0x000000a2   Code   RO         4960    .text               mf_w.l(dsqrt.o)
    0x080008d2   0x080008d2   0x0000003a   Code   RO         4970    .text               mc_w.l(__dczerorl.o)
    0x0800090c   0x0800090c   0x00000134   Code   RO         2789    i.ADC_Init          stm32f4xx_hal_adc.o
    0x08000a40   0x08000a40   0x00000374   Code   RO         3609    i.Autoaiming        bkd_autoaiming.o
    0x08000db4   0x08000db4   0x00000002   Code   RO         3908    i.BusFault_Handler  stm32f4xx_it.o
    0x08000db6   0x08000db6   0x00000002   PAD
    0x08000db8   0x08000db8   0x0000000c   Code   RO         3909    i.CAN1_RX0_IRQHandler  stm32f4xx_it.o
    0x08000dc4   0x08000dc4   0x0000000c   Code   RO         3910    i.CAN1_TX_IRQHandler  stm32f4xx_it.o
    0x08000dd0   0x08000dd0   0x0000000c   Code   RO         3911    i.CAN2_RX0_IRQHandler  stm32f4xx_it.o
    0x08000ddc   0x08000ddc   0x0000000c   Code   RO         3912    i.CAN2_TX_IRQHandler  stm32f4xx_it.o
    0x08000de8   0x08000de8   0x00000128   Code   RO          357    i.CAN_Receive_IT    stm32f4xx_hal_can.o
    0x08000f10   0x08000f10   0x0000004a   Code   RO         3338    i.CAN_Send_Message  bkd_can.o
    0x08000f5a   0x08000f5a   0x00000060   Code   RO          358    i.CAN_Transmit_IT   stm32f4xx_hal_can.o
    0x08000fba   0x08000fba   0x00000002   PAD
    0x08000fbc   0x08000fbc   0x000002e4   Code   RO         3538    i.CMControlLoop     bkd_control.o
    0x080012a0   0x080012a0   0x00000294   Code   RO         3610    i.Cloud             bkd_autoaiming.o
    0x08001534   0x08001534   0x000000d8   Code   RO         3539    i.CloudParam_ControlLoop  bkd_control.o
    0x0800160c   0x0800160c   0x0000001c   Code   RO         3745    i.ConfigUart7DMA    usart.o
    0x08001628   0x08001628   0x00000060   Code   RO         3540    i.Control_Task      bkd_control.o
    0x08001688   0x08001688   0x0000000c   Code   RO         3913    i.DMA1_Stream3_IRQHandler  stm32f4xx_it.o
    0x08001694   0x08001694   0x0000000c   Code   RO         3914    i.DMA2_Stream2_IRQHandler  stm32f4xx_it.o
    0x080016a0   0x080016a0   0x0000000c   Code   RO         3915    i.DMA2_Stream3_IRQHandler  stm32f4xx_it.o
    0x080016ac   0x080016ac   0x0000000c   Code   RO         3916    i.DMA2_Stream4_IRQHandler  stm32f4xx_it.o
    0x080016b8   0x080016b8   0x00000028   Code   RO         1681    i.DMA_CalcBaseAndBitshift  stm32f4xx_hal_dma.o
    0x080016e0   0x080016e0   0x00000054   Code   RO         1682    i.DMA_CheckFifoParam  stm32f4xx_hal_dma.o
    0x08001734   0x08001734   0x0000001e   Code   RO         2397    i.DMA_MultiBufferSetConfig  stm32f4xx_hal_dma_ex.o
    0x08001752   0x08001752   0x00000028   Code   RO         1683    i.DMA_SetConfig     stm32f4xx_hal_dma.o
    0x0800177a   0x0800177a   0x00000002   Code   RO         3917    i.DebugMon_Handler  stm32f4xx_it.o
    0x0800177c   0x0800177c   0x00000076   Code   RO         3646    i.Dma_Callback_RC_Handle  bkd_usart.o
    0x080017f2   0x080017f2   0x00000002   Code   RO         3703    i.Error_Handler     main.o
    0x080017f4   0x080017f4   0x00000010   Code   RO         3541    i.Fake_Delay        bkd_control.o
    0x08001804   0x08001804   0x00000038   Code   RO         4391    i.Get_Adc           adc.o
    0x0800183c   0x0800183c   0x0000002e   Code   RO         4392    i.Get_Adc_Average   adc.o
    0x0800186a   0x0800186a   0x00000002   PAD
    0x0800186c   0x0800186c   0x00000060   Code   RO         3061    i.Get_Yaw_Angle     test_imu.o
    0x080018cc   0x080018cc   0x00000154   Code   RO         2791    i.HAL_ADC_ConfigChannel  stm32f4xx_hal_adc.o
    0x08001a20   0x08001a20   0x00000006   Code   RO         2798    i.HAL_ADC_GetValue  stm32f4xx_hal_adc.o
    0x08001a26   0x08001a26   0x00000054   Code   RO         2800    i.HAL_ADC_Init      stm32f4xx_hal_adc.o
    0x08001a7a   0x08001a7a   0x00000002   PAD
    0x08001a7c   0x08001a7c   0x0000004c   Code   RO         4393    i.HAL_ADC_MspInit   adc.o
    0x08001ac8   0x08001ac8   0x000000a2   Code   RO         2804    i.HAL_ADC_PollForConversion  stm32f4xx_hal_adc.o
    0x08001b6a   0x08001b6a   0x00000002   PAD
    0x08001b6c   0x08001b6c   0x000000b8   Code   RO         2806    i.HAL_ADC_Start     stm32f4xx_hal_adc.o
    0x08001c24   0x08001c24   0x000000e4   Code   RO          359    i.HAL_CAN_ConfigFilter  stm32f4xx_hal_can.o
    0x08001d08   0x08001d08   0x00000002   Code   RO          361    i.HAL_CAN_ErrorCallback  stm32f4xx_hal_can.o
    0x08001d0a   0x08001d0a   0x00000002   PAD
    0x08001d0c   0x08001d0c   0x00000180   Code   RO          364    i.HAL_CAN_IRQHandler  stm32f4xx_hal_can.o
    0x08001e8c   0x08001e8c   0x00000148   Code   RO          365    i.HAL_CAN_Init      stm32f4xx_hal_can.o
    0x08001fd4   0x08001fd4   0x000000bc   Code   RO         3861    i.HAL_CAN_MspInit   can.o
    0x08002090   0x08002090   0x00000118   Code   RO         3339    i.HAL_CAN_RxCpltCallback  bkd_can.o
    0x080021a8   0x080021a8   0x000001a8   Code   RO          372    i.HAL_CAN_Transmit  stm32f4xx_hal_can.o
    0x08002350   0x08002350   0x00000002   Code   RO          374    i.HAL_CAN_TxCpltCallback  stm32f4xx_hal_can.o
    0x08002352   0x08002352   0x00000064   Code   RO         2399    i.HAL_DMAEx_MultiBufferStart  stm32f4xx_hal_dma_ex.o
    0x080023b6   0x080023b6   0x00000024   Code   RO         1685    i.HAL_DMA_Abort_IT  stm32f4xx_hal_dma.o
    0x080023da   0x080023da   0x00000002   PAD
    0x080023dc   0x080023dc   0x000001a8   Code   RO         1689    i.HAL_DMA_IRQHandler  stm32f4xx_hal_dma.o
    0x08002584   0x08002584   0x000000d0   Code   RO         1690    i.HAL_DMA_Init      stm32f4xx_hal_dma.o
    0x08002654   0x08002654   0x00000046   Code   RO         1693    i.HAL_DMA_Start     stm32f4xx_hal_dma.o
    0x0800269a   0x0800269a   0x00000016   Code   RO         2634    i.HAL_Delay         stm32f4xx_hal.o
    0x080026b0   0x080026b0   0x000001cc   Code   RO         2564    i.HAL_GPIO_Init     stm32f4xx_hal_gpio.o
    0x0800287c   0x0800287c   0x0000000a   Code   RO         2568    i.HAL_GPIO_WritePin  stm32f4xx_hal_gpio.o
    0x08002886   0x08002886   0x00000002   PAD
    0x08002888   0x08002888   0x0000000c   Code   RO         2642    i.HAL_GetTick       stm32f4xx_hal.o
    0x08002894   0x08002894   0x00000010   Code   RO         2643    i.HAL_IncTick       stm32f4xx_hal.o
    0x080028a4   0x080028a4   0x00000034   Code   RO         2644    i.HAL_Init          stm32f4xx_hal.o
    0x080028d8   0x080028d8   0x00000028   Code   RO         2645    i.HAL_InitTick      stm32f4xx_hal.o
    0x08002900   0x08002900   0x00000058   Code   RO         3836    i.HAL_MspInit       stm32f4xx_hal_msp.o
    0x08002958   0x08002958   0x00000016   Code   RO         2277    i.HAL_NVIC_EnableIRQ  stm32f4xx_hal_cortex.o
    0x0800296e   0x0800296e   0x00000002   PAD
    0x08002970   0x08002970   0x00000040   Code   RO         2283    i.HAL_NVIC_SetPriority  stm32f4xx_hal_cortex.o
    0x080029b0   0x080029b0   0x00000024   Code   RO         2284    i.HAL_NVIC_SetPriorityGrouping  stm32f4xx_hal_cortex.o
    0x080029d4   0x080029d4   0x0000008c   Code   RO          870    i.HAL_PWREx_EnableOverDrive  stm32f4xx_hal_pwr_ex.o
    0x08002a60   0x08002a60   0x0000017c   Code   RO         2439    i.HAL_RCC_ClockConfig  stm32f4xx_hal_rcc.o
    0x08002bdc   0x08002bdc   0x0000000c   Code   RO         2444    i.HAL_RCC_GetHCLKFreq  stm32f4xx_hal_rcc.o
    0x08002be8   0x08002be8   0x00000030   Code   RO         2446    i.HAL_RCC_GetPCLK1Freq  stm32f4xx_hal_rcc.o
    0x08002c18   0x08002c18   0x00000030   Code   RO         2447    i.HAL_RCC_GetPCLK2Freq  stm32f4xx_hal_rcc.o
    0x08002c48   0x08002c48   0x00000074   Code   RO         2448    i.HAL_RCC_GetSysClockFreq  stm32f4xx_hal_rcc.o
    0x08002cbc   0x08002cbc   0x000002e4   Code   RO         2451    i.HAL_RCC_OscConfig  stm32f4xx_hal_rcc.o
    0x08002fa0   0x08002fa0   0x00000002   Code   RO         1889    i.HAL_SPI_ErrorCallback  stm32f4xx_hal_spi.o
    0x08002fa2   0x08002fa2   0x00000002   PAD
    0x08002fa4   0x08002fa4   0x000000d4   Code   RO         1892    i.HAL_SPI_IRQHandler  stm32f4xx_hal_spi.o
    0x08003078   0x08003078   0x00000080   Code   RO         1893    i.HAL_SPI_Init      stm32f4xx_hal_spi.o
    0x080030f8   0x080030f8   0x0000004c   Code   RO         4114    i.HAL_SPI_MspInit   spi.o
    0x08003144   0x08003144   0x000001d8   Code   RO         1902    i.HAL_SPI_TransmitReceive  stm32f4xx_hal_spi.o
    0x0800331c   0x0800331c   0x00000018   Code   RO         2286    i.HAL_SYSTICK_CLKSourceConfig  stm32f4xx_hal_cortex.o
    0x08003334   0x08003334   0x00000002   Code   RO         2287    i.HAL_SYSTICK_Callback  stm32f4xx_hal_cortex.o
    0x08003336   0x08003336   0x00000028   Code   RO         2288    i.HAL_SYSTICK_Config  stm32f4xx_hal_cortex.o
    0x0800335e   0x0800335e   0x00000008   Code   RO         2289    i.HAL_SYSTICK_IRQHandler  stm32f4xx_hal_cortex.o
    0x08003366   0x08003366   0x00000002   Code   RO            4    i.HAL_TIMEx_BreakCallback  stm32f4xx_hal_tim_ex.o
    0x08003368   0x08003368   0x00000002   Code   RO            5    i.HAL_TIMEx_CommutationCallback  stm32f4xx_hal_tim_ex.o
    0x0800336a   0x0800336a   0x00000042   Code   RO            6    i.HAL_TIMEx_ConfigBreakDeadTime  stm32f4xx_hal_tim_ex.o
    0x080033ac   0x080033ac   0x00000050   Code   RO           21    i.HAL_TIMEx_MasterConfigSynchronization  stm32f4xx_hal_tim_ex.o
    0x080033fc   0x080033fc   0x00000036   Code   RO         1052    i.HAL_TIM_Base_Init  stm32f4xx_hal_tim.o
    0x08003432   0x08003432   0x00000002   PAD
    0x08003434   0x08003434   0x000000f0   Code   RO         4158    i.HAL_TIM_Base_MspInit  tim.o
    0x08003524   0x08003524   0x00000018   Code   RO         1057    i.HAL_TIM_Base_Start_IT  stm32f4xx_hal_tim.o
    0x0800353c   0x0800353c   0x000000f2   Code   RO         1061    i.HAL_TIM_ConfigClockSource  stm32f4xx_hal_tim.o
    0x0800362e   0x0800362e   0x00000002   Code   RO         1081    i.HAL_TIM_IC_CaptureCallback  stm32f4xx_hal_tim.o
    0x08003630   0x08003630   0x00000166   Code   RO         1094    i.HAL_TIM_IRQHandler  stm32f4xx_hal_tim.o
    0x08003796   0x08003796   0x00000002   PAD
    0x08003798   0x08003798   0x00000094   Code   RO         4159    i.HAL_TIM_MspPostInit  tim.o
    0x0800382c   0x0800382c   0x00000002   Code   RO         1097    i.HAL_TIM_OC_DelayElapsedCallback  stm32f4xx_hal_tim.o
    0x0800382e   0x0800382e   0x000000d0   Code   RO         1118    i.HAL_TIM_PWM_ConfigChannel  stm32f4xx_hal_tim.o
    0x080038fe   0x080038fe   0x00000036   Code   RO         1121    i.HAL_TIM_PWM_Init  stm32f4xx_hal_tim.o
    0x08003934   0x08003934   0x00000002   Code   RO         1123    i.HAL_TIM_PWM_MspInit  stm32f4xx_hal_tim.o
    0x08003936   0x08003936   0x00000002   Code   RO         1124    i.HAL_TIM_PWM_PulseFinishedCallback  stm32f4xx_hal_tim.o
    0x08003938   0x08003938   0x00000038   Code   RO         1125    i.HAL_TIM_PWM_Start  stm32f4xx_hal_tim.o
    0x08003970   0x08003970   0x000000b4   Code   RO         4160    i.HAL_TIM_PeriodElapsedCallback  tim.o
    0x08003a24   0x08003a24   0x00000002   Code   RO         1135    i.HAL_TIM_TriggerCallback  stm32f4xx_hal_tim.o
    0x08003a26   0x08003a26   0x00000002   Code   RO          617    i.HAL_UART_ErrorCallback  stm32f4xx_hal_uart.o
    0x08003a28   0x08003a28   0x0000010c   Code   RO          620    i.HAL_UART_IRQHandler  stm32f4xx_hal_uart.o
    0x08003b34   0x08003b34   0x00000062   Code   RO          621    i.HAL_UART_Init     stm32f4xx_hal_uart.o
    0x08003b96   0x08003b96   0x00000002   PAD
    0x08003b98   0x08003b98   0x000001c4   Code   RO         3747    i.HAL_UART_MspInit  usart.o
    0x08003d5c   0x08003d5c   0x00000052   Code   RO          626    i.HAL_UART_Receive_IT  stm32f4xx_hal_uart.o
    0x08003dae   0x08003dae   0x00000002   PAD
    0x08003db0   0x08003db0   0x000000a0   Code   RO         3647    i.HAL_UART_RxCpltCallback  bkd_usart.o
    0x08003e50   0x08003e50   0x00000002   Code   RO          632    i.HAL_UART_TxCpltCallback  stm32f4xx_hal_uart.o
    0x08003e52   0x08003e52   0x00000002   Code   RO         3918    i.HardFault_Handler  stm32f4xx_it.o
    0x08003e54   0x08003e54   0x000001b0   Code   RO         3062    i.IMU_Get_Data      test_imu.o
    0x08004004   0x08004004   0x000000f2   Code   RO         3064    i.IST8310_Init      test_imu.o
    0x080040f6   0x080040f6   0x00000038   Code   RO         3065    i.IST_Reg_Read_By_MPU  test_imu.o
    0x0800412e   0x0800412e   0x00000042   Code   RO         3066    i.IST_Reg_Write_By_MPU  test_imu.o
    0x08004170   0x08004170   0x00000054   Code   RO         4610    i.Judge_uart_init   judgement.o
    0x080041c4   0x080041c4   0x00000068   Code   RO          634    i.Junru_UART_Receive_DMA  stm32f4xx_hal_uart.o
    0x0800422c   0x0800422c   0x00000014   Code   RO         3648    i.Junru_UART_Receive_IT  bkd_usart.o
    0x08004240   0x08004240   0x000000dc   Code   RO         3649    i.Junru_UsartIdleHanlder  bkd_usart.o
    0x0800431c   0x0800431c   0x0000011c   Code   RO         3067    i.MPU6050_DataSave  test_imu.o
    0x08004438   0x08004438   0x00000050   Code   RO         3068    i.MPU6500_Init      test_imu.o
    0x08004488   0x08004488   0x00000050   Code   RO         3069    i.MPU6500_Read_Reg  test_imu.o
    0x080044d8   0x080044d8   0x00000060   Code   RO         3070    i.MPU6500_Read_Regs  test_imu.o
    0x08004538   0x08004538   0x00000054   Code   RO         3073    i.MPU6500_Write_Reg  test_imu.o
    0x0800458c   0x0800458c   0x0000008e   Code   RO         3074    i.MPU_Auto_Read_IST_config  test_imu.o
    0x0800461a   0x0800461a   0x00000002   PAD
    0x0800461c   0x0800461c   0x00000080   Code   RO         3862    i.MX_CAN1_Init      can.o
    0x0800469c   0x0800469c   0x00000080   Code   RO         3863    i.MX_CAN2_Init      can.o
    0x0800471c   0x0800471c   0x0000005c   Code   RO         4269    i.MX_DMA_Init       dma.o
    0x08004778   0x08004778   0x000002e0   Code   RO         4329    i.MX_GPIO_Init      gpio.o
    0x08004a58   0x08004a58   0x00000048   Code   RO         4115    i.MX_SPI5_Init      spi.o
    0x08004aa0   0x08004aa0   0x000000dc   Code   RO         4161    i.MX_TIM2_Init      tim.o
    0x08004b7c   0x08004b7c   0x00000044   Code   RO         4163    i.MX_TIM6_Init      tim.o
    0x08004bc0   0x08004bc0   0x00000028   Code   RO         3748    i.MX_UART7_Init     usart.o
    0x08004be8   0x08004be8   0x00000040   Code   RO         3749    i.MX_USART1_UART_Init  usart.o
    0x08004c28   0x08004c28   0x00000038   Code   RO         3752    i.MX_USART6_UART_Init  usart.o
    0x08004c60   0x08004c60   0x00000038   Code   RO         4394    i.MY_ADC_Init       adc.o
    0x08004c98   0x08004c98   0x00000002   Code   RO         3919    i.MemManage_Handler  stm32f4xx_it.o
    0x08004c9a   0x08004c9a   0x00000002   Code   RO         3920    i.NMI_Handler       stm32f4xx_it.o
    0x08004c9c   0x08004c9c   0x00000020   Code   RO         2290    i.NVIC_SetPriority  stm32f4xx_hal_cortex.o
    0x08004cbc   0x08004cbc   0x000002d4   Code   RO         3249    i.PC_control        bkd_remote.o
    0x08004f90   0x08004f90   0x00000248   Code   RO         3402    i.PID_Calc1         bkd_pid.o
    0x080051d8   0x080051d8   0x00000138   Code   RO         3403    i.PID_Calc_Position  bkd_pid.o
    0x08005310   0x08005310   0x00000028   Code   RO         3405    i.PID_Init          bkd_pid.o
    0x08005338   0x08005338   0x00000658   Code   RO         3406    i.PID_SET_Init      bkd_pid.o
    0x08005990   0x08005990   0x00000080   Code   RO         3250    i.Parking           bkd_remote.o
    0x08005a10   0x08005a10   0x00000002   Code   RO         3921    i.PendSV_Handler    stm32f4xx_it.o
    0x08005a12   0x08005a12   0x0000001c   Code   RO         3340    i.Position_Data_deal  bkd_can.o
    0x08005a2e   0x08005a2e   0x00000002   PAD
    0x08005a30   0x08005a30   0x00000094   Code   RO         3341    i.Position_Round_Data_deal  bkd_can.o
    0x08005ac4   0x08005ac4   0x000002ec   Code   RO         3251    i.RC_control        bkd_remote.o
    0x08005db0   0x08005db0   0x00000030   Code   RO         3252    i.Remote_Task       bkd_remote.o
    0x08005de0   0x08005de0   0x0000000c   Code   RO         3922    i.SPI5_IRQHandler   stm32f4xx_it.o
    0x08005dec   0x08005dec   0x00000020   Code   RO         1915    i.SPI_CheckFlag_BSY  stm32f4xx_hal_spi.o
    0x08005e0c   0x08005e0c   0x00000010   Code   RO         1919    i.SPI_DMAAbortOnError  stm32f4xx_hal_spi.o
    0x08005e1c   0x08005e1c   0x00000096   Code   RO         1931    i.SPI_WaitFlagStateUntilTimeout  stm32f4xx_hal_spi.o
    0x08005eb2   0x08005eb2   0x00000002   Code   RO         3923    i.SVC_Handler       stm32f4xx_it.o
    0x08005eb4   0x08005eb4   0x0000001c   Code   RO         3342    i.Shooting_Speed_Data_deal  bkd_can.o
    0x08005ed0   0x08005ed0   0x000000a4   Code   RO         4575    i.Shooting_rotate   heat.o
    0x08005f74   0x08005f74   0x000002d4   Code   RO         3507    i.Small_gyroscope   bkd_small_gyroscope.o
    0x08006248   0x08006248   0x0000001c   Code   RO         3343    i.Speed_Data_deal   bkd_can.o
    0x08006264   0x08006264   0x0000000e   Code   RO         3924    i.SysTick_Handler   stm32f4xx_it.o
    0x08006272   0x08006272   0x00000002   PAD
    0x08006274   0x08006274   0x000000a8   Code   RO         3704    i.SystemClock_Config  main.o
    0x0800631c   0x0800631c   0x00000054   Code   RO         4741    i.SystemInit        system_stm32f4xx.o
    0x08006370   0x08006370   0x0000000c   Code   RO         3925    i.TIM2_IRQHandler   stm32f4xx_it.o
    0x0800637c   0x0800637c   0x0000000c   Code   RO         3927    i.TIM6_DAC_IRQHandler  stm32f4xx_it.o
    0x08006388   0x08006388   0x0000000c   Code   RO         3928    i.TIM8_BRK_TIM12_IRQHandler  stm32f4xx_it.o
    0x08006394   0x08006394   0x0000000c   Code   RO         3929    i.TIM8_CC_IRQHandler  stm32f4xx_it.o
    0x080063a0   0x080063a0   0x0000000c   Code   RO         3930    i.TIM8_TRG_COM_TIM14_IRQHandler  stm32f4xx_it.o
    0x080063ac   0x080063ac   0x0000000c   Code   RO         3931    i.TIM8_UP_TIM13_IRQHandler  stm32f4xx_it.o
    0x080063b8   0x080063b8   0x000000c0   Code   RO         1136    i.TIM_Base_SetConfig  stm32f4xx_hal_tim.o
    0x08006478   0x08006478   0x00000016   Code   RO         1137    i.TIM_CCxChannelCmd  stm32f4xx_hal_tim.o
    0x0800648e   0x0800648e   0x00000014   Code   RO         1143    i.TIM_ETR_SetConfig  stm32f4xx_hal_tim.o
    0x080064a2   0x080064a2   0x00000010   Code   RO         1144    i.TIM_ITRx_SetConfig  stm32f4xx_hal_tim.o
    0x080064b2   0x080064b2   0x00000002   PAD
    0x080064b4   0x080064b4   0x00000058   Code   RO         1145    i.TIM_OC1_SetConfig  stm32f4xx_hal_tim.o
    0x0800650c   0x0800650c   0x00000064   Code   RO         1146    i.TIM_OC2_SetConfig  stm32f4xx_hal_tim.o
    0x08006570   0x08006570   0x00000060   Code   RO         1147    i.TIM_OC3_SetConfig  stm32f4xx_hal_tim.o
    0x080065d0   0x080065d0   0x00000050   Code   RO         1148    i.TIM_OC4_SetConfig  stm32f4xx_hal_tim.o
    0x08006620   0x08006620   0x00000008   Code   RO         4167    i.TIM_SetTIM2Compare1  tim.o
    0x08006628   0x08006628   0x00000008   Code   RO         4168    i.TIM_SetTIM2Compare2  tim.o
    0x08006630   0x08006630   0x00000022   Code   RO         1150    i.TIM_TI1_ConfigInputStage  stm32f4xx_hal_tim.o
    0x08006652   0x08006652   0x00000024   Code   RO         1152    i.TIM_TI2_ConfigInputStage  stm32f4xx_hal_tim.o
    0x08006676   0x08006676   0x00000002   PAD
    0x08006678   0x08006678   0x00000054   Code   RO         3753    i.UART7ConfigEnable  usart.o
    0x080066cc   0x080066cc   0x00000038   Code   RO         3932    i.UART7_IRQHandler  stm32f4xx_it.o
    0x08006704   0x08006704   0x00000010   Code   RO          635    i.UART_DMAAbortOnError  stm32f4xx_hal_uart.o
    0x08006714   0x08006714   0x0000001c   Code   RO          641    i.UART_EndRxTransfer  stm32f4xx_hal_uart.o
    0x08006730   0x08006730   0x00000010   Code   RO         3650    i.UART_IdleRxCallback  bkd_usart.o
    0x08006740   0x08006740   0x0000008c   Code   RO          643    i.UART_Receive_IT   stm32f4xx_hal_uart.o
    0x080067cc   0x080067cc   0x000002ac   Code   RO          644    i.UART_SetConfig    stm32f4xx_hal_uart.o
    0x08006a78   0x08006a78   0x00000062   Code   RO          645    i.UART_Transmit_IT  stm32f4xx_hal_uart.o
    0x08006ada   0x08006ada   0x00000002   PAD
    0x08006adc   0x08006adc   0x00000018   Code   RO         3933    i.USART1_IRQHandler  stm32f4xx_it.o
    0x08006af4   0x08006af4   0x0000000c   Code   RO         3934    i.USART2_IRQHandler  stm32f4xx_it.o
    0x08006b00   0x08006b00   0x0000000c   Code   RO         3935    i.USART3_IRQHandler  stm32f4xx_it.o
    0x08006b0c   0x08006b0c   0x00000020   Code   RO         3936    i.USART6_IRQHandler  stm32f4xx_it.o
    0x08006b2c   0x08006b2c   0x00000002   Code   RO         3937    i.UsageFault_Handler  stm32f4xx_it.o
    0x08006b2e   0x08006b2e   0x00000030   Code   RO         4892    i.__ARM_fpclassify  m_wm.l(fpclassify.o)
    0x08006b5e   0x08006b5e   0x00000002   PAD
    0x08006b60   0x08006b60   0x000000c8   Code   RO         4774    i.__hardfp_cos      m_wm.l(cos.o)
    0x08006c28   0x08006c28   0x00000c50   Code   RO         4786    i.__hardfp_pow      m_wm.l(pow.o)
    0x08007878   0x08007878   0x000000c8   Code   RO         4800    i.__hardfp_sin      m_wm.l(sin.o)
    0x08007940   0x08007940   0x00000438   Code   RO         4897    i.__ieee754_rem_pio2  m_wm.l(rred.o)
    0x08007d78   0x08007d78   0x00000170   Code   RO         4869    i.__kernel_cos      m_wm.l(cos_i.o)
    0x08007ee8   0x08007ee8   0x000000f8   Code   RO         4894    i.__kernel_poly     m_wm.l(poly.o)
    0x08007fe0   0x08007fe0   0x00000130   Code   RO         4902    i.__kernel_sin      m_wm.l(sin_i.o)
    0x08008110   0x08008110   0x00000030   Code   RO         4872    i.__mathlib_dbl_divzero  m_wm.l(dunder.o)
    0x08008140   0x08008140   0x00000014   Code   RO         4873    i.__mathlib_dbl_infnan  m_wm.l(dunder.o)
    0x08008154   0x08008154   0x00000014   Code   RO         4874    i.__mathlib_dbl_infnan2  m_wm.l(dunder.o)
    0x08008168   0x08008168   0x00000020   Code   RO         4875    i.__mathlib_dbl_invalid  m_wm.l(dunder.o)
    0x08008188   0x08008188   0x00000020   Code   RO         4876    i.__mathlib_dbl_overflow  m_wm.l(dunder.o)
    0x080081a8   0x080081a8   0x00000020   Code   RO         4878    i.__mathlib_dbl_underflow  m_wm.l(dunder.o)
    0x080081c8   0x080081c8   0x0000000e   Code   RO         4964    i.__scatterload_copy  mc_w.l(handlers.o)
    0x080081d6   0x080081d6   0x00000002   Code   RO         4965    i.__scatterload_null  mc_w.l(handlers.o)
    0x080081d8   0x080081d8   0x0000000e   Code   RO         4966    i.__scatterload_zeroinit  mc_w.l(handlers.o)
    0x080081e6   0x080081e6   0x00000002   PAD
    0x080081e8   0x080081e8   0x0000000c   Code   RO         4946    i.__set_errno       mc_w.l(errno.o)
    0x080081f4   0x080081f4   0x00000002   Code   RO         3407    i.abs_limit         bkd_pid.o
    0x080081f6   0x080081f6   0x00000002   PAD
    0x080081f8   0x080081f8   0x000000e4   Code   RO         4611    i.data_process1     judgement.o
    0x080082dc   0x080082dc   0x00000108   Code   RO         4612    i.data_process2     judgement.o
    0x080083e4   0x080083e4   0x0000001a   Code   RO         4354    i.delay_ms          delay.o
    0x080083fe   0x080083fe   0x00000002   PAD
    0x08008400   0x08008400   0x00000034   Code   RO         4355    i.delay_us          delay.o
    0x08008434   0x08008434   0x0000000e   Code   RO         4614    i.dma_current_memory_target  judgement.o
    0x08008442   0x08008442   0x00000018   Code   RO         4888    i.fabs              m_wm.l(fabs.o)
    0x0800845a   0x0800845a   0x00000002   PAD
    0x0800845c   0x0800845c   0x000001cc   Code   RO         3476    i.feedmotor         bkd_feedmotor.o
    0x08008628   0x08008628   0x0000002a   Code   RO         4470    i.fifo_s_get        data_fifo.o
    0x08008652   0x08008652   0x00000018   Code   RO         4473    i.fifo_s_init       data_fifo.o
    0x0800866a   0x0800866a   0x0000004c   Code   RO         4476    i.fifo_s_puts       data_fifo.o
    0x080086b6   0x080086b6   0x00000004   Code   RO         4478    i.fifo_used_count   data_fifo.o
    0x080086ba   0x080086ba   0x00000002   PAD
    0x080086bc   0x080086bc   0x0000002c   Code   RO         3542    i.friction_Init     bkd_control.o
    0x080086e8   0x080086e8   0x0000002c   Code   RO         4677    i.get_crc16_check_sum  proticol.o
    0x08008714   0x08008714   0x00000020   Code   RO         4678    i.get_crc8_check_sum  proticol.o
    0x08008734   0x08008734   0x00000012   Code   RO         4615    i.get_dma_memory_msg  judgement.o
    0x08008746   0x08008746   0x00000002   PAD
    0x08008748   0x08008748   0x000000b4   Code   RO         4616    i.judgement_data_handler  judgement.o
    0x080087fc   0x080087fc   0x00000070   Code   RO         3253    i.keyboard_data_set  bkd_remote.o
    0x0800886c   0x0800886c   0x000000c4   Code   RO         3705    i.main              main.o
    0x08008930   0x08008930   0x0000006e   Code   RO         4910    i.sqrt              m_wm.l(sqrt.o)
    0x0800899e   0x0800899e   0x00000002   PAD
    0x080089a0   0x080089a0   0x0000003c   Code   RO         4679    i.verify_crc16_check_sum  proticol.o
    0x080089dc   0x080089dc   0x0000002a   Code   RO         4680    i.verify_crc8_check_sum  proticol.o
    0x08008a06   0x08008a06   0x00000008   Data   RO         1696    .constdata          stm32f4xx_hal_dma.o
    0x08008a0e   0x08008a0e   0x00000010   Data   RO         2452    .constdata          stm32f4xx_hal_rcc.o
    0x08008a1e   0x08008a1e   0x00000002   PAD
    0x08008a20   0x08008a20   0x00000014   Data   RO         3078    .constdata          test_imu.o
    0x08008a34   0x08008a34   0x00000300   Data   RO         4682    .constdata          proticol.o
    0x08008d34   0x08008d34   0x00000004   PAD
    0x08008d38   0x08008d38   0x00000088   Data   RO         4789    .constdata          m_wm.l(pow.o)
    0x08008dc0   0x08008dc0   0x00000030   Data   RO         4870    .constdata          m_wm.l(cos_i.o)
    0x08008df0   0x08008df0   0x00000008   Data   RO         4896    .constdata          m_wm.l(qnan.o)
    0x08008df8   0x08008df8   0x000000c8   Data   RO         4899    .constdata          m_wm.l(rred.o)
    0x08008ec0   0x08008ec0   0x00000028   Data   RO         4903    .constdata          m_wm.l(sin_i.o)
    0x08008ee8   0x08008ee8   0x00000020   Data   RO         4962    Region$$Table       anon$$obj.o


    Execution Region RW_IRAM1 (Exec base: 0x20000000, Load base: 0x08008f08, Size: 0x000026c0, Max: 0x00030000, ABSOLUTE, COMPRESSED[0x00000174])

    Exec Addr    Load Addr    Size         Type   Attr      Idx    E Section Name        Object

    0x20000000   COMPRESSED   0x00000004   Data   RW         2650    .data               stm32f4xx_hal.o
    0x20000004   COMPRESSED   0x0000017e   Data   RW         3079    .data               test_imu.o
    0x20000182   COMPRESSED   0x00000002   PAD
    0x20000184   COMPRESSED   0x0000004c   Data   RW         3259    .data               bkd_remote.o
    0x200001d0   COMPRESSED   0x00000014   Data   RW         3347    .data               bkd_can.o
    0x200001e4   COMPRESSED   0x00000002   Data   RW         3477    .data               bkd_feedmotor.o
    0x200001e6   COMPRESSED   0x00000002   PAD
    0x200001e8   COMPRESSED   0x00000018   Data   RW         3508    .data               bkd_small_gyroscope.o
    0x20000200   COMPRESSED   0x00000058   Data   RW         3543    .data               bkd_control.o
    0x20000258   COMPRESSED   0x00000008   Data   RW         3544    .data               bkd_control.o
    0x20000260   COMPRESSED   0x00000004   Data   RW         3546    .data               bkd_control.o
    0x20000264   COMPRESSED   0x00000004   Data   RW         3547    .data               bkd_control.o
    0x20000268   COMPRESSED   0x00000001   Data   RW         3548    .data               bkd_control.o
    0x20000269   COMPRESSED   0x00000001   Data   RW         3549    .data               bkd_control.o
    0x2000026a   COMPRESSED   0x00000006   PAD
    0x20000270   COMPRESSED   0x00000008   Data   RW         3553    .data               bkd_control.o
    0x20000278   COMPRESSED   0x00000018   Data   RW         3611    .data               bkd_autoaiming.o
    0x20000290   COMPRESSED   0x0000000c   Data   RW         3653    .data               bkd_usart.o
    0x2000029c   COMPRESSED   0x0000000c   Data   RW         3757    .data               usart.o
    0x200002a8   COMPRESSED   0x00000008   Data   RW         4173    .data               tim.o
    0x200002b0   COMPRESSED   0x00000001   Data   RW         4174    .data               tim.o
    0x200002b1   COMPRESSED   0x00000003   PAD
    0x200002b4   COMPRESSED   0x00000004   Data   RW         4356    .data               delay.o
    0x200002b8   COMPRESSED   0x00000018   Data   RW         4576    .data               heat.o
    0x200002d0   COMPRESSED   0x00000014   Data   RW         4621    .data               judgement.o
    0x200002e4   COMPRESSED   0x00000002   Data   RW         4683    .data               proticol.o
    0x200002e6   COMPRESSED   0x00000002   PAD
    0x200002e8   COMPRESSED   0x00000004   Data   RW         4743    .data               system_stm32f4xx.o
    0x200002ec   COMPRESSED   0x00000004   Data   RW         4947    .data               mc_w.l(errno.o)
    0x200002f0        -       0x00000160   Zero   RW         3076    .bss                test_imu.o
    0x20000450        -       0x00000010   Zero   RW         3077    .bss                test_imu.o
    0x20000460        -       0x00000140   Zero   RW         3344    .bss                bkd_can.o
    0x200005a0        -       0x00000be0   Zero   RW         3408    .bss                bkd_pid.o
    0x20001180        -       0x000000ac   Zero   RW         3651    .bss                bkd_usart.o
    0x2000122c        -       0x00000a00   Zero   RW         3756    .bss                usart.o
    0x20001c2c        -       0x00000100   Zero   RW         3864    .bss                can.o
    0x20001d2c        -       0x00000058   Zero   RW         4116    .bss                spi.o
    0x20001d84        -       0x00000060   Zero   RW         4117    .bss                spi.o
    0x20001de4        -       0x00000060   Zero   RW         4118    .bss                spi.o
    0x20001e44        -       0x000000f0   Zero   RW         4171    .bss                tim.o
    0x20001f34        -       0x00000048   Zero   RW         4395    .bss                adc.o
    0x20001f7c        -       0x00000344   Zero   RW         4617    .bss                judgement.o
    0x200022c0        -       0x00000400   Zero   RW         4730    STACK               startup_stm32f427xx.o


==============================================================================

Image component sizes


      Code (inc. data)   RO Data    RW Data    ZI Data      Debug   Object Name

       234         28          0          0         72       3027   adc.o
      1544        240          0         24          0       2097   bkd_autoaiming.o
       586         46          0         20        320       5785   bkd_can.o
      1112        172          0        114          0       4615   bkd_control.o
       460         70          0          2          0       1092   bkd_feedmotor.o
      2562        336          0          0       3040       6455   bkd_pid.o
      1760        224          0         76          0       6079   bkd_remote.o
       724        108          0         24          0       1042   bkd_small_gyroscope.o
       534         36          0         12        172       4900   bkd_usart.o
       444         38          0          0        256       2778   can.o
       146          0          0          0          0       3251   data_fifo.o
        78          4          0          4          0       1462   delay.o
        92          4          0          0          0        878   dma.o
       736         38          0          0          0       1431   gpio.o
       164         32          0         24          0       1913   heat.o
       788         66          0         20        836       6573   judgement.o
       366         28          0          0          0       6100   main.o
       178         18        768          2          0       3879   proticol.o
       148         22          0          0        280       1855   spi.o
        36          8        428          0       1024        876   startup_stm32f427xx.o
       142         22          0          4          0       4455   stm32f4xx_hal.o
      1084         38          0          0          0       5354   stm32f4xx_hal_adc.o
      1760         38          0          0          0       7259   stm32f4xx_hal_can.o
       228         14          0          0          0      32473   stm32f4xx_hal_cortex.o
       902         22          8          0          0       6619   stm32f4xx_hal_dma.o
       130          0          0          0          0       2261   stm32f4xx_hal_dma_ex.o
       470         52          0          0          0       2644   stm32f4xx_hal_gpio.o
        88          0          0          0          0        558   stm32f4xx_hal_msp.o
       140         14          0          0          0       1360   stm32f4xx_hal_pwr_ex.o
      1344         80         16          0          0       6199   stm32f4xx_hal_rcc.o
      1012          4          0          0          0       6954   stm32f4xx_hal_spi.o
      1690         88          0          0          0      17140   stm32f4xx_hal_tim.o
       150          0          0          0          0     373382   stm32f4xx_hal_tim_ex.o
      1522         14          0          0          0       9104   stm32f4xx_hal_uart.o
       346        130          0          0          0      14621   stm32f4xx_it.o
        84         18          0          4          0       1293   system_stm32f4xx.o
      1658         76         20        382        368      13108   test_imu.o
       872         98          0          9        240       5608   tim.o
       724        106          0         12       2560       4821   usart.o

    ----------------------------------------------------------------------
     27086       2332       1278        748       9168     581301   Object Totals
         0          0         32          0          0          0   (incl. Generated)
        48          0          6         15          0          0   (incl. Padding)

    ----------------------------------------------------------------------

      Code (inc. data)   RO Data    RW Data    ZI Data      Debug   Library Member Name

       200         20          0          0          0        164   cos.o
       368         46         48          0          0        200   cos_i.o
       184         44          0          0          0        744   dunder.o
        24          0          0          0          0        124   fabs.o
        48          0          0          0          0        124   fpclassify.o
       248          0          0          0          0        152   poly.o
      3152        296        136          0          0        352   pow.o
         0          0          8          0          0          0   qnan.o
      1080        142        200          0          0        188   rred.o
       200         20          0          0          0        164   sin.o
       304         24         40          0          0        208   sin_i.o
       110          0          0          0          0        148   sqrt.o
        58          0          0          0          0          0   __dczerorl.o
         0          0          0          0          0          0   entry.o
         0          0          0          0          0          0   entry10a.o
         0          0          0          0          0          0   entry11a.o
         4          0          0          0          0          0   entry12b.o
         8          4          0          0          0          0   entry2.o
         4          0          0          0          0          0   entry5.o
         0          0          0          0          0          0   entry7b.o
         0          0          0          0          0          0   entry8b.o
         8          4          0          0          0          0   entry9a.o
        12          6          0          4          0         68   errno.o
        30          0          0          0          0          0   handlers.o
        36          8          0          0          0         68   init.o
         0          0          0          0          0          0   iusefp.o
        30          0          0          0          0         68   llshl.o
        36          0          0          0          0         68   llsshr.o
        32          0          0          0          0         68   llushr.o
        36          0          0          0          0         68   memcpya.o
        48          0          0          0          0         68   cdcmple.o
        48          0          0          0          0         68   cdrcmple.o
        56          0          0          0          0         88   d2f.o
       334          0          0          0          0        148   dadd.o
       222          0          0          0          0        100   ddiv.o
       186          0          0          0          0        176   depilogue.o
        62          0          0          0          0         80   dfixi.o
        34          0          0          0          0         76   dflti.o
        26          0          0          0          0         76   dfltui.o
       228          0          0          0          0         96   dmul.o
        46          0          0          0          0         80   dscalb.o
       162          0          0          0          0        100   dsqrt.o
        38          0          0          0          0         68   f2d.o
       110          0          0          0          0        168   fepilogue.o

    ----------------------------------------------------------------------
      7820        614        432          4          0       4368   Library Totals
         8          0          0          0          0          0   (incl. Padding)

    ----------------------------------------------------------------------

      Code (inc. data)   RO Data    RW Data    ZI Data      Debug   Library Name

      5918        592        432          0          0       2568   m_wm.l
       294         22          0          4          0        408   mc_w.l
      1600          0          0          0          0       1392   mf_w.l

    ----------------------------------------------------------------------
      7820        614        432          4          0       4368   Library Totals

    ----------------------------------------------------------------------

==============================================================================


      Code (inc. data)   RO Data    RW Data    ZI Data      Debug   

     34906       2946       1710        752       9168     564069   Grand Totals
     34906       2946       1710        372       9168     564069   ELF Image Totals (compressed)
     34906       2946       1710        372          0          0   ROM Totals

==============================================================================

    Total RO  Size (Code + RO Data)                36616 (  35.76kB)
    Total RW  Size (RW Data + ZI Data)              9920 (   9.69kB)
    Total ROM Size (Code + RO Data + RW Data)      36988 (  36.12kB)

==============================================================================

