<!doctype html public "-//w3c//dtd html 4.0 transitional//en">
<html><head>
<title>Static Call Graph - [HERO_2017_2\HERO_2017_2.axf]</title></head>
<body><HR>
<H1>Static Call Graph for image HERO_2017_2\HERO_2017_2.axf</H1><HR>
<BR><P>#&#060CALLGRAPH&#062# ARM Linker, 5060960: Last Updated: Thu Mar 31 12:16:05 2022
<BR><P>
<H3>Maximum Stack Usage =        416 bytes + Unknown(Cycles, Untraceable Function Pointers)</H3><H3>
Call chain for Maximum Stack Depth:</H3>
TIM2_IRQHandler &rArr; HAL_TIM_IRQHandler &rArr; HAL_TIM_PeriodElapsedCallback &rArr; Control_Task &rArr; CMControlLoop &rArr; Small_gyroscope &rArr; __hardfp_sin &rArr; __ieee754_rem_pio2 &rArr; __aeabi_drsub &rArr; __aeabi_dadd &rArr; _double_epilogue &rArr; _double_round
<P>
<H3>
Mutually Recursive functions
</H3> <LI><a href="#[1d]">ADC_IRQHandler</a>&nbsp;&nbsp;&nbsp;&rArr;&nbsp;&nbsp;&nbsp;<a href="#[1d]">ADC_IRQHandler</a><BR>
 <LI><a href="#[5]">BusFault_Handler</a>&nbsp;&nbsp;&nbsp;&rArr;&nbsp;&nbsp;&nbsp;<a href="#[5]">BusFault_Handler</a><BR>
 <LI><a href="#[3]">HardFault_Handler</a>&nbsp;&nbsp;&nbsp;&rArr;&nbsp;&nbsp;&nbsp;<a href="#[3]">HardFault_Handler</a><BR>
 <LI><a href="#[4]">MemManage_Handler</a>&nbsp;&nbsp;&nbsp;&rArr;&nbsp;&nbsp;&nbsp;<a href="#[4]">MemManage_Handler</a><BR>
 <LI><a href="#[6]">UsageFault_Handler</a>&nbsp;&nbsp;&nbsp;&rArr;&nbsp;&nbsp;&nbsp;<a href="#[6]">UsageFault_Handler</a><BR>
 <LI><a href="#[91]">Error_Handler</a>&nbsp;&nbsp;&nbsp;&rArr;&nbsp;&nbsp;&nbsp;<a href="#[91]">Error_Handler</a><BR>
</UL>
<P>
<H3>
Function Pointers
</H3><UL>
 <LI><a href="#[1d]">ADC_IRQHandler</a> from startup_stm32f427xx.o(.text) referenced from startup_stm32f427xx.o(RESET)
 <LI><a href="#[5]">BusFault_Handler</a> from stm32f4xx_it.o(i.BusFault_Handler) referenced from startup_stm32f427xx.o(RESET)
 <LI><a href="#[1f]">CAN1_RX0_IRQHandler</a> from stm32f4xx_it.o(i.CAN1_RX0_IRQHandler) referenced from startup_stm32f427xx.o(RESET)
 <LI><a href="#[20]">CAN1_RX1_IRQHandler</a> from startup_stm32f427xx.o(.text) referenced from startup_stm32f427xx.o(RESET)
 <LI><a href="#[21]">CAN1_SCE_IRQHandler</a> from startup_stm32f427xx.o(.text) referenced from startup_stm32f427xx.o(RESET)
 <LI><a href="#[1e]">CAN1_TX_IRQHandler</a> from stm32f4xx_it.o(i.CAN1_TX_IRQHandler) referenced from startup_stm32f427xx.o(RESET)
 <LI><a href="#[4b]">CAN2_RX0_IRQHandler</a> from stm32f4xx_it.o(i.CAN2_RX0_IRQHandler) referenced from startup_stm32f427xx.o(RESET)
 <LI><a href="#[4c]">CAN2_RX1_IRQHandler</a> from startup_stm32f427xx.o(.text) referenced from startup_stm32f427xx.o(RESET)
 <LI><a href="#[4d]">CAN2_SCE_IRQHandler</a> from startup_stm32f427xx.o(.text) referenced from startup_stm32f427xx.o(RESET)
 <LI><a href="#[4a]">CAN2_TX_IRQHandler</a> from stm32f4xx_it.o(i.CAN2_TX_IRQHandler) referenced from startup_stm32f427xx.o(RESET)
 <LI><a href="#[59]">DCMI_IRQHandler</a> from startup_stm32f427xx.o(.text) referenced from startup_stm32f427xx.o(RESET)
 <LI><a href="#[16]">DMA1_Stream0_IRQHandler</a> from startup_stm32f427xx.o(.text) referenced from startup_stm32f427xx.o(RESET)
 <LI><a href="#[17]">DMA1_Stream1_IRQHandler</a> from startup_stm32f427xx.o(.text) referenced from startup_stm32f427xx.o(RESET)
 <LI><a href="#[18]">DMA1_Stream2_IRQHandler</a> from startup_stm32f427xx.o(.text) referenced from startup_stm32f427xx.o(RESET)
 <LI><a href="#[19]">DMA1_Stream3_IRQHandler</a> from stm32f4xx_it.o(i.DMA1_Stream3_IRQHandler) referenced from startup_stm32f427xx.o(RESET)
 <LI><a href="#[1a]">DMA1_Stream4_IRQHandler</a> from startup_stm32f427xx.o(.text) referenced from startup_stm32f427xx.o(RESET)
 <LI><a href="#[1b]">DMA1_Stream5_IRQHandler</a> from startup_stm32f427xx.o(.text) referenced from startup_stm32f427xx.o(RESET)
 <LI><a href="#[1c]">DMA1_Stream6_IRQHandler</a> from startup_stm32f427xx.o(.text) referenced from startup_stm32f427xx.o(RESET)
 <LI><a href="#[3a]">DMA1_Stream7_IRQHandler</a> from startup_stm32f427xx.o(.text) referenced from startup_stm32f427xx.o(RESET)
 <LI><a href="#[62]">DMA2D_IRQHandler</a> from startup_stm32f427xx.o(.text) referenced from startup_stm32f427xx.o(RESET)
 <LI><a href="#[43]">DMA2_Stream0_IRQHandler</a> from startup_stm32f427xx.o(.text) referenced from startup_stm32f427xx.o(RESET)
 <LI><a href="#[44]">DMA2_Stream1_IRQHandler</a> from startup_stm32f427xx.o(.text) referenced from startup_stm32f427xx.o(RESET)
 <LI><a href="#[45]">DMA2_Stream2_IRQHandler</a> from stm32f4xx_it.o(i.DMA2_Stream2_IRQHandler) referenced from startup_stm32f427xx.o(RESET)
 <LI><a href="#[46]">DMA2_Stream3_IRQHandler</a> from stm32f4xx_it.o(i.DMA2_Stream3_IRQHandler) referenced from startup_stm32f427xx.o(RESET)
 <LI><a href="#[47]">DMA2_Stream4_IRQHandler</a> from stm32f4xx_it.o(i.DMA2_Stream4_IRQHandler) referenced from startup_stm32f427xx.o(RESET)
 <LI><a href="#[4f]">DMA2_Stream5_IRQHandler</a> from startup_stm32f427xx.o(.text) referenced from startup_stm32f427xx.o(RESET)
 <LI><a href="#[50]">DMA2_Stream6_IRQHandler</a> from startup_stm32f427xx.o(.text) referenced from startup_stm32f427xx.o(RESET)
 <LI><a href="#[51]">DMA2_Stream7_IRQHandler</a> from startup_stm32f427xx.o(.text) referenced from startup_stm32f427xx.o(RESET)
 <LI><a href="#[8]">DebugMon_Handler</a> from stm32f4xx_it.o(i.DebugMon_Handler) referenced from startup_stm32f427xx.o(RESET)
 <LI><a href="#[48]">ETH_IRQHandler</a> from startup_stm32f427xx.o(.text) referenced from startup_stm32f427xx.o(RESET)
 <LI><a href="#[49]">ETH_WKUP_IRQHandler</a> from startup_stm32f427xx.o(.text) referenced from startup_stm32f427xx.o(RESET)
 <LI><a href="#[11]">EXTI0_IRQHandler</a> from startup_stm32f427xx.o(.text) referenced from startup_stm32f427xx.o(RESET)
 <LI><a href="#[33]">EXTI15_10_IRQHandler</a> from startup_stm32f427xx.o(.text) referenced from startup_stm32f427xx.o(RESET)
 <LI><a href="#[12]">EXTI1_IRQHandler</a> from startup_stm32f427xx.o(.text) referenced from startup_stm32f427xx.o(RESET)
 <LI><a href="#[13]">EXTI2_IRQHandler</a> from startup_stm32f427xx.o(.text) referenced from startup_stm32f427xx.o(RESET)
 <LI><a href="#[14]">EXTI3_IRQHandler</a> from startup_stm32f427xx.o(.text) referenced from startup_stm32f427xx.o(RESET)
 <LI><a href="#[15]">EXTI4_IRQHandler</a> from startup_stm32f427xx.o(.text) referenced from startup_stm32f427xx.o(RESET)
 <LI><a href="#[22]">EXTI9_5_IRQHandler</a> from startup_stm32f427xx.o(.text) referenced from startup_stm32f427xx.o(RESET)
 <LI><a href="#[f]">FLASH_IRQHandler</a> from startup_stm32f427xx.o(.text) referenced from startup_stm32f427xx.o(RESET)
 <LI><a href="#[3b]">FMC_IRQHandler</a> from startup_stm32f427xx.o(.text) referenced from startup_stm32f427xx.o(RESET)
 <LI><a href="#[5b]">FPU_IRQHandler</a> from startup_stm32f427xx.o(.text) referenced from startup_stm32f427xx.o(RESET)
 <LI><a href="#[5a]">HASH_RNG_IRQHandler</a> from startup_stm32f427xx.o(.text) referenced from startup_stm32f427xx.o(RESET)
 <LI><a href="#[3]">HardFault_Handler</a> from stm32f4xx_it.o(i.HardFault_Handler) referenced from startup_stm32f427xx.o(RESET)
 <LI><a href="#[2b]">I2C1_ER_IRQHandler</a> from startup_stm32f427xx.o(.text) referenced from startup_stm32f427xx.o(RESET)
 <LI><a href="#[2a]">I2C1_EV_IRQHandler</a> from startup_stm32f427xx.o(.text) referenced from startup_stm32f427xx.o(RESET)
 <LI><a href="#[2d]">I2C2_ER_IRQHandler</a> from startup_stm32f427xx.o(.text) referenced from startup_stm32f427xx.o(RESET)
 <LI><a href="#[2c]">I2C2_EV_IRQHandler</a> from startup_stm32f427xx.o(.text) referenced from startup_stm32f427xx.o(RESET)
 <LI><a href="#[54]">I2C3_ER_IRQHandler</a> from startup_stm32f427xx.o(.text) referenced from startup_stm32f427xx.o(RESET)
 <LI><a href="#[53]">I2C3_EV_IRQHandler</a> from startup_stm32f427xx.o(.text) referenced from startup_stm32f427xx.o(RESET)
 <LI><a href="#[4]">MemManage_Handler</a> from stm32f4xx_it.o(i.MemManage_Handler) referenced from startup_stm32f427xx.o(RESET)
 <LI><a href="#[2]">NMI_Handler</a> from stm32f4xx_it.o(i.NMI_Handler) referenced from startup_stm32f427xx.o(RESET)
 <LI><a href="#[4e]">OTG_FS_IRQHandler</a> from startup_stm32f427xx.o(.text) referenced from startup_stm32f427xx.o(RESET)
 <LI><a href="#[35]">OTG_FS_WKUP_IRQHandler</a> from startup_stm32f427xx.o(.text) referenced from startup_stm32f427xx.o(RESET)
 <LI><a href="#[56]">OTG_HS_EP1_IN_IRQHandler</a> from startup_stm32f427xx.o(.text) referenced from startup_stm32f427xx.o(RESET)
 <LI><a href="#[55]">OTG_HS_EP1_OUT_IRQHandler</a> from startup_stm32f427xx.o(.text) referenced from startup_stm32f427xx.o(RESET)
 <LI><a href="#[58]">OTG_HS_IRQHandler</a> from startup_stm32f427xx.o(.text) referenced from startup_stm32f427xx.o(RESET)
 <LI><a href="#[57]">OTG_HS_WKUP_IRQHandler</a> from startup_stm32f427xx.o(.text) referenced from startup_stm32f427xx.o(RESET)
 <LI><a href="#[c]">PVD_IRQHandler</a> from startup_stm32f427xx.o(.text) referenced from startup_stm32f427xx.o(RESET)
 <LI><a href="#[9]">PendSV_Handler</a> from stm32f4xx_it.o(i.PendSV_Handler) referenced from startup_stm32f427xx.o(RESET)
 <LI><a href="#[10]">RCC_IRQHandler</a> from startup_stm32f427xx.o(.text) referenced from startup_stm32f427xx.o(RESET)
 <LI><a href="#[34]">RTC_Alarm_IRQHandler</a> from startup_stm32f427xx.o(.text) referenced from startup_stm32f427xx.o(RESET)
 <LI><a href="#[e]">RTC_WKUP_IRQHandler</a> from startup_stm32f427xx.o(.text) referenced from startup_stm32f427xx.o(RESET)
 <LI><a href="#[1]">Reset_Handler</a> from startup_stm32f427xx.o(.text) referenced from startup_stm32f427xx.o(RESET)
 <LI><a href="#[61]">SAI1_IRQHandler</a> from startup_stm32f427xx.o(.text) referenced from startup_stm32f427xx.o(RESET)
 <LI><a href="#[3c]">SDIO_IRQHandler</a> from startup_stm32f427xx.o(.text) referenced from startup_stm32f427xx.o(RESET)
 <LI><a href="#[2e]">SPI1_IRQHandler</a> from startup_stm32f427xx.o(.text) referenced from startup_stm32f427xx.o(RESET)
 <LI><a href="#[2f]">SPI2_IRQHandler</a> from startup_stm32f427xx.o(.text) referenced from startup_stm32f427xx.o(RESET)
 <LI><a href="#[3e]">SPI3_IRQHandler</a> from startup_stm32f427xx.o(.text) referenced from startup_stm32f427xx.o(RESET)
 <LI><a href="#[5e]">SPI4_IRQHandler</a> from startup_stm32f427xx.o(.text) referenced from startup_stm32f427xx.o(RESET)
 <LI><a href="#[5f]">SPI5_IRQHandler</a> from stm32f4xx_it.o(i.SPI5_IRQHandler) referenced from startup_stm32f427xx.o(RESET)
 <LI><a href="#[60]">SPI6_IRQHandler</a> from startup_stm32f427xx.o(.text) referenced from startup_stm32f427xx.o(RESET)
 <LI><a href="#[66]">SPI_DMAAbortOnError</a> from stm32f4xx_hal_spi.o(i.SPI_DMAAbortOnError) referenced from stm32f4xx_hal_spi.o(i.HAL_SPI_IRQHandler)
 <LI><a href="#[7]">SVC_Handler</a> from stm32f4xx_it.o(i.SVC_Handler) referenced from startup_stm32f427xx.o(RESET)
 <LI><a href="#[a]">SysTick_Handler</a> from stm32f4xx_it.o(i.SysTick_Handler) referenced from startup_stm32f427xx.o(RESET)
 <LI><a href="#[64]">SystemInit</a> from system_stm32f4xx.o(i.SystemInit) referenced from startup_stm32f427xx.o(.text)
 <LI><a href="#[d]">TAMP_STAMP_IRQHandler</a> from startup_stm32f427xx.o(.text) referenced from startup_stm32f427xx.o(RESET)
 <LI><a href="#[23]">TIM1_BRK_TIM9_IRQHandler</a> from startup_stm32f427xx.o(.text) referenced from startup_stm32f427xx.o(RESET)
 <LI><a href="#[26]">TIM1_CC_IRQHandler</a> from startup_stm32f427xx.o(.text) referenced from startup_stm32f427xx.o(RESET)
 <LI><a href="#[25]">TIM1_TRG_COM_TIM11_IRQHandler</a> from startup_stm32f427xx.o(.text) referenced from startup_stm32f427xx.o(RESET)
 <LI><a href="#[24]">TIM1_UP_TIM10_IRQHandler</a> from startup_stm32f427xx.o(.text) referenced from startup_stm32f427xx.o(RESET)
 <LI><a href="#[27]">TIM2_IRQHandler</a> from stm32f4xx_it.o(i.TIM2_IRQHandler) referenced from startup_stm32f427xx.o(RESET)
 <LI><a href="#[28]">TIM3_IRQHandler</a> from startup_stm32f427xx.o(.text) referenced from startup_stm32f427xx.o(RESET)
 <LI><a href="#[29]">TIM4_IRQHandler</a> from startup_stm32f427xx.o(.text) referenced from startup_stm32f427xx.o(RESET)
 <LI><a href="#[3d]">TIM5_IRQHandler</a> from startup_stm32f427xx.o(.text) referenced from startup_stm32f427xx.o(RESET)
 <LI><a href="#[41]">TIM6_DAC_IRQHandler</a> from stm32f4xx_it.o(i.TIM6_DAC_IRQHandler) referenced from startup_stm32f427xx.o(RESET)
 <LI><a href="#[42]">TIM7_IRQHandler</a> from startup_stm32f427xx.o(.text) referenced from startup_stm32f427xx.o(RESET)
 <LI><a href="#[36]">TIM8_BRK_TIM12_IRQHandler</a> from stm32f4xx_it.o(i.TIM8_BRK_TIM12_IRQHandler) referenced from startup_stm32f427xx.o(RESET)
 <LI><a href="#[39]">TIM8_CC_IRQHandler</a> from stm32f4xx_it.o(i.TIM8_CC_IRQHandler) referenced from startup_stm32f427xx.o(RESET)
 <LI><a href="#[38]">TIM8_TRG_COM_TIM14_IRQHandler</a> from stm32f4xx_it.o(i.TIM8_TRG_COM_TIM14_IRQHandler) referenced from startup_stm32f427xx.o(RESET)
 <LI><a href="#[37]">TIM8_UP_TIM13_IRQHandler</a> from stm32f4xx_it.o(i.TIM8_UP_TIM13_IRQHandler) referenced from startup_stm32f427xx.o(RESET)
 <LI><a href="#[3f]">UART4_IRQHandler</a> from startup_stm32f427xx.o(.text) referenced from startup_stm32f427xx.o(RESET)
 <LI><a href="#[40]">UART5_IRQHandler</a> from startup_stm32f427xx.o(.text) referenced from startup_stm32f427xx.o(RESET)
 <LI><a href="#[5c]">UART7_IRQHandler</a> from stm32f4xx_it.o(i.UART7_IRQHandler) referenced from startup_stm32f427xx.o(RESET)
 <LI><a href="#[5d]">UART8_IRQHandler</a> from startup_stm32f427xx.o(.text) referenced from startup_stm32f427xx.o(RESET)
 <LI><a href="#[67]">UART_DMAAbortOnError</a> from stm32f4xx_hal_uart.o(i.UART_DMAAbortOnError) referenced from stm32f4xx_hal_uart.o(i.HAL_UART_IRQHandler)
 <LI><a href="#[30]">USART1_IRQHandler</a> from stm32f4xx_it.o(i.USART1_IRQHandler) referenced from startup_stm32f427xx.o(RESET)
 <LI><a href="#[31]">USART2_IRQHandler</a> from stm32f4xx_it.o(i.USART2_IRQHandler) referenced from startup_stm32f427xx.o(RESET)
 <LI><a href="#[32]">USART3_IRQHandler</a> from stm32f4xx_it.o(i.USART3_IRQHandler) referenced from startup_stm32f427xx.o(RESET)
 <LI><a href="#[52]">USART6_IRQHandler</a> from stm32f4xx_it.o(i.USART6_IRQHandler) referenced from startup_stm32f427xx.o(RESET)
 <LI><a href="#[6]">UsageFault_Handler</a> from stm32f4xx_it.o(i.UsageFault_Handler) referenced from startup_stm32f427xx.o(RESET)
 <LI><a href="#[b]">WWDG_IRQHandler</a> from startup_stm32f427xx.o(.text) referenced from startup_stm32f427xx.o(RESET)
 <LI><a href="#[65]">__main</a> from entry.o(.ARM.Collect$$$$00000000) referenced from startup_stm32f427xx.o(.text)
 <LI><a href="#[63]">main</a> from main.o(i.main) referenced from entry9a.o(.ARM.Collect$$$$0000000B)
</UL>
<P>
<H3>
Global Symbols
</H3>
<P><STRONG><a name="[65]"></a>__main</STRONG> (Thumb, 0 bytes, Stack size unknown bytes, entry.o(.ARM.Collect$$$$00000000))
<BR>[Address Reference Count : 1]<UL><LI> startup_stm32f427xx.o(.text)
</UL>
<P><STRONG><a name="[13e]"></a>_main_stk</STRONG> (Thumb, 0 bytes, Stack size unknown bytes, entry2.o(.ARM.Collect$$$$00000001))

<P><STRONG><a name="[68]"></a>_main_scatterload</STRONG> (Thumb, 0 bytes, Stack size unknown bytes, entry5.o(.ARM.Collect$$$$00000004))
<BR><BR>[Calls]<UL><LI><a href="#[69]">&gt;&gt;</a>&nbsp;&nbsp;&nbsp;__scatterload
</UL>

<P><STRONG><a name="[79]"></a>__main_after_scatterload</STRONG> (Thumb, 0 bytes, Stack size unknown bytes, entry5.o(.ARM.Collect$$$$00000004))
<BR><BR>[Called By]<UL><LI><a href="#[69]">&gt;&gt;</a>&nbsp;&nbsp;&nbsp;__scatterload
</UL>

<P><STRONG><a name="[13f]"></a>_main_clock</STRONG> (Thumb, 0 bytes, Stack size unknown bytes, entry7b.o(.ARM.Collect$$$$00000008))

<P><STRONG><a name="[140]"></a>_main_cpp_init</STRONG> (Thumb, 0 bytes, Stack size unknown bytes, entry8b.o(.ARM.Collect$$$$0000000A))

<P><STRONG><a name="[141]"></a>_main_init</STRONG> (Thumb, 0 bytes, Stack size unknown bytes, entry9a.o(.ARM.Collect$$$$0000000B))

<P><STRONG><a name="[142]"></a>__rt_lib_shutdown_fini</STRONG> (Thumb, 0 bytes, Stack size unknown bytes, entry12b.o(.ARM.Collect$$$$0000000E))

<P><STRONG><a name="[143]"></a>__rt_final_cpp</STRONG> (Thumb, 0 bytes, Stack size unknown bytes, entry10a.o(.ARM.Collect$$$$0000000F))

<P><STRONG><a name="[144]"></a>__rt_final_exit</STRONG> (Thumb, 0 bytes, Stack size unknown bytes, entry11a.o(.ARM.Collect$$$$00000011))

<P><STRONG><a name="[1]"></a>Reset_Handler</STRONG> (Thumb, 8 bytes, Stack size 0 bytes, startup_stm32f427xx.o(.text))
<BR>[Address Reference Count : 1]<UL><LI> startup_stm32f427xx.o(RESET)
</UL>
<P><STRONG><a name="[1d]"></a>ADC_IRQHandler</STRONG> (Thumb, 0 bytes, Stack size 0 bytes, startup_stm32f427xx.o(.text))
<BR><BR>[Calls]<UL><LI><a href="#[1d]">&gt;&gt;</a>&nbsp;&nbsp;&nbsp;ADC_IRQHandler
</UL>
<BR>[Called By]<UL><LI><a href="#[1d]">&gt;&gt;</a>&nbsp;&nbsp;&nbsp;ADC_IRQHandler
</UL>
<BR>[Address Reference Count : 1]<UL><LI> startup_stm32f427xx.o(RESET)
</UL>
<P><STRONG><a name="[20]"></a>CAN1_RX1_IRQHandler</STRONG> (Thumb, 0 bytes, Stack size 0 bytes, startup_stm32f427xx.o(.text))
<BR>[Address Reference Count : 1]<UL><LI> startup_stm32f427xx.o(RESET)
</UL>
<P><STRONG><a name="[21]"></a>CAN1_SCE_IRQHandler</STRONG> (Thumb, 0 bytes, Stack size 0 bytes, startup_stm32f427xx.o(.text))
<BR>[Address Reference Count : 1]<UL><LI> startup_stm32f427xx.o(RESET)
</UL>
<P><STRONG><a name="[4c]"></a>CAN2_RX1_IRQHandler</STRONG> (Thumb, 0 bytes, Stack size 0 bytes, startup_stm32f427xx.o(.text))
<BR>[Address Reference Count : 1]<UL><LI> startup_stm32f427xx.o(RESET)
</UL>
<P><STRONG><a name="[4d]"></a>CAN2_SCE_IRQHandler</STRONG> (Thumb, 0 bytes, Stack size 0 bytes, startup_stm32f427xx.o(.text))
<BR>[Address Reference Count : 1]<UL><LI> startup_stm32f427xx.o(RESET)
</UL>
<P><STRONG><a name="[59]"></a>DCMI_IRQHandler</STRONG> (Thumb, 0 bytes, Stack size 0 bytes, startup_stm32f427xx.o(.text))
<BR>[Address Reference Count : 1]<UL><LI> startup_stm32f427xx.o(RESET)
</UL>
<P><STRONG><a name="[16]"></a>DMA1_Stream0_IRQHandler</STRONG> (Thumb, 0 bytes, Stack size 0 bytes, startup_stm32f427xx.o(.text))
<BR>[Address Reference Count : 1]<UL><LI> startup_stm32f427xx.o(RESET)
</UL>
<P><STRONG><a name="[17]"></a>DMA1_Stream1_IRQHandler</STRONG> (Thumb, 0 bytes, Stack size 0 bytes, startup_stm32f427xx.o(.text))
<BR>[Address Reference Count : 1]<UL><LI> startup_stm32f427xx.o(RESET)
</UL>
<P><STRONG><a name="[18]"></a>DMA1_Stream2_IRQHandler</STRONG> (Thumb, 0 bytes, Stack size 0 bytes, startup_stm32f427xx.o(.text))
<BR>[Address Reference Count : 1]<UL><LI> startup_stm32f427xx.o(RESET)
</UL>
<P><STRONG><a name="[1a]"></a>DMA1_Stream4_IRQHandler</STRONG> (Thumb, 0 bytes, Stack size 0 bytes, startup_stm32f427xx.o(.text))
<BR>[Address Reference Count : 1]<UL><LI> startup_stm32f427xx.o(RESET)
</UL>
<P><STRONG><a name="[1b]"></a>DMA1_Stream5_IRQHandler</STRONG> (Thumb, 0 bytes, Stack size 0 bytes, startup_stm32f427xx.o(.text))
<BR>[Address Reference Count : 1]<UL><LI> startup_stm32f427xx.o(RESET)
</UL>
<P><STRONG><a name="[1c]"></a>DMA1_Stream6_IRQHandler</STRONG> (Thumb, 0 bytes, Stack size 0 bytes, startup_stm32f427xx.o(.text))
<BR>[Address Reference Count : 1]<UL><LI> startup_stm32f427xx.o(RESET)
</UL>
<P><STRONG><a name="[3a]"></a>DMA1_Stream7_IRQHandler</STRONG> (Thumb, 0 bytes, Stack size 0 bytes, startup_stm32f427xx.o(.text))
<BR>[Address Reference Count : 1]<UL><LI> startup_stm32f427xx.o(RESET)
</UL>
<P><STRONG><a name="[62]"></a>DMA2D_IRQHandler</STRONG> (Thumb, 0 bytes, Stack size 0 bytes, startup_stm32f427xx.o(.text))
<BR>[Address Reference Count : 1]<UL><LI> startup_stm32f427xx.o(RESET)
</UL>
<P><STRONG><a name="[43]"></a>DMA2_Stream0_IRQHandler</STRONG> (Thumb, 0 bytes, Stack size 0 bytes, startup_stm32f427xx.o(.text))
<BR>[Address Reference Count : 1]<UL><LI> startup_stm32f427xx.o(RESET)
</UL>
<P><STRONG><a name="[44]"></a>DMA2_Stream1_IRQHandler</STRONG> (Thumb, 0 bytes, Stack size 0 bytes, startup_stm32f427xx.o(.text))
<BR>[Address Reference Count : 1]<UL><LI> startup_stm32f427xx.o(RESET)
</UL>
<P><STRONG><a name="[4f]"></a>DMA2_Stream5_IRQHandler</STRONG> (Thumb, 0 bytes, Stack size 0 bytes, startup_stm32f427xx.o(.text))
<BR>[Address Reference Count : 1]<UL><LI> startup_stm32f427xx.o(RESET)
</UL>
<P><STRONG><a name="[50]"></a>DMA2_Stream6_IRQHandler</STRONG> (Thumb, 0 bytes, Stack size 0 bytes, startup_stm32f427xx.o(.text))
<BR>[Address Reference Count : 1]<UL><LI> startup_stm32f427xx.o(RESET)
</UL>
<P><STRONG><a name="[51]"></a>DMA2_Stream7_IRQHandler</STRONG> (Thumb, 0 bytes, Stack size 0 bytes, startup_stm32f427xx.o(.text))
<BR>[Address Reference Count : 1]<UL><LI> startup_stm32f427xx.o(RESET)
</UL>
<P><STRONG><a name="[48]"></a>ETH_IRQHandler</STRONG> (Thumb, 0 bytes, Stack size 0 bytes, startup_stm32f427xx.o(.text))
<BR>[Address Reference Count : 1]<UL><LI> startup_stm32f427xx.o(RESET)
</UL>
<P><STRONG><a name="[49]"></a>ETH_WKUP_IRQHandler</STRONG> (Thumb, 0 bytes, Stack size 0 bytes, startup_stm32f427xx.o(.text))
<BR>[Address Reference Count : 1]<UL><LI> startup_stm32f427xx.o(RESET)
</UL>
<P><STRONG><a name="[11]"></a>EXTI0_IRQHandler</STRONG> (Thumb, 0 bytes, Stack size 0 bytes, startup_stm32f427xx.o(.text))
<BR>[Address Reference Count : 1]<UL><LI> startup_stm32f427xx.o(RESET)
</UL>
<P><STRONG><a name="[33]"></a>EXTI15_10_IRQHandler</STRONG> (Thumb, 0 bytes, Stack size 0 bytes, startup_stm32f427xx.o(.text))
<BR>[Address Reference Count : 1]<UL><LI> startup_stm32f427xx.o(RESET)
</UL>
<P><STRONG><a name="[12]"></a>EXTI1_IRQHandler</STRONG> (Thumb, 0 bytes, Stack size 0 bytes, startup_stm32f427xx.o(.text))
<BR>[Address Reference Count : 1]<UL><LI> startup_stm32f427xx.o(RESET)
</UL>
<P><STRONG><a name="[13]"></a>EXTI2_IRQHandler</STRONG> (Thumb, 0 bytes, Stack size 0 bytes, startup_stm32f427xx.o(.text))
<BR>[Address Reference Count : 1]<UL><LI> startup_stm32f427xx.o(RESET)
</UL>
<P><STRONG><a name="[14]"></a>EXTI3_IRQHandler</STRONG> (Thumb, 0 bytes, Stack size 0 bytes, startup_stm32f427xx.o(.text))
<BR>[Address Reference Count : 1]<UL><LI> startup_stm32f427xx.o(RESET)
</UL>
<P><STRONG><a name="[15]"></a>EXTI4_IRQHandler</STRONG> (Thumb, 0 bytes, Stack size 0 bytes, startup_stm32f427xx.o(.text))
<BR>[Address Reference Count : 1]<UL><LI> startup_stm32f427xx.o(RESET)
</UL>
<P><STRONG><a name="[22]"></a>EXTI9_5_IRQHandler</STRONG> (Thumb, 0 bytes, Stack size 0 bytes, startup_stm32f427xx.o(.text))
<BR>[Address Reference Count : 1]<UL><LI> startup_stm32f427xx.o(RESET)
</UL>
<P><STRONG><a name="[f]"></a>FLASH_IRQHandler</STRONG> (Thumb, 0 bytes, Stack size 0 bytes, startup_stm32f427xx.o(.text))
<BR>[Address Reference Count : 1]<UL><LI> startup_stm32f427xx.o(RESET)
</UL>
<P><STRONG><a name="[3b]"></a>FMC_IRQHandler</STRONG> (Thumb, 0 bytes, Stack size 0 bytes, startup_stm32f427xx.o(.text))
<BR>[Address Reference Count : 1]<UL><LI> startup_stm32f427xx.o(RESET)
</UL>
<P><STRONG><a name="[5b]"></a>FPU_IRQHandler</STRONG> (Thumb, 0 bytes, Stack size 0 bytes, startup_stm32f427xx.o(.text))
<BR>[Address Reference Count : 1]<UL><LI> startup_stm32f427xx.o(RESET)
</UL>
<P><STRONG><a name="[5a]"></a>HASH_RNG_IRQHandler</STRONG> (Thumb, 0 bytes, Stack size 0 bytes, startup_stm32f427xx.o(.text))
<BR>[Address Reference Count : 1]<UL><LI> startup_stm32f427xx.o(RESET)
</UL>
<P><STRONG><a name="[2b]"></a>I2C1_ER_IRQHandler</STRONG> (Thumb, 0 bytes, Stack size 0 bytes, startup_stm32f427xx.o(.text))
<BR>[Address Reference Count : 1]<UL><LI> startup_stm32f427xx.o(RESET)
</UL>
<P><STRONG><a name="[2a]"></a>I2C1_EV_IRQHandler</STRONG> (Thumb, 0 bytes, Stack size 0 bytes, startup_stm32f427xx.o(.text))
<BR>[Address Reference Count : 1]<UL><LI> startup_stm32f427xx.o(RESET)
</UL>
<P><STRONG><a name="[2d]"></a>I2C2_ER_IRQHandler</STRONG> (Thumb, 0 bytes, Stack size 0 bytes, startup_stm32f427xx.o(.text))
<BR>[Address Reference Count : 1]<UL><LI> startup_stm32f427xx.o(RESET)
</UL>
<P><STRONG><a name="[2c]"></a>I2C2_EV_IRQHandler</STRONG> (Thumb, 0 bytes, Stack size 0 bytes, startup_stm32f427xx.o(.text))
<BR>[Address Reference Count : 1]<UL><LI> startup_stm32f427xx.o(RESET)
</UL>
<P><STRONG><a name="[54]"></a>I2C3_ER_IRQHandler</STRONG> (Thumb, 0 bytes, Stack size 0 bytes, startup_stm32f427xx.o(.text))
<BR>[Address Reference Count : 1]<UL><LI> startup_stm32f427xx.o(RESET)
</UL>
<P><STRONG><a name="[53]"></a>I2C3_EV_IRQHandler</STRONG> (Thumb, 0 bytes, Stack size 0 bytes, startup_stm32f427xx.o(.text))
<BR>[Address Reference Count : 1]<UL><LI> startup_stm32f427xx.o(RESET)
</UL>
<P><STRONG><a name="[4e]"></a>OTG_FS_IRQHandler</STRONG> (Thumb, 0 bytes, Stack size 0 bytes, startup_stm32f427xx.o(.text))
<BR>[Address Reference Count : 1]<UL><LI> startup_stm32f427xx.o(RESET)
</UL>
<P><STRONG><a name="[35]"></a>OTG_FS_WKUP_IRQHandler</STRONG> (Thumb, 0 bytes, Stack size 0 bytes, startup_stm32f427xx.o(.text))
<BR>[Address Reference Count : 1]<UL><LI> startup_stm32f427xx.o(RESET)
</UL>
<P><STRONG><a name="[56]"></a>OTG_HS_EP1_IN_IRQHandler</STRONG> (Thumb, 0 bytes, Stack size 0 bytes, startup_stm32f427xx.o(.text))
<BR>[Address Reference Count : 1]<UL><LI> startup_stm32f427xx.o(RESET)
</UL>
<P><STRONG><a name="[55]"></a>OTG_HS_EP1_OUT_IRQHandler</STRONG> (Thumb, 0 bytes, Stack size 0 bytes, startup_stm32f427xx.o(.text))
<BR>[Address Reference Count : 1]<UL><LI> startup_stm32f427xx.o(RESET)
</UL>
<P><STRONG><a name="[58]"></a>OTG_HS_IRQHandler</STRONG> (Thumb, 0 bytes, Stack size 0 bytes, startup_stm32f427xx.o(.text))
<BR>[Address Reference Count : 1]<UL><LI> startup_stm32f427xx.o(RESET)
</UL>
<P><STRONG><a name="[57]"></a>OTG_HS_WKUP_IRQHandler</STRONG> (Thumb, 0 bytes, Stack size 0 bytes, startup_stm32f427xx.o(.text))
<BR>[Address Reference Count : 1]<UL><LI> startup_stm32f427xx.o(RESET)
</UL>
<P><STRONG><a name="[c]"></a>PVD_IRQHandler</STRONG> (Thumb, 0 bytes, Stack size 0 bytes, startup_stm32f427xx.o(.text))
<BR>[Address Reference Count : 1]<UL><LI> startup_stm32f427xx.o(RESET)
</UL>
<P><STRONG><a name="[10]"></a>RCC_IRQHandler</STRONG> (Thumb, 0 bytes, Stack size 0 bytes, startup_stm32f427xx.o(.text))
<BR>[Address Reference Count : 1]<UL><LI> startup_stm32f427xx.o(RESET)
</UL>
<P><STRONG><a name="[34]"></a>RTC_Alarm_IRQHandler</STRONG> (Thumb, 0 bytes, Stack size 0 bytes, startup_stm32f427xx.o(.text))
<BR>[Address Reference Count : 1]<UL><LI> startup_stm32f427xx.o(RESET)
</UL>
<P><STRONG><a name="[e]"></a>RTC_WKUP_IRQHandler</STRONG> (Thumb, 0 bytes, Stack size 0 bytes, startup_stm32f427xx.o(.text))
<BR>[Address Reference Count : 1]<UL><LI> startup_stm32f427xx.o(RESET)
</UL>
<P><STRONG><a name="[61]"></a>SAI1_IRQHandler</STRONG> (Thumb, 0 bytes, Stack size 0 bytes, startup_stm32f427xx.o(.text))
<BR>[Address Reference Count : 1]<UL><LI> startup_stm32f427xx.o(RESET)
</UL>
<P><STRONG><a name="[3c]"></a>SDIO_IRQHandler</STRONG> (Thumb, 0 bytes, Stack size 0 bytes, startup_stm32f427xx.o(.text))
<BR>[Address Reference Count : 1]<UL><LI> startup_stm32f427xx.o(RESET)
</UL>
<P><STRONG><a name="[2e]"></a>SPI1_IRQHandler</STRONG> (Thumb, 0 bytes, Stack size 0 bytes, startup_stm32f427xx.o(.text))
<BR>[Address Reference Count : 1]<UL><LI> startup_stm32f427xx.o(RESET)
</UL>
<P><STRONG><a name="[2f]"></a>SPI2_IRQHandler</STRONG> (Thumb, 0 bytes, Stack size 0 bytes, startup_stm32f427xx.o(.text))
<BR>[Address Reference Count : 1]<UL><LI> startup_stm32f427xx.o(RESET)
</UL>
<P><STRONG><a name="[3e]"></a>SPI3_IRQHandler</STRONG> (Thumb, 0 bytes, Stack size 0 bytes, startup_stm32f427xx.o(.text))
<BR>[Address Reference Count : 1]<UL><LI> startup_stm32f427xx.o(RESET)
</UL>
<P><STRONG><a name="[5e]"></a>SPI4_IRQHandler</STRONG> (Thumb, 0 bytes, Stack size 0 bytes, startup_stm32f427xx.o(.text))
<BR>[Address Reference Count : 1]<UL><LI> startup_stm32f427xx.o(RESET)
</UL>
<P><STRONG><a name="[60]"></a>SPI6_IRQHandler</STRONG> (Thumb, 0 bytes, Stack size 0 bytes, startup_stm32f427xx.o(.text))
<BR>[Address Reference Count : 1]<UL><LI> startup_stm32f427xx.o(RESET)
</UL>
<P><STRONG><a name="[d]"></a>TAMP_STAMP_IRQHandler</STRONG> (Thumb, 0 bytes, Stack size 0 bytes, startup_stm32f427xx.o(.text))
<BR>[Address Reference Count : 1]<UL><LI> startup_stm32f427xx.o(RESET)
</UL>
<P><STRONG><a name="[23]"></a>TIM1_BRK_TIM9_IRQHandler</STRONG> (Thumb, 0 bytes, Stack size 0 bytes, startup_stm32f427xx.o(.text))
<BR>[Address Reference Count : 1]<UL><LI> startup_stm32f427xx.o(RESET)
</UL>
<P><STRONG><a name="[26]"></a>TIM1_CC_IRQHandler</STRONG> (Thumb, 0 bytes, Stack size 0 bytes, startup_stm32f427xx.o(.text))
<BR>[Address Reference Count : 1]<UL><LI> startup_stm32f427xx.o(RESET)
</UL>
<P><STRONG><a name="[25]"></a>TIM1_TRG_COM_TIM11_IRQHandler</STRONG> (Thumb, 0 bytes, Stack size 0 bytes, startup_stm32f427xx.o(.text))
<BR>[Address Reference Count : 1]<UL><LI> startup_stm32f427xx.o(RESET)
</UL>
<P><STRONG><a name="[24]"></a>TIM1_UP_TIM10_IRQHandler</STRONG> (Thumb, 0 bytes, Stack size 0 bytes, startup_stm32f427xx.o(.text))
<BR>[Address Reference Count : 1]<UL><LI> startup_stm32f427xx.o(RESET)
</UL>
<P><STRONG><a name="[28]"></a>TIM3_IRQHandler</STRONG> (Thumb, 0 bytes, Stack size 0 bytes, startup_stm32f427xx.o(.text))
<BR>[Address Reference Count : 1]<UL><LI> startup_stm32f427xx.o(RESET)
</UL>
<P><STRONG><a name="[29]"></a>TIM4_IRQHandler</STRONG> (Thumb, 0 bytes, Stack size 0 bytes, startup_stm32f427xx.o(.text))
<BR>[Address Reference Count : 1]<UL><LI> startup_stm32f427xx.o(RESET)
</UL>
<P><STRONG><a name="[3d]"></a>TIM5_IRQHandler</STRONG> (Thumb, 0 bytes, Stack size 0 bytes, startup_stm32f427xx.o(.text))
<BR>[Address Reference Count : 1]<UL><LI> startup_stm32f427xx.o(RESET)
</UL>
<P><STRONG><a name="[42]"></a>TIM7_IRQHandler</STRONG> (Thumb, 0 bytes, Stack size 0 bytes, startup_stm32f427xx.o(.text))
<BR>[Address Reference Count : 1]<UL><LI> startup_stm32f427xx.o(RESET)
</UL>
<P><STRONG><a name="[3f]"></a>UART4_IRQHandler</STRONG> (Thumb, 0 bytes, Stack size 0 bytes, startup_stm32f427xx.o(.text))
<BR>[Address Reference Count : 1]<UL><LI> startup_stm32f427xx.o(RESET)
</UL>
<P><STRONG><a name="[40]"></a>UART5_IRQHandler</STRONG> (Thumb, 0 bytes, Stack size 0 bytes, startup_stm32f427xx.o(.text))
<BR>[Address Reference Count : 1]<UL><LI> startup_stm32f427xx.o(RESET)
</UL>
<P><STRONG><a name="[5d]"></a>UART8_IRQHandler</STRONG> (Thumb, 0 bytes, Stack size 0 bytes, startup_stm32f427xx.o(.text))
<BR>[Address Reference Count : 1]<UL><LI> startup_stm32f427xx.o(RESET)
</UL>
<P><STRONG><a name="[b]"></a>WWDG_IRQHandler</STRONG> (Thumb, 0 bytes, Stack size 0 bytes, startup_stm32f427xx.o(.text))
<BR>[Address Reference Count : 1]<UL><LI> startup_stm32f427xx.o(RESET)
</UL>
<P><STRONG><a name="[13a]"></a>__aeabi_memcpy</STRONG> (Thumb, 36 bytes, Stack size 0 bytes, memcpya.o(.text))
<BR><BR>[Called By]<UL><LI><a href="#[135]">&gt;&gt;</a>&nbsp;&nbsp;&nbsp;judgement_data_handler
</UL>

<P><STRONG><a name="[f8]"></a>__aeabi_memcpy4</STRONG> (Thumb, 0 bytes, Stack size 0 bytes, memcpya.o(.text))
<BR><BR>[Called By]<UL><LI><a href="#[f7]">&gt;&gt;</a>&nbsp;&nbsp;&nbsp;MPU6500_Init
</UL>

<P><STRONG><a name="[145]"></a>__aeabi_memcpy8</STRONG> (Thumb, 0 bytes, Stack size 0 bytes, memcpya.o(.text), UNUSED)

<P><STRONG><a name="[6a]"></a>__aeabi_dadd</STRONG> (Thumb, 322 bytes, Stack size 48 bytes, dadd.o(.text))
<BR><BR>[Stack]<UL><LI>Max Depth = 88<LI>Call Chain = __aeabi_dadd &rArr; _double_epilogue &rArr; _double_round
</UL>
<BR>[Calls]<UL><LI><a href="#[6c]">&gt;&gt;</a>&nbsp;&nbsp;&nbsp;__aeabi_lasr
<LI><a href="#[6b]">&gt;&gt;</a>&nbsp;&nbsp;&nbsp;__aeabi_llsl
<LI><a href="#[6e]">&gt;&gt;</a>&nbsp;&nbsp;&nbsp;_double_round
<LI><a href="#[6d]">&gt;&gt;</a>&nbsp;&nbsp;&nbsp;_double_epilogue
</UL>
<BR>[Called By]<UL><LI><a href="#[7b]">&gt;&gt;</a>&nbsp;&nbsp;&nbsp;Autoaiming
<LI><a href="#[86]">&gt;&gt;</a>&nbsp;&nbsp;&nbsp;CMControlLoop
<LI><a href="#[88]">&gt;&gt;</a>&nbsp;&nbsp;&nbsp;Small_gyroscope
<LI><a href="#[70]">&gt;&gt;</a>&nbsp;&nbsp;&nbsp;__aeabi_drsub
<LI><a href="#[7e]">&gt;&gt;</a>&nbsp;&nbsp;&nbsp;PID_Calc_Position
<LI><a href="#[89]">&gt;&gt;</a>&nbsp;&nbsp;&nbsp;PID_Calc1
<LI><a href="#[a3]">&gt;&gt;</a>&nbsp;&nbsp;&nbsp;Position_Round_Data_deal
<LI><a href="#[6f]">&gt;&gt;</a>&nbsp;&nbsp;&nbsp;__aeabi_dsub
<LI><a href="#[111]">&gt;&gt;</a>&nbsp;&nbsp;&nbsp;RC_control
<LI><a href="#[ce]">&gt;&gt;</a>&nbsp;&nbsp;&nbsp;HAL_TIM_PeriodElapsedCallback
<LI><a href="#[125]">&gt;&gt;</a>&nbsp;&nbsp;&nbsp;__kernel_sin
<LI><a href="#[124]">&gt;&gt;</a>&nbsp;&nbsp;&nbsp;__ieee754_rem_pio2
<LI><a href="#[12d]">&gt;&gt;</a>&nbsp;&nbsp;&nbsp;__kernel_poly
<LI><a href="#[127]">&gt;&gt;</a>&nbsp;&nbsp;&nbsp;__mathlib_dbl_infnan2
<LI><a href="#[123]">&gt;&gt;</a>&nbsp;&nbsp;&nbsp;__mathlib_dbl_infnan
<LI><a href="#[112]">&gt;&gt;</a>&nbsp;&nbsp;&nbsp;__hardfp_pow
</UL>

<P><STRONG><a name="[6f]"></a>__aeabi_dsub</STRONG> (Thumb, 6 bytes, Stack size 0 bytes, dadd.o(.text))
<BR><BR>[Stack]<UL><LI>Max Depth = 88<LI>Call Chain = __aeabi_dsub &rArr; __aeabi_dadd &rArr; _double_epilogue &rArr; _double_round
</UL>
<BR>[Calls]<UL><LI><a href="#[6a]">&gt;&gt;</a>&nbsp;&nbsp;&nbsp;__aeabi_dadd
</UL>
<BR>[Called By]<UL><LI><a href="#[86]">&gt;&gt;</a>&nbsp;&nbsp;&nbsp;CMControlLoop
<LI><a href="#[88]">&gt;&gt;</a>&nbsp;&nbsp;&nbsp;Small_gyroscope
<LI><a href="#[7e]">&gt;&gt;</a>&nbsp;&nbsp;&nbsp;PID_Calc_Position
<LI><a href="#[89]">&gt;&gt;</a>&nbsp;&nbsp;&nbsp;PID_Calc1
<LI><a href="#[111]">&gt;&gt;</a>&nbsp;&nbsp;&nbsp;RC_control
<LI><a href="#[125]">&gt;&gt;</a>&nbsp;&nbsp;&nbsp;__kernel_sin
<LI><a href="#[124]">&gt;&gt;</a>&nbsp;&nbsp;&nbsp;__ieee754_rem_pio2
<LI><a href="#[126]">&gt;&gt;</a>&nbsp;&nbsp;&nbsp;__kernel_cos
<LI><a href="#[112]">&gt;&gt;</a>&nbsp;&nbsp;&nbsp;__hardfp_pow
</UL>

<P><STRONG><a name="[70]"></a>__aeabi_drsub</STRONG> (Thumb, 6 bytes, Stack size 0 bytes, dadd.o(.text))
<BR><BR>[Stack]<UL><LI>Max Depth = 88<LI>Call Chain = __aeabi_drsub &rArr; __aeabi_dadd &rArr; _double_epilogue &rArr; _double_round
</UL>
<BR>[Calls]<UL><LI><a href="#[6a]">&gt;&gt;</a>&nbsp;&nbsp;&nbsp;__aeabi_dadd
</UL>
<BR>[Called By]<UL><LI><a href="#[125]">&gt;&gt;</a>&nbsp;&nbsp;&nbsp;__kernel_sin
<LI><a href="#[124]">&gt;&gt;</a>&nbsp;&nbsp;&nbsp;__ieee754_rem_pio2
<LI><a href="#[126]">&gt;&gt;</a>&nbsp;&nbsp;&nbsp;__kernel_cos
<LI><a href="#[112]">&gt;&gt;</a>&nbsp;&nbsp;&nbsp;__hardfp_pow
</UL>

<P><STRONG><a name="[71]"></a>__aeabi_dmul</STRONG> (Thumb, 228 bytes, Stack size 48 bytes, dmul.o(.text))
<BR><BR>[Stack]<UL><LI>Max Depth = 88<LI>Call Chain = __aeabi_dmul &rArr; _double_epilogue &rArr; _double_round
</UL>
<BR>[Calls]<UL><LI><a href="#[6d]">&gt;&gt;</a>&nbsp;&nbsp;&nbsp;_double_epilogue
</UL>
<BR>[Called By]<UL><LI><a href="#[8a]">&gt;&gt;</a>&nbsp;&nbsp;&nbsp;Cloud
<LI><a href="#[7b]">&gt;&gt;</a>&nbsp;&nbsp;&nbsp;Autoaiming
<LI><a href="#[8b]">&gt;&gt;</a>&nbsp;&nbsp;&nbsp;CloudParam_ControlLoop
<LI><a href="#[86]">&gt;&gt;</a>&nbsp;&nbsp;&nbsp;CMControlLoop
<LI><a href="#[88]">&gt;&gt;</a>&nbsp;&nbsp;&nbsp;Small_gyroscope
<LI><a href="#[7e]">&gt;&gt;</a>&nbsp;&nbsp;&nbsp;PID_Calc_Position
<LI><a href="#[89]">&gt;&gt;</a>&nbsp;&nbsp;&nbsp;PID_Calc1
<LI><a href="#[a3]">&gt;&gt;</a>&nbsp;&nbsp;&nbsp;Position_Round_Data_deal
<LI><a href="#[8d]">&gt;&gt;</a>&nbsp;&nbsp;&nbsp;Shooting_rotate
<LI><a href="#[111]">&gt;&gt;</a>&nbsp;&nbsp;&nbsp;RC_control
<LI><a href="#[ce]">&gt;&gt;</a>&nbsp;&nbsp;&nbsp;HAL_TIM_PeriodElapsedCallback
<LI><a href="#[125]">&gt;&gt;</a>&nbsp;&nbsp;&nbsp;__kernel_sin
<LI><a href="#[124]">&gt;&gt;</a>&nbsp;&nbsp;&nbsp;__ieee754_rem_pio2
<LI><a href="#[12d]">&gt;&gt;</a>&nbsp;&nbsp;&nbsp;__kernel_poly
<LI><a href="#[12c]">&gt;&gt;</a>&nbsp;&nbsp;&nbsp;__mathlib_dbl_underflow
<LI><a href="#[129]">&gt;&gt;</a>&nbsp;&nbsp;&nbsp;__mathlib_dbl_overflow
<LI><a href="#[126]">&gt;&gt;</a>&nbsp;&nbsp;&nbsp;__kernel_cos
<LI><a href="#[112]">&gt;&gt;</a>&nbsp;&nbsp;&nbsp;__hardfp_pow
</UL>

<P><STRONG><a name="[72]"></a>__aeabi_ddiv</STRONG> (Thumb, 222 bytes, Stack size 32 bytes, ddiv.o(.text))
<BR><BR>[Stack]<UL><LI>Max Depth = 40<LI>Call Chain = __aeabi_ddiv &rArr; _double_round
</UL>
<BR>[Calls]<UL><LI><a href="#[6e]">&gt;&gt;</a>&nbsp;&nbsp;&nbsp;_double_round
</UL>
<BR>[Called By]<UL><LI><a href="#[8a]">&gt;&gt;</a>&nbsp;&nbsp;&nbsp;Cloud
<LI><a href="#[7b]">&gt;&gt;</a>&nbsp;&nbsp;&nbsp;Autoaiming
<LI><a href="#[88]">&gt;&gt;</a>&nbsp;&nbsp;&nbsp;Small_gyroscope
<LI><a href="#[ce]">&gt;&gt;</a>&nbsp;&nbsp;&nbsp;HAL_TIM_PeriodElapsedCallback
<LI><a href="#[122]">&gt;&gt;</a>&nbsp;&nbsp;&nbsp;__mathlib_dbl_invalid
<LI><a href="#[128]">&gt;&gt;</a>&nbsp;&nbsp;&nbsp;__mathlib_dbl_divzero
<LI><a href="#[112]">&gt;&gt;</a>&nbsp;&nbsp;&nbsp;__hardfp_pow
</UL>

<P><STRONG><a name="[73]"></a>__aeabi_i2d</STRONG> (Thumb, 34 bytes, Stack size 16 bytes, dflti.o(.text))
<BR><BR>[Stack]<UL><LI>Max Depth = 56<LI>Call Chain = __aeabi_i2d &rArr; _double_epilogue &rArr; _double_round
</UL>
<BR>[Calls]<UL><LI><a href="#[6d]">&gt;&gt;</a>&nbsp;&nbsp;&nbsp;_double_epilogue
</UL>
<BR>[Called By]<UL><LI><a href="#[8a]">&gt;&gt;</a>&nbsp;&nbsp;&nbsp;Cloud
<LI><a href="#[7b]">&gt;&gt;</a>&nbsp;&nbsp;&nbsp;Autoaiming
<LI><a href="#[86]">&gt;&gt;</a>&nbsp;&nbsp;&nbsp;CMControlLoop
<LI><a href="#[88]">&gt;&gt;</a>&nbsp;&nbsp;&nbsp;Small_gyroscope
<LI><a href="#[8c]">&gt;&gt;</a>&nbsp;&nbsp;&nbsp;feedmotor
<LI><a href="#[a3]">&gt;&gt;</a>&nbsp;&nbsp;&nbsp;Position_Round_Data_deal
<LI><a href="#[124]">&gt;&gt;</a>&nbsp;&nbsp;&nbsp;__ieee754_rem_pio2
<LI><a href="#[112]">&gt;&gt;</a>&nbsp;&nbsp;&nbsp;__hardfp_pow
</UL>

<P><STRONG><a name="[74]"></a>__aeabi_ui2d</STRONG> (Thumb, 26 bytes, Stack size 16 bytes, dfltui.o(.text))
<BR><BR>[Stack]<UL><LI>Max Depth = 56<LI>Call Chain = __aeabi_ui2d &rArr; _double_epilogue &rArr; _double_round
</UL>
<BR>[Calls]<UL><LI><a href="#[6d]">&gt;&gt;</a>&nbsp;&nbsp;&nbsp;_double_epilogue
</UL>
<BR>[Called By]<UL><LI><a href="#[86]">&gt;&gt;</a>&nbsp;&nbsp;&nbsp;CMControlLoop
<LI><a href="#[124]">&gt;&gt;</a>&nbsp;&nbsp;&nbsp;__ieee754_rem_pio2
</UL>

<P><STRONG><a name="[75]"></a>__aeabi_d2iz</STRONG> (Thumb, 62 bytes, Stack size 16 bytes, dfixi.o(.text))
<BR><BR>[Stack]<UL><LI>Max Depth = 16<LI>Call Chain = __aeabi_d2iz
</UL>
<BR>[Calls]<UL><LI><a href="#[76]">&gt;&gt;</a>&nbsp;&nbsp;&nbsp;__aeabi_llsr
</UL>
<BR>[Called By]<UL><LI><a href="#[8a]">&gt;&gt;</a>&nbsp;&nbsp;&nbsp;Cloud
<LI><a href="#[7b]">&gt;&gt;</a>&nbsp;&nbsp;&nbsp;Autoaiming
<LI><a href="#[86]">&gt;&gt;</a>&nbsp;&nbsp;&nbsp;CMControlLoop
<LI><a href="#[88]">&gt;&gt;</a>&nbsp;&nbsp;&nbsp;Small_gyroscope
<LI><a href="#[8c]">&gt;&gt;</a>&nbsp;&nbsp;&nbsp;feedmotor
<LI><a href="#[a3]">&gt;&gt;</a>&nbsp;&nbsp;&nbsp;Position_Round_Data_deal
<LI><a href="#[8d]">&gt;&gt;</a>&nbsp;&nbsp;&nbsp;Shooting_rotate
<LI><a href="#[124]">&gt;&gt;</a>&nbsp;&nbsp;&nbsp;__ieee754_rem_pio2
<LI><a href="#[126]">&gt;&gt;</a>&nbsp;&nbsp;&nbsp;__kernel_cos
</UL>

<P><STRONG><a name="[7d]"></a>__aeabi_f2d</STRONG> (Thumb, 38 bytes, Stack size 0 bytes, f2d.o(.text))
<BR><BR>[Called By]<UL><LI><a href="#[8a]">&gt;&gt;</a>&nbsp;&nbsp;&nbsp;Cloud
<LI><a href="#[7b]">&gt;&gt;</a>&nbsp;&nbsp;&nbsp;Autoaiming
<LI><a href="#[8d]">&gt;&gt;</a>&nbsp;&nbsp;&nbsp;Shooting_rotate
<LI><a href="#[111]">&gt;&gt;</a>&nbsp;&nbsp;&nbsp;RC_control
<LI><a href="#[ce]">&gt;&gt;</a>&nbsp;&nbsp;&nbsp;HAL_TIM_PeriodElapsedCallback
</UL>

<P><STRONG><a name="[146]"></a>__aeabi_cdcmpeq</STRONG> (Thumb, 0 bytes, Stack size 0 bytes, cdcmple.o(.text), UNUSED)

<P><STRONG><a name="[113]"></a>__aeabi_cdcmple</STRONG> (Thumb, 48 bytes, Stack size 0 bytes, cdcmple.o(.text))
<BR><BR>[Called By]<UL><LI><a href="#[111]">&gt;&gt;</a>&nbsp;&nbsp;&nbsp;RC_control
</UL>

<P><STRONG><a name="[10c]"></a>__aeabi_cdrcmple</STRONG> (Thumb, 48 bytes, Stack size 0 bytes, cdrcmple.o(.text))
<BR><BR>[Called By]<UL><LI><a href="#[7e]">&gt;&gt;</a>&nbsp;&nbsp;&nbsp;PID_Calc_Position
<LI><a href="#[89]">&gt;&gt;</a>&nbsp;&nbsp;&nbsp;PID_Calc1
<LI><a href="#[111]">&gt;&gt;</a>&nbsp;&nbsp;&nbsp;RC_control
<LI><a href="#[112]">&gt;&gt;</a>&nbsp;&nbsp;&nbsp;__hardfp_pow
</UL>

<P><STRONG><a name="[77]"></a>__aeabi_d2f</STRONG> (Thumb, 56 bytes, Stack size 8 bytes, d2f.o(.text))
<BR><BR>[Stack]<UL><LI>Max Depth = 8<LI>Call Chain = __aeabi_d2f
</UL>
<BR>[Calls]<UL><LI><a href="#[78]">&gt;&gt;</a>&nbsp;&nbsp;&nbsp;_float_round
</UL>
<BR>[Called By]<UL><LI><a href="#[86]">&gt;&gt;</a>&nbsp;&nbsp;&nbsp;CMControlLoop
<LI><a href="#[89]">&gt;&gt;</a>&nbsp;&nbsp;&nbsp;PID_Calc1
<LI><a href="#[111]">&gt;&gt;</a>&nbsp;&nbsp;&nbsp;RC_control
</UL>

<P><STRONG><a name="[6b]"></a>__aeabi_llsl</STRONG> (Thumb, 30 bytes, Stack size 0 bytes, llshl.o(.text))
<BR><BR>[Called By]<UL><LI><a href="#[6a]">&gt;&gt;</a>&nbsp;&nbsp;&nbsp;__aeabi_dadd
<LI><a href="#[6d]">&gt;&gt;</a>&nbsp;&nbsp;&nbsp;_double_epilogue
</UL>

<P><STRONG><a name="[147]"></a>_ll_shift_l</STRONG> (Thumb, 0 bytes, Stack size 0 bytes, llshl.o(.text), UNUSED)

<P><STRONG><a name="[76]"></a>__aeabi_llsr</STRONG> (Thumb, 32 bytes, Stack size 0 bytes, llushr.o(.text))
<BR><BR>[Called By]<UL><LI><a href="#[75]">&gt;&gt;</a>&nbsp;&nbsp;&nbsp;__aeabi_d2iz
<LI><a href="#[7a]">&gt;&gt;</a>&nbsp;&nbsp;&nbsp;_dsqrt
<LI><a href="#[6d]">&gt;&gt;</a>&nbsp;&nbsp;&nbsp;_double_epilogue
</UL>

<P><STRONG><a name="[148]"></a>_ll_ushift_r</STRONG> (Thumb, 0 bytes, Stack size 0 bytes, llushr.o(.text), UNUSED)

<P><STRONG><a name="[6c]"></a>__aeabi_lasr</STRONG> (Thumb, 36 bytes, Stack size 0 bytes, llsshr.o(.text))
<BR><BR>[Called By]<UL><LI><a href="#[6a]">&gt;&gt;</a>&nbsp;&nbsp;&nbsp;__aeabi_dadd
</UL>

<P><STRONG><a name="[149]"></a>_ll_sshift_r</STRONG> (Thumb, 0 bytes, Stack size 0 bytes, llsshr.o(.text), UNUSED)

<P><STRONG><a name="[14a]"></a>__I$use$fp</STRONG> (Thumb, 0 bytes, Stack size 0 bytes, iusefp.o(.text), UNUSED)

<P><STRONG><a name="[78]"></a>_float_round</STRONG> (Thumb, 18 bytes, Stack size 0 bytes, fepilogue.o(.text))
<BR><BR>[Called By]<UL><LI><a href="#[77]">&gt;&gt;</a>&nbsp;&nbsp;&nbsp;__aeabi_d2f
</UL>

<P><STRONG><a name="[14b]"></a>_float_epilogue</STRONG> (Thumb, 92 bytes, Stack size 4 bytes, fepilogue.o(.text), UNUSED)

<P><STRONG><a name="[6e]"></a>_double_round</STRONG> (Thumb, 30 bytes, Stack size 8 bytes, depilogue.o(.text))
<BR><BR>[Stack]<UL><LI>Max Depth = 8<LI>Call Chain = _double_round
</UL>
<BR>[Called By]<UL><LI><a href="#[72]">&gt;&gt;</a>&nbsp;&nbsp;&nbsp;__aeabi_ddiv
<LI><a href="#[6a]">&gt;&gt;</a>&nbsp;&nbsp;&nbsp;__aeabi_dadd
<LI><a href="#[7a]">&gt;&gt;</a>&nbsp;&nbsp;&nbsp;_dsqrt
<LI><a href="#[6d]">&gt;&gt;</a>&nbsp;&nbsp;&nbsp;_double_epilogue
</UL>

<P><STRONG><a name="[6d]"></a>_double_epilogue</STRONG> (Thumb, 156 bytes, Stack size 32 bytes, depilogue.o(.text))
<BR><BR>[Stack]<UL><LI>Max Depth = 40<LI>Call Chain = _double_epilogue &rArr; _double_round
</UL>
<BR>[Calls]<UL><LI><a href="#[76]">&gt;&gt;</a>&nbsp;&nbsp;&nbsp;__aeabi_llsr
<LI><a href="#[6b]">&gt;&gt;</a>&nbsp;&nbsp;&nbsp;__aeabi_llsl
<LI><a href="#[6e]">&gt;&gt;</a>&nbsp;&nbsp;&nbsp;_double_round
</UL>
<BR>[Called By]<UL><LI><a href="#[74]">&gt;&gt;</a>&nbsp;&nbsp;&nbsp;__aeabi_ui2d
<LI><a href="#[73]">&gt;&gt;</a>&nbsp;&nbsp;&nbsp;__aeabi_i2d
<LI><a href="#[71]">&gt;&gt;</a>&nbsp;&nbsp;&nbsp;__aeabi_dmul
<LI><a href="#[6a]">&gt;&gt;</a>&nbsp;&nbsp;&nbsp;__aeabi_dadd
</UL>

<P><STRONG><a name="[12e]"></a>__ARM_scalbn</STRONG> (Thumb, 46 bytes, Stack size 16 bytes, dscalb.o(.text))
<BR><BR>[Stack]<UL><LI>Max Depth = 16<LI>Call Chain = __ARM_scalbn
</UL>
<BR>[Called By]<UL><LI><a href="#[112]">&gt;&gt;</a>&nbsp;&nbsp;&nbsp;__hardfp_pow
</UL>

<P><STRONG><a name="[14c]"></a>scalbn</STRONG> (Thumb, 0 bytes, Stack size 16 bytes, dscalb.o(.text), UNUSED)

<P><STRONG><a name="[69]"></a>__scatterload</STRONG> (Thumb, 28 bytes, Stack size 0 bytes, init.o(.text))
<BR><BR>[Calls]<UL><LI><a href="#[79]">&gt;&gt;</a>&nbsp;&nbsp;&nbsp;__main_after_scatterload
</UL>
<BR>[Called By]<UL><LI><a href="#[68]">&gt;&gt;</a>&nbsp;&nbsp;&nbsp;_main_scatterload
</UL>

<P><STRONG><a name="[14d]"></a>__scatterload_rt2</STRONG> (Thumb, 0 bytes, Stack size 0 bytes, init.o(.text), UNUSED)

<P><STRONG><a name="[7a]"></a>_dsqrt</STRONG> (Thumb, 162 bytes, Stack size 32 bytes, dsqrt.o(.text))
<BR><BR>[Stack]<UL><LI>Max Depth = 40<LI>Call Chain = _dsqrt &rArr; _double_round
</UL>
<BR>[Calls]<UL><LI><a href="#[76]">&gt;&gt;</a>&nbsp;&nbsp;&nbsp;__aeabi_llsr
<LI><a href="#[6e]">&gt;&gt;</a>&nbsp;&nbsp;&nbsp;_double_round
</UL>
<BR>[Called By]<UL><LI><a href="#[12a]">&gt;&gt;</a>&nbsp;&nbsp;&nbsp;sqrt
</UL>

<P><STRONG><a name="[14e]"></a>__decompress</STRONG> (Thumb, 0 bytes, Stack size unknown bytes, __dczerorl.o(.text), UNUSED)

<P><STRONG><a name="[14f]"></a>__decompress0</STRONG> (Thumb, 58 bytes, Stack size unknown bytes, __dczerorl.o(.text), UNUSED)

<P><STRONG><a name="[7b]"></a>Autoaiming</STRONG> (Thumb, 750 bytes, Stack size 80 bytes, bkd_autoaiming.o(i.Autoaiming))
<BR><BR>[Stack]<UL><LI>Max Depth = 200<LI>Call Chain = Autoaiming &rArr; PID_Calc_Position &rArr; __aeabi_dsub &rArr; __aeabi_dadd &rArr; _double_epilogue &rArr; _double_round
</UL>
<BR>[Calls]<UL><LI><a href="#[7c]">&gt;&gt;</a>&nbsp;&nbsp;&nbsp;HAL_GPIO_WritePin
<LI><a href="#[72]">&gt;&gt;</a>&nbsp;&nbsp;&nbsp;__aeabi_ddiv
<LI><a href="#[7e]">&gt;&gt;</a>&nbsp;&nbsp;&nbsp;PID_Calc_Position
<LI><a href="#[73]">&gt;&gt;</a>&nbsp;&nbsp;&nbsp;__aeabi_i2d
<LI><a href="#[75]">&gt;&gt;</a>&nbsp;&nbsp;&nbsp;__aeabi_d2iz
<LI><a href="#[7d]">&gt;&gt;</a>&nbsp;&nbsp;&nbsp;__aeabi_f2d
<LI><a href="#[71]">&gt;&gt;</a>&nbsp;&nbsp;&nbsp;__aeabi_dmul
<LI><a href="#[6a]">&gt;&gt;</a>&nbsp;&nbsp;&nbsp;__aeabi_dadd
<LI><a href="#[7f]">&gt;&gt;</a>&nbsp;&nbsp;&nbsp;CAN_Send_Message
</UL>
<BR>[Called By]<UL><LI><a href="#[8b]">&gt;&gt;</a>&nbsp;&nbsp;&nbsp;CloudParam_ControlLoop
</UL>

<P><STRONG><a name="[5]"></a>BusFault_Handler</STRONG> (Thumb, 2 bytes, Stack size 0 bytes, stm32f4xx_it.o(i.BusFault_Handler))
<BR><BR>[Calls]<UL><LI><a href="#[5]">&gt;&gt;</a>&nbsp;&nbsp;&nbsp;BusFault_Handler
</UL>
<BR>[Called By]<UL><LI><a href="#[5]">&gt;&gt;</a>&nbsp;&nbsp;&nbsp;BusFault_Handler
</UL>
<BR>[Address Reference Count : 1]<UL><LI> startup_stm32f427xx.o(RESET)
</UL>
<P><STRONG><a name="[1f]"></a>CAN1_RX0_IRQHandler</STRONG> (Thumb, 6 bytes, Stack size 0 bytes, stm32f4xx_it.o(i.CAN1_RX0_IRQHandler))
<BR><BR>[Stack]<UL><LI>Max Depth = 152<LI>Call Chain = CAN1_RX0_IRQHandler &rArr; HAL_CAN_IRQHandler &rArr; CAN_Receive_IT &rArr; HAL_CAN_RxCpltCallback &rArr; Position_Round_Data_deal &rArr; __aeabi_dmul &rArr; _double_epilogue &rArr; _double_round
</UL>
<BR>[Calls]<UL><LI><a href="#[80]">&gt;&gt;</a>&nbsp;&nbsp;&nbsp;HAL_CAN_IRQHandler
</UL>
<BR>[Address Reference Count : 1]<UL><LI> startup_stm32f427xx.o(RESET)
</UL>
<P><STRONG><a name="[1e]"></a>CAN1_TX_IRQHandler</STRONG> (Thumb, 6 bytes, Stack size 0 bytes, stm32f4xx_it.o(i.CAN1_TX_IRQHandler))
<BR><BR>[Stack]<UL><LI>Max Depth = 152<LI>Call Chain = CAN1_TX_IRQHandler &rArr; HAL_CAN_IRQHandler &rArr; CAN_Receive_IT &rArr; HAL_CAN_RxCpltCallback &rArr; Position_Round_Data_deal &rArr; __aeabi_dmul &rArr; _double_epilogue &rArr; _double_round
</UL>
<BR>[Calls]<UL><LI><a href="#[80]">&gt;&gt;</a>&nbsp;&nbsp;&nbsp;HAL_CAN_IRQHandler
</UL>
<BR>[Address Reference Count : 1]<UL><LI> startup_stm32f427xx.o(RESET)
</UL>
<P><STRONG><a name="[4b]"></a>CAN2_RX0_IRQHandler</STRONG> (Thumb, 6 bytes, Stack size 0 bytes, stm32f4xx_it.o(i.CAN2_RX0_IRQHandler))
<BR><BR>[Stack]<UL><LI>Max Depth = 152<LI>Call Chain = CAN2_RX0_IRQHandler &rArr; HAL_CAN_IRQHandler &rArr; CAN_Receive_IT &rArr; HAL_CAN_RxCpltCallback &rArr; Position_Round_Data_deal &rArr; __aeabi_dmul &rArr; _double_epilogue &rArr; _double_round
</UL>
<BR>[Calls]<UL><LI><a href="#[80]">&gt;&gt;</a>&nbsp;&nbsp;&nbsp;HAL_CAN_IRQHandler
</UL>
<BR>[Address Reference Count : 1]<UL><LI> startup_stm32f427xx.o(RESET)
</UL>
<P><STRONG><a name="[4a]"></a>CAN2_TX_IRQHandler</STRONG> (Thumb, 6 bytes, Stack size 0 bytes, stm32f4xx_it.o(i.CAN2_TX_IRQHandler))
<BR><BR>[Stack]<UL><LI>Max Depth = 152<LI>Call Chain = CAN2_TX_IRQHandler &rArr; HAL_CAN_IRQHandler &rArr; CAN_Receive_IT &rArr; HAL_CAN_RxCpltCallback &rArr; Position_Round_Data_deal &rArr; __aeabi_dmul &rArr; _double_epilogue &rArr; _double_round
</UL>
<BR>[Calls]<UL><LI><a href="#[80]">&gt;&gt;</a>&nbsp;&nbsp;&nbsp;HAL_CAN_IRQHandler
</UL>
<BR>[Address Reference Count : 1]<UL><LI> startup_stm32f427xx.o(RESET)
</UL>
<P><STRONG><a name="[7f]"></a>CAN_Send_Message</STRONG> (Thumb, 74 bytes, Stack size 16 bytes, bkd_can.o(i.CAN_Send_Message))
<BR><BR>[Stack]<UL><LI>Max Depth = 56<LI>Call Chain = CAN_Send_Message &rArr; HAL_CAN_Transmit
</UL>
<BR>[Calls]<UL><LI><a href="#[83]">&gt;&gt;</a>&nbsp;&nbsp;&nbsp;HAL_CAN_Transmit
</UL>
<BR>[Called By]<UL><LI><a href="#[8a]">&gt;&gt;</a>&nbsp;&nbsp;&nbsp;Cloud
<LI><a href="#[7b]">&gt;&gt;</a>&nbsp;&nbsp;&nbsp;Autoaiming
<LI><a href="#[86]">&gt;&gt;</a>&nbsp;&nbsp;&nbsp;CMControlLoop
<LI><a href="#[88]">&gt;&gt;</a>&nbsp;&nbsp;&nbsp;Small_gyroscope
<LI><a href="#[8c]">&gt;&gt;</a>&nbsp;&nbsp;&nbsp;feedmotor
<LI><a href="#[110]">&gt;&gt;</a>&nbsp;&nbsp;&nbsp;Parking
<LI><a href="#[108]">&gt;&gt;</a>&nbsp;&nbsp;&nbsp;PC_control
</UL>

<P><STRONG><a name="[86]"></a>CMControlLoop</STRONG> (Thumb, 644 bytes, Stack size 64 bytes, bkd_control.o(i.CMControlLoop))
<BR><BR>[Stack]<UL><LI>Max Depth = 368<LI>Call Chain = CMControlLoop &rArr; Small_gyroscope &rArr; __hardfp_sin &rArr; __ieee754_rem_pio2 &rArr; __aeabi_drsub &rArr; __aeabi_dadd &rArr; _double_epilogue &rArr; _double_round
</UL>
<BR>[Calls]<UL><LI><a href="#[74]">&gt;&gt;</a>&nbsp;&nbsp;&nbsp;__aeabi_ui2d
<LI><a href="#[87]">&gt;&gt;</a>&nbsp;&nbsp;&nbsp;Get_Adc_Average
<LI><a href="#[88]">&gt;&gt;</a>&nbsp;&nbsp;&nbsp;Small_gyroscope
<LI><a href="#[89]">&gt;&gt;</a>&nbsp;&nbsp;&nbsp;PID_Calc1
<LI><a href="#[73]">&gt;&gt;</a>&nbsp;&nbsp;&nbsp;__aeabi_i2d
<LI><a href="#[75]">&gt;&gt;</a>&nbsp;&nbsp;&nbsp;__aeabi_d2iz
<LI><a href="#[6f]">&gt;&gt;</a>&nbsp;&nbsp;&nbsp;__aeabi_dsub
<LI><a href="#[71]">&gt;&gt;</a>&nbsp;&nbsp;&nbsp;__aeabi_dmul
<LI><a href="#[6a]">&gt;&gt;</a>&nbsp;&nbsp;&nbsp;__aeabi_dadd
<LI><a href="#[77]">&gt;&gt;</a>&nbsp;&nbsp;&nbsp;__aeabi_d2f
<LI><a href="#[7f]">&gt;&gt;</a>&nbsp;&nbsp;&nbsp;CAN_Send_Message
</UL>
<BR>[Called By]<UL><LI><a href="#[8e]">&gt;&gt;</a>&nbsp;&nbsp;&nbsp;Control_Task
</UL>

<P><STRONG><a name="[8a]"></a>Cloud</STRONG> (Thumb, 554 bytes, Stack size 72 bytes, bkd_autoaiming.o(i.Cloud))
<BR><BR>[Stack]<UL><LI>Max Depth = 192<LI>Call Chain = Cloud &rArr; PID_Calc_Position &rArr; __aeabi_dsub &rArr; __aeabi_dadd &rArr; _double_epilogue &rArr; _double_round
</UL>
<BR>[Calls]<UL><LI><a href="#[72]">&gt;&gt;</a>&nbsp;&nbsp;&nbsp;__aeabi_ddiv
<LI><a href="#[7e]">&gt;&gt;</a>&nbsp;&nbsp;&nbsp;PID_Calc_Position
<LI><a href="#[73]">&gt;&gt;</a>&nbsp;&nbsp;&nbsp;__aeabi_i2d
<LI><a href="#[75]">&gt;&gt;</a>&nbsp;&nbsp;&nbsp;__aeabi_d2iz
<LI><a href="#[7d]">&gt;&gt;</a>&nbsp;&nbsp;&nbsp;__aeabi_f2d
<LI><a href="#[71]">&gt;&gt;</a>&nbsp;&nbsp;&nbsp;__aeabi_dmul
<LI><a href="#[7f]">&gt;&gt;</a>&nbsp;&nbsp;&nbsp;CAN_Send_Message
</UL>
<BR>[Called By]<UL><LI><a href="#[8b]">&gt;&gt;</a>&nbsp;&nbsp;&nbsp;CloudParam_ControlLoop
</UL>

<P><STRONG><a name="[8b]"></a>CloudParam_ControlLoop</STRONG> (Thumb, 162 bytes, Stack size 32 bytes, bkd_control.o(i.CloudParam_ControlLoop))
<BR><BR>[Stack]<UL><LI>Max Depth = 240<LI>Call Chain = CloudParam_ControlLoop &rArr; feedmotor &rArr; PID_Calc1 &rArr; __aeabi_dsub &rArr; __aeabi_dadd &rArr; _double_epilogue &rArr; _double_round
</UL>
<BR>[Calls]<UL><LI><a href="#[7c]">&gt;&gt;</a>&nbsp;&nbsp;&nbsp;HAL_GPIO_WritePin
<LI><a href="#[8a]">&gt;&gt;</a>&nbsp;&nbsp;&nbsp;Cloud
<LI><a href="#[7b]">&gt;&gt;</a>&nbsp;&nbsp;&nbsp;Autoaiming
<LI><a href="#[8c]">&gt;&gt;</a>&nbsp;&nbsp;&nbsp;feedmotor
<LI><a href="#[71]">&gt;&gt;</a>&nbsp;&nbsp;&nbsp;__aeabi_dmul
<LI><a href="#[8d]">&gt;&gt;</a>&nbsp;&nbsp;&nbsp;Shooting_rotate
</UL>
<BR>[Called By]<UL><LI><a href="#[8e]">&gt;&gt;</a>&nbsp;&nbsp;&nbsp;Control_Task
</UL>

<P><STRONG><a name="[13b]"></a>ConfigUart7DMA</STRONG> (Thumb, 20 bytes, Stack size 0 bytes, usart.o(i.ConfigUart7DMA))
<BR><BR>[Called By]<UL><LI><a href="#[63]">&gt;&gt;</a>&nbsp;&nbsp;&nbsp;main
</UL>

<P><STRONG><a name="[8e]"></a>Control_Task</STRONG> (Thumb, 86 bytes, Stack size 16 bytes, bkd_control.o(i.Control_Task))
<BR><BR>[Stack]<UL><LI>Max Depth = 384<LI>Call Chain = Control_Task &rArr; CMControlLoop &rArr; Small_gyroscope &rArr; __hardfp_sin &rArr; __ieee754_rem_pio2 &rArr; __aeabi_drsub &rArr; __aeabi_dadd &rArr; _double_epilogue &rArr; _double_round
</UL>
<BR>[Calls]<UL><LI><a href="#[8b]">&gt;&gt;</a>&nbsp;&nbsp;&nbsp;CloudParam_ControlLoop
<LI><a href="#[86]">&gt;&gt;</a>&nbsp;&nbsp;&nbsp;CMControlLoop
<LI><a href="#[8f]">&gt;&gt;</a>&nbsp;&nbsp;&nbsp;Remote_Task
</UL>
<BR>[Called By]<UL><LI><a href="#[ce]">&gt;&gt;</a>&nbsp;&nbsp;&nbsp;HAL_TIM_PeriodElapsedCallback
</UL>

<P><STRONG><a name="[19]"></a>DMA1_Stream3_IRQHandler</STRONG> (Thumb, 6 bytes, Stack size 0 bytes, stm32f4xx_it.o(i.DMA1_Stream3_IRQHandler))
<BR><BR>[Stack]<UL><LI>Max Depth = 32<LI>Call Chain = DMA1_Stream3_IRQHandler &rArr; HAL_DMA_IRQHandler
</UL>
<BR>[Calls]<UL><LI><a href="#[90]">&gt;&gt;</a>&nbsp;&nbsp;&nbsp;HAL_DMA_IRQHandler
</UL>
<BR>[Address Reference Count : 1]<UL><LI> startup_stm32f427xx.o(RESET)
</UL>
<P><STRONG><a name="[45]"></a>DMA2_Stream2_IRQHandler</STRONG> (Thumb, 6 bytes, Stack size 0 bytes, stm32f4xx_it.o(i.DMA2_Stream2_IRQHandler))
<BR><BR>[Stack]<UL><LI>Max Depth = 32<LI>Call Chain = DMA2_Stream2_IRQHandler &rArr; HAL_DMA_IRQHandler
</UL>
<BR>[Calls]<UL><LI><a href="#[90]">&gt;&gt;</a>&nbsp;&nbsp;&nbsp;HAL_DMA_IRQHandler
</UL>
<BR>[Address Reference Count : 1]<UL><LI> startup_stm32f427xx.o(RESET)
</UL>
<P><STRONG><a name="[46]"></a>DMA2_Stream3_IRQHandler</STRONG> (Thumb, 6 bytes, Stack size 0 bytes, stm32f4xx_it.o(i.DMA2_Stream3_IRQHandler))
<BR><BR>[Stack]<UL><LI>Max Depth = 32<LI>Call Chain = DMA2_Stream3_IRQHandler &rArr; HAL_DMA_IRQHandler
</UL>
<BR>[Calls]<UL><LI><a href="#[90]">&gt;&gt;</a>&nbsp;&nbsp;&nbsp;HAL_DMA_IRQHandler
</UL>
<BR>[Address Reference Count : 1]<UL><LI> startup_stm32f427xx.o(RESET)
</UL>
<P><STRONG><a name="[47]"></a>DMA2_Stream4_IRQHandler</STRONG> (Thumb, 6 bytes, Stack size 0 bytes, stm32f4xx_it.o(i.DMA2_Stream4_IRQHandler))
<BR><BR>[Stack]<UL><LI>Max Depth = 32<LI>Call Chain = DMA2_Stream4_IRQHandler &rArr; HAL_DMA_IRQHandler
</UL>
<BR>[Calls]<UL><LI><a href="#[90]">&gt;&gt;</a>&nbsp;&nbsp;&nbsp;HAL_DMA_IRQHandler
</UL>
<BR>[Address Reference Count : 1]<UL><LI> startup_stm32f427xx.o(RESET)
</UL>
<P><STRONG><a name="[8]"></a>DebugMon_Handler</STRONG> (Thumb, 2 bytes, Stack size 0 bytes, stm32f4xx_it.o(i.DebugMon_Handler))
<BR>[Address Reference Count : 1]<UL><LI> startup_stm32f427xx.o(RESET)
</UL>
<P><STRONG><a name="[11d]"></a>Dma_Callback_RC_Handle</STRONG> (Thumb, 118 bytes, Stack size 0 bytes, bkd_usart.o(i.Dma_Callback_RC_Handle))
<BR><BR>[Called By]<UL><LI><a href="#[f6]">&gt;&gt;</a>&nbsp;&nbsp;&nbsp;UART_IdleRxCallback
</UL>

<P><STRONG><a name="[91]"></a>Error_Handler</STRONG> (Thumb, 2 bytes, Stack size 0 bytes, main.o(i.Error_Handler))
<BR><BR>[Calls]<UL><LI><a href="#[91]">&gt;&gt;</a>&nbsp;&nbsp;&nbsp;Error_Handler
</UL>
<BR>[Called By]<UL><LI><a href="#[e4]">&gt;&gt;</a>&nbsp;&nbsp;&nbsp;HAL_UART_MspInit
<LI><a href="#[106]">&gt;&gt;</a>&nbsp;&nbsp;&nbsp;MX_USART6_UART_Init
<LI><a href="#[105]">&gt;&gt;</a>&nbsp;&nbsp;&nbsp;MX_USART1_UART_Init
<LI><a href="#[102]">&gt;&gt;</a>&nbsp;&nbsp;&nbsp;MX_TIM6_Init
<LI><a href="#[ff]">&gt;&gt;</a>&nbsp;&nbsp;&nbsp;MX_TIM2_Init
<LI><a href="#[fe]">&gt;&gt;</a>&nbsp;&nbsp;&nbsp;MX_SPI5_Init
<LI><a href="#[fb]">&gt;&gt;</a>&nbsp;&nbsp;&nbsp;MX_CAN2_Init
<LI><a href="#[f9]">&gt;&gt;</a>&nbsp;&nbsp;&nbsp;MX_CAN1_Init
<LI><a href="#[91]">&gt;&gt;</a>&nbsp;&nbsp;&nbsp;Error_Handler
</UL>

<P><STRONG><a name="[e7]"></a>Fake_Delay</STRONG> (Thumb, 10 bytes, Stack size 0 bytes, bkd_control.o(i.Fake_Delay))
<BR><BR>[Called By]<UL><LI><a href="#[e6]">&gt;&gt;</a>&nbsp;&nbsp;&nbsp;HAL_UART_RxCpltCallback
</UL>

<P><STRONG><a name="[92]"></a>Get_Adc</STRONG> (Thumb, 50 bytes, Stack size 24 bytes, adc.o(i.Get_Adc))
<BR><BR>[Stack]<UL><LI>Max Depth = 48<LI>Call Chain = Get_Adc &rArr; HAL_ADC_PollForConversion
</UL>
<BR>[Calls]<UL><LI><a href="#[94]">&gt;&gt;</a>&nbsp;&nbsp;&nbsp;HAL_ADC_Start
<LI><a href="#[95]">&gt;&gt;</a>&nbsp;&nbsp;&nbsp;HAL_ADC_PollForConversion
<LI><a href="#[96]">&gt;&gt;</a>&nbsp;&nbsp;&nbsp;HAL_ADC_GetValue
<LI><a href="#[93]">&gt;&gt;</a>&nbsp;&nbsp;&nbsp;HAL_ADC_ConfigChannel
</UL>
<BR>[Called By]<UL><LI><a href="#[87]">&gt;&gt;</a>&nbsp;&nbsp;&nbsp;Get_Adc_Average
</UL>

<P><STRONG><a name="[87]"></a>Get_Adc_Average</STRONG> (Thumb, 46 bytes, Stack size 24 bytes, adc.o(i.Get_Adc_Average))
<BR><BR>[Stack]<UL><LI>Max Depth = 72<LI>Call Chain = Get_Adc_Average &rArr; Get_Adc &rArr; HAL_ADC_PollForConversion
</UL>
<BR>[Calls]<UL><LI><a href="#[92]">&gt;&gt;</a>&nbsp;&nbsp;&nbsp;Get_Adc
<LI><a href="#[97]">&gt;&gt;</a>&nbsp;&nbsp;&nbsp;delay_ms
</UL>
<BR>[Called By]<UL><LI><a href="#[86]">&gt;&gt;</a>&nbsp;&nbsp;&nbsp;CMControlLoop
</UL>

<P><STRONG><a name="[e9]"></a>Get_Yaw_Angle</STRONG> (Thumb, 88 bytes, Stack size 12 bytes, test_imu.o(i.Get_Yaw_Angle))
<BR><BR>[Stack]<UL><LI>Max Depth = 12<LI>Call Chain = Get_Yaw_Angle
</UL>
<BR>[Called By]<UL><LI><a href="#[dc]">&gt;&gt;</a>&nbsp;&nbsp;&nbsp;IMU_Get_Data
</UL>

<P><STRONG><a name="[93]"></a>HAL_ADC_ConfigChannel</STRONG> (Thumb, 324 bytes, Stack size 20 bytes, stm32f4xx_hal_adc.o(i.HAL_ADC_ConfigChannel))
<BR><BR>[Stack]<UL><LI>Max Depth = 20<LI>Call Chain = HAL_ADC_ConfigChannel
</UL>
<BR>[Called By]<UL><LI><a href="#[92]">&gt;&gt;</a>&nbsp;&nbsp;&nbsp;Get_Adc
</UL>

<P><STRONG><a name="[96]"></a>HAL_ADC_GetValue</STRONG> (Thumb, 6 bytes, Stack size 0 bytes, stm32f4xx_hal_adc.o(i.HAL_ADC_GetValue))
<BR><BR>[Called By]<UL><LI><a href="#[92]">&gt;&gt;</a>&nbsp;&nbsp;&nbsp;Get_Adc
</UL>

<P><STRONG><a name="[98]"></a>HAL_ADC_Init</STRONG> (Thumb, 84 bytes, Stack size 16 bytes, stm32f4xx_hal_adc.o(i.HAL_ADC_Init))
<BR><BR>[Stack]<UL><LI>Max Depth = 88<LI>Call Chain = HAL_ADC_Init &rArr; HAL_ADC_MspInit &rArr; HAL_GPIO_Init
</UL>
<BR>[Calls]<UL><LI><a href="#[9a]">&gt;&gt;</a>&nbsp;&nbsp;&nbsp;ADC_Init
<LI><a href="#[99]">&gt;&gt;</a>&nbsp;&nbsp;&nbsp;HAL_ADC_MspInit
</UL>
<BR>[Called By]<UL><LI><a href="#[107]">&gt;&gt;</a>&nbsp;&nbsp;&nbsp;MY_ADC_Init
</UL>

<P><STRONG><a name="[99]"></a>HAL_ADC_MspInit</STRONG> (Thumb, 66 bytes, Stack size 32 bytes, adc.o(i.HAL_ADC_MspInit))
<BR><BR>[Stack]<UL><LI>Max Depth = 72<LI>Call Chain = HAL_ADC_MspInit &rArr; HAL_GPIO_Init
</UL>
<BR>[Calls]<UL><LI><a href="#[9b]">&gt;&gt;</a>&nbsp;&nbsp;&nbsp;HAL_GPIO_Init
</UL>
<BR>[Called By]<UL><LI><a href="#[98]">&gt;&gt;</a>&nbsp;&nbsp;&nbsp;HAL_ADC_Init
</UL>

<P><STRONG><a name="[95]"></a>HAL_ADC_PollForConversion</STRONG> (Thumb, 162 bytes, Stack size 24 bytes, stm32f4xx_hal_adc.o(i.HAL_ADC_PollForConversion))
<BR><BR>[Stack]<UL><LI>Max Depth = 24<LI>Call Chain = HAL_ADC_PollForConversion
</UL>
<BR>[Calls]<UL><LI><a href="#[9c]">&gt;&gt;</a>&nbsp;&nbsp;&nbsp;HAL_GetTick
</UL>
<BR>[Called By]<UL><LI><a href="#[92]">&gt;&gt;</a>&nbsp;&nbsp;&nbsp;Get_Adc
</UL>

<P><STRONG><a name="[94]"></a>HAL_ADC_Start</STRONG> (Thumb, 170 bytes, Stack size 12 bytes, stm32f4xx_hal_adc.o(i.HAL_ADC_Start))
<BR><BR>[Stack]<UL><LI>Max Depth = 12<LI>Call Chain = HAL_ADC_Start
</UL>
<BR>[Called By]<UL><LI><a href="#[92]">&gt;&gt;</a>&nbsp;&nbsp;&nbsp;Get_Adc
</UL>

<P><STRONG><a name="[fa]"></a>HAL_CAN_ConfigFilter</STRONG> (Thumb, 218 bytes, Stack size 20 bytes, stm32f4xx_hal_can.o(i.HAL_CAN_ConfigFilter))
<BR><BR>[Stack]<UL><LI>Max Depth = 20<LI>Call Chain = HAL_CAN_ConfigFilter
</UL>
<BR>[Called By]<UL><LI><a href="#[fb]">&gt;&gt;</a>&nbsp;&nbsp;&nbsp;MX_CAN2_Init
<LI><a href="#[f9]">&gt;&gt;</a>&nbsp;&nbsp;&nbsp;MX_CAN1_Init
</UL>

<P><STRONG><a name="[9d]"></a>HAL_CAN_ErrorCallback</STRONG> (Thumb, 2 bytes, Stack size 0 bytes, stm32f4xx_hal_can.o(i.HAL_CAN_ErrorCallback))
<BR><BR>[Called By]<UL><LI><a href="#[80]">&gt;&gt;</a>&nbsp;&nbsp;&nbsp;HAL_CAN_IRQHandler
</UL>

<P><STRONG><a name="[80]"></a>HAL_CAN_IRQHandler</STRONG> (Thumb, 370 bytes, Stack size 8 bytes, stm32f4xx_hal_can.o(i.HAL_CAN_IRQHandler))
<BR><BR>[Stack]<UL><LI>Max Depth = 152<LI>Call Chain = HAL_CAN_IRQHandler &rArr; CAN_Receive_IT &rArr; HAL_CAN_RxCpltCallback &rArr; Position_Round_Data_deal &rArr; __aeabi_dmul &rArr; _double_epilogue &rArr; _double_round
</UL>
<BR>[Calls]<UL><LI><a href="#[9d]">&gt;&gt;</a>&nbsp;&nbsp;&nbsp;HAL_CAN_ErrorCallback
<LI><a href="#[84]">&gt;&gt;</a>&nbsp;&nbsp;&nbsp;CAN_Transmit_IT
<LI><a href="#[81]">&gt;&gt;</a>&nbsp;&nbsp;&nbsp;CAN_Receive_IT
</UL>
<BR>[Called By]<UL><LI><a href="#[4a]">&gt;&gt;</a>&nbsp;&nbsp;&nbsp;CAN2_TX_IRQHandler
<LI><a href="#[4b]">&gt;&gt;</a>&nbsp;&nbsp;&nbsp;CAN2_RX0_IRQHandler
<LI><a href="#[1e]">&gt;&gt;</a>&nbsp;&nbsp;&nbsp;CAN1_TX_IRQHandler
<LI><a href="#[1f]">&gt;&gt;</a>&nbsp;&nbsp;&nbsp;CAN1_RX0_IRQHandler
</UL>

<P><STRONG><a name="[9e]"></a>HAL_CAN_Init</STRONG> (Thumb, 328 bytes, Stack size 24 bytes, stm32f4xx_hal_can.o(i.HAL_CAN_Init))
<BR><BR>[Stack]<UL><LI>Max Depth = 104<LI>Call Chain = HAL_CAN_Init &rArr; HAL_CAN_MspInit &rArr; HAL_GPIO_Init
</UL>
<BR>[Calls]<UL><LI><a href="#[9c]">&gt;&gt;</a>&nbsp;&nbsp;&nbsp;HAL_GetTick
<LI><a href="#[9f]">&gt;&gt;</a>&nbsp;&nbsp;&nbsp;HAL_CAN_MspInit
</UL>
<BR>[Called By]<UL><LI><a href="#[fb]">&gt;&gt;</a>&nbsp;&nbsp;&nbsp;MX_CAN2_Init
<LI><a href="#[f9]">&gt;&gt;</a>&nbsp;&nbsp;&nbsp;MX_CAN1_Init
</UL>

<P><STRONG><a name="[9f]"></a>HAL_CAN_MspInit</STRONG> (Thumb, 166 bytes, Stack size 40 bytes, can.o(i.HAL_CAN_MspInit))
<BR><BR>[Stack]<UL><LI>Max Depth = 80<LI>Call Chain = HAL_CAN_MspInit &rArr; HAL_GPIO_Init
</UL>
<BR>[Calls]<UL><LI><a href="#[9b]">&gt;&gt;</a>&nbsp;&nbsp;&nbsp;HAL_GPIO_Init
<LI><a href="#[a0]">&gt;&gt;</a>&nbsp;&nbsp;&nbsp;HAL_NVIC_SetPriority
<LI><a href="#[a1]">&gt;&gt;</a>&nbsp;&nbsp;&nbsp;HAL_NVIC_EnableIRQ
</UL>
<BR>[Called By]<UL><LI><a href="#[9e]">&gt;&gt;</a>&nbsp;&nbsp;&nbsp;HAL_CAN_Init
</UL>

<P><STRONG><a name="[82]"></a>HAL_CAN_RxCpltCallback</STRONG> (Thumb, 252 bytes, Stack size 16 bytes, bkd_can.o(i.HAL_CAN_RxCpltCallback))
<BR><BR>[Stack]<UL><LI>Max Depth = 136<LI>Call Chain = HAL_CAN_RxCpltCallback &rArr; Position_Round_Data_deal &rArr; __aeabi_dmul &rArr; _double_epilogue &rArr; _double_round
</UL>
<BR>[Calls]<UL><LI><a href="#[a5]">&gt;&gt;</a>&nbsp;&nbsp;&nbsp;Speed_Data_deal
<LI><a href="#[a4]">&gt;&gt;</a>&nbsp;&nbsp;&nbsp;Shooting_Speed_Data_deal
<LI><a href="#[a3]">&gt;&gt;</a>&nbsp;&nbsp;&nbsp;Position_Round_Data_deal
<LI><a href="#[a2]">&gt;&gt;</a>&nbsp;&nbsp;&nbsp;Position_Data_deal
</UL>
<BR>[Called By]<UL><LI><a href="#[81]">&gt;&gt;</a>&nbsp;&nbsp;&nbsp;CAN_Receive_IT
</UL>

<P><STRONG><a name="[83]"></a>HAL_CAN_Transmit</STRONG> (Thumb, 410 bytes, Stack size 40 bytes, stm32f4xx_hal_can.o(i.HAL_CAN_Transmit))
<BR><BR>[Stack]<UL><LI>Max Depth = 40<LI>Call Chain = HAL_CAN_Transmit
</UL>
<BR>[Calls]<UL><LI><a href="#[9c]">&gt;&gt;</a>&nbsp;&nbsp;&nbsp;HAL_GetTick
</UL>
<BR>[Called By]<UL><LI><a href="#[7f]">&gt;&gt;</a>&nbsp;&nbsp;&nbsp;CAN_Send_Message
</UL>

<P><STRONG><a name="[85]"></a>HAL_CAN_TxCpltCallback</STRONG> (Thumb, 2 bytes, Stack size 0 bytes, stm32f4xx_hal_can.o(i.HAL_CAN_TxCpltCallback))
<BR><BR>[Called By]<UL><LI><a href="#[84]">&gt;&gt;</a>&nbsp;&nbsp;&nbsp;CAN_Transmit_IT
</UL>

<P><STRONG><a name="[a6]"></a>HAL_DMAEx_MultiBufferStart</STRONG> (Thumb, 100 bytes, Stack size 24 bytes, stm32f4xx_hal_dma_ex.o(i.HAL_DMAEx_MultiBufferStart))
<BR><BR>[Stack]<UL><LI>Max Depth = 32<LI>Call Chain = HAL_DMAEx_MultiBufferStart &rArr; DMA_MultiBufferSetConfig
</UL>
<BR>[Calls]<UL><LI><a href="#[a7]">&gt;&gt;</a>&nbsp;&nbsp;&nbsp;DMA_MultiBufferSetConfig
</UL>
<BR>[Called By]<UL><LI><a href="#[11a]">&gt;&gt;</a>&nbsp;&nbsp;&nbsp;UART7ConfigEnable
</UL>

<P><STRONG><a name="[b9]"></a>HAL_DMA_Abort_IT</STRONG> (Thumb, 36 bytes, Stack size 0 bytes, stm32f4xx_hal_dma.o(i.HAL_DMA_Abort_IT))
<BR><BR>[Called By]<UL><LI><a href="#[dd]">&gt;&gt;</a>&nbsp;&nbsp;&nbsp;HAL_UART_IRQHandler
<LI><a href="#[b8]">&gt;&gt;</a>&nbsp;&nbsp;&nbsp;HAL_SPI_IRQHandler
</UL>

<P><STRONG><a name="[90]"></a>HAL_DMA_IRQHandler</STRONG> (Thumb, 414 bytes, Stack size 32 bytes, stm32f4xx_hal_dma.o(i.HAL_DMA_IRQHandler))
<BR><BR>[Stack]<UL><LI>Max Depth = 32<LI>Call Chain = HAL_DMA_IRQHandler
</UL>
<BR>[Called By]<UL><LI><a href="#[47]">&gt;&gt;</a>&nbsp;&nbsp;&nbsp;DMA2_Stream4_IRQHandler
<LI><a href="#[46]">&gt;&gt;</a>&nbsp;&nbsp;&nbsp;DMA2_Stream3_IRQHandler
<LI><a href="#[45]">&gt;&gt;</a>&nbsp;&nbsp;&nbsp;DMA2_Stream2_IRQHandler
<LI><a href="#[19]">&gt;&gt;</a>&nbsp;&nbsp;&nbsp;DMA1_Stream3_IRQHandler
</UL>

<P><STRONG><a name="[a8]"></a>HAL_DMA_Init</STRONG> (Thumb, 202 bytes, Stack size 24 bytes, stm32f4xx_hal_dma.o(i.HAL_DMA_Init))
<BR><BR>[Stack]<UL><LI>Max Depth = 32<LI>Call Chain = HAL_DMA_Init &rArr; DMA_CheckFifoParam
</UL>
<BR>[Calls]<UL><LI><a href="#[9c]">&gt;&gt;</a>&nbsp;&nbsp;&nbsp;HAL_GetTick
<LI><a href="#[a9]">&gt;&gt;</a>&nbsp;&nbsp;&nbsp;DMA_CheckFifoParam
<LI><a href="#[aa]">&gt;&gt;</a>&nbsp;&nbsp;&nbsp;DMA_CalcBaseAndBitshift
</UL>
<BR>[Called By]<UL><LI><a href="#[e4]">&gt;&gt;</a>&nbsp;&nbsp;&nbsp;HAL_UART_MspInit
</UL>

<P><STRONG><a name="[ab]"></a>HAL_DMA_Start</STRONG> (Thumb, 70 bytes, Stack size 16 bytes, stm32f4xx_hal_dma.o(i.HAL_DMA_Start))
<BR><BR>[Stack]<UL><LI>Max Depth = 28<LI>Call Chain = HAL_DMA_Start &rArr; DMA_SetConfig
</UL>
<BR>[Calls]<UL><LI><a href="#[ac]">&gt;&gt;</a>&nbsp;&nbsp;&nbsp;DMA_SetConfig
</UL>
<BR>[Called By]<UL><LI><a href="#[f3]">&gt;&gt;</a>&nbsp;&nbsp;&nbsp;Junru_UART_Receive_DMA
</UL>

<P><STRONG><a name="[ad]"></a>HAL_Delay</STRONG> (Thumb, 22 bytes, Stack size 16 bytes, stm32f4xx_hal.o(i.HAL_Delay))
<BR><BR>[Stack]<UL><LI>Max Depth = 16<LI>Call Chain = HAL_Delay
</UL>
<BR>[Calls]<UL><LI><a href="#[9c]">&gt;&gt;</a>&nbsp;&nbsp;&nbsp;HAL_GetTick
</UL>
<BR>[Called By]<UL><LI><a href="#[f7]">&gt;&gt;</a>&nbsp;&nbsp;&nbsp;MPU6500_Init
<LI><a href="#[eb]">&gt;&gt;</a>&nbsp;&nbsp;&nbsp;IST8310_Init
<LI><a href="#[ef]">&gt;&gt;</a>&nbsp;&nbsp;&nbsp;MPU_Auto_Read_IST_config
<LI><a href="#[ed]">&gt;&gt;</a>&nbsp;&nbsp;&nbsp;IST_Reg_Write_By_MPU
<LI><a href="#[ee]">&gt;&gt;</a>&nbsp;&nbsp;&nbsp;IST_Reg_Read_By_MPU
</UL>

<P><STRONG><a name="[9b]"></a>HAL_GPIO_Init</STRONG> (Thumb, 408 bytes, Stack size 40 bytes, stm32f4xx_hal_gpio.o(i.HAL_GPIO_Init))
<BR><BR>[Stack]<UL><LI>Max Depth = 40<LI>Call Chain = HAL_GPIO_Init
</UL>
<BR>[Called By]<UL><LI><a href="#[e4]">&gt;&gt;</a>&nbsp;&nbsp;&nbsp;HAL_UART_MspInit
<LI><a href="#[fd]">&gt;&gt;</a>&nbsp;&nbsp;&nbsp;MX_GPIO_Init
<LI><a href="#[99]">&gt;&gt;</a>&nbsp;&nbsp;&nbsp;HAL_ADC_MspInit
<LI><a href="#[d2]">&gt;&gt;</a>&nbsp;&nbsp;&nbsp;HAL_TIM_MspPostInit
<LI><a href="#[bc]">&gt;&gt;</a>&nbsp;&nbsp;&nbsp;HAL_SPI_MspInit
<LI><a href="#[9f]">&gt;&gt;</a>&nbsp;&nbsp;&nbsp;HAL_CAN_MspInit
</UL>

<P><STRONG><a name="[7c]"></a>HAL_GPIO_WritePin</STRONG> (Thumb, 10 bytes, Stack size 0 bytes, stm32f4xx_hal_gpio.o(i.HAL_GPIO_WritePin))
<BR><BR>[Called By]<UL><LI><a href="#[ec]">&gt;&gt;</a>&nbsp;&nbsp;&nbsp;MPU6500_Write_Reg
<LI><a href="#[e8]">&gt;&gt;</a>&nbsp;&nbsp;&nbsp;MPU6500_Read_Regs
<LI><a href="#[f0]">&gt;&gt;</a>&nbsp;&nbsp;&nbsp;MPU6500_Read_Reg
<LI><a href="#[fd]">&gt;&gt;</a>&nbsp;&nbsp;&nbsp;MX_GPIO_Init
<LI><a href="#[63]">&gt;&gt;</a>&nbsp;&nbsp;&nbsp;main
<LI><a href="#[7b]">&gt;&gt;</a>&nbsp;&nbsp;&nbsp;Autoaiming
<LI><a href="#[8b]">&gt;&gt;</a>&nbsp;&nbsp;&nbsp;CloudParam_ControlLoop
<LI><a href="#[111]">&gt;&gt;</a>&nbsp;&nbsp;&nbsp;RC_control
<LI><a href="#[108]">&gt;&gt;</a>&nbsp;&nbsp;&nbsp;PC_control
<LI><a href="#[ce]">&gt;&gt;</a>&nbsp;&nbsp;&nbsp;HAL_TIM_PeriodElapsedCallback
</UL>

<P><STRONG><a name="[9c]"></a>HAL_GetTick</STRONG> (Thumb, 6 bytes, Stack size 0 bytes, stm32f4xx_hal.o(i.HAL_GetTick))
<BR><BR>[Called By]<UL><LI><a href="#[83]">&gt;&gt;</a>&nbsp;&nbsp;&nbsp;HAL_CAN_Transmit
<LI><a href="#[9e]">&gt;&gt;</a>&nbsp;&nbsp;&nbsp;HAL_CAN_Init
<LI><a href="#[b4]">&gt;&gt;</a>&nbsp;&nbsp;&nbsp;HAL_PWREx_EnableOverDrive
<LI><a href="#[95]">&gt;&gt;</a>&nbsp;&nbsp;&nbsp;HAL_ADC_PollForConversion
<LI><a href="#[ad]">&gt;&gt;</a>&nbsp;&nbsp;&nbsp;HAL_Delay
<LI><a href="#[b7]">&gt;&gt;</a>&nbsp;&nbsp;&nbsp;HAL_RCC_OscConfig
<LI><a href="#[b5]">&gt;&gt;</a>&nbsp;&nbsp;&nbsp;HAL_RCC_ClockConfig
<LI><a href="#[bd]">&gt;&gt;</a>&nbsp;&nbsp;&nbsp;HAL_SPI_TransmitReceive
<LI><a href="#[be]">&gt;&gt;</a>&nbsp;&nbsp;&nbsp;SPI_WaitFlagStateUntilTimeout
<LI><a href="#[a8]">&gt;&gt;</a>&nbsp;&nbsp;&nbsp;HAL_DMA_Init
</UL>

<P><STRONG><a name="[116]"></a>HAL_IncTick</STRONG> (Thumb, 10 bytes, Stack size 0 bytes, stm32f4xx_hal.o(i.HAL_IncTick))
<BR><BR>[Called By]<UL><LI><a href="#[a]">&gt;&gt;</a>&nbsp;&nbsp;&nbsp;SysTick_Handler
</UL>

<P><STRONG><a name="[ae]"></a>HAL_Init</STRONG> (Thumb, 48 bytes, Stack size 8 bytes, stm32f4xx_hal.o(i.HAL_Init))
<BR><BR>[Stack]<UL><LI>Max Depth = 32<LI>Call Chain = HAL_Init &rArr; HAL_InitTick &rArr; HAL_NVIC_SetPriority
</UL>
<BR>[Calls]<UL><LI><a href="#[b0]">&gt;&gt;</a>&nbsp;&nbsp;&nbsp;HAL_InitTick
<LI><a href="#[af]">&gt;&gt;</a>&nbsp;&nbsp;&nbsp;HAL_NVIC_SetPriorityGrouping
<LI><a href="#[b1]">&gt;&gt;</a>&nbsp;&nbsp;&nbsp;HAL_MspInit
</UL>
<BR>[Called By]<UL><LI><a href="#[63]">&gt;&gt;</a>&nbsp;&nbsp;&nbsp;main
</UL>

<P><STRONG><a name="[b0]"></a>HAL_InitTick</STRONG> (Thumb, 34 bytes, Stack size 8 bytes, stm32f4xx_hal.o(i.HAL_InitTick))
<BR><BR>[Stack]<UL><LI>Max Depth = 24<LI>Call Chain = HAL_InitTick &rArr; HAL_NVIC_SetPriority
</UL>
<BR>[Calls]<UL><LI><a href="#[b2]">&gt;&gt;</a>&nbsp;&nbsp;&nbsp;HAL_SYSTICK_Config
<LI><a href="#[a0]">&gt;&gt;</a>&nbsp;&nbsp;&nbsp;HAL_NVIC_SetPriority
</UL>
<BR>[Called By]<UL><LI><a href="#[ae]">&gt;&gt;</a>&nbsp;&nbsp;&nbsp;HAL_Init
<LI><a href="#[b5]">&gt;&gt;</a>&nbsp;&nbsp;&nbsp;HAL_RCC_ClockConfig
</UL>

<P><STRONG><a name="[b1]"></a>HAL_MspInit</STRONG> (Thumb, 88 bytes, Stack size 8 bytes, stm32f4xx_hal_msp.o(i.HAL_MspInit))
<BR><BR>[Stack]<UL><LI>Max Depth = 24<LI>Call Chain = HAL_MspInit &rArr; HAL_NVIC_SetPriority
</UL>
<BR>[Calls]<UL><LI><a href="#[af]">&gt;&gt;</a>&nbsp;&nbsp;&nbsp;HAL_NVIC_SetPriorityGrouping
<LI><a href="#[a0]">&gt;&gt;</a>&nbsp;&nbsp;&nbsp;HAL_NVIC_SetPriority
</UL>
<BR>[Called By]<UL><LI><a href="#[ae]">&gt;&gt;</a>&nbsp;&nbsp;&nbsp;HAL_Init
</UL>

<P><STRONG><a name="[a1]"></a>HAL_NVIC_EnableIRQ</STRONG> (Thumb, 22 bytes, Stack size 0 bytes, stm32f4xx_hal_cortex.o(i.HAL_NVIC_EnableIRQ))
<BR><BR>[Called By]<UL><LI><a href="#[e4]">&gt;&gt;</a>&nbsp;&nbsp;&nbsp;HAL_UART_MspInit
<LI><a href="#[fc]">&gt;&gt;</a>&nbsp;&nbsp;&nbsp;MX_DMA_Init
<LI><a href="#[c3]">&gt;&gt;</a>&nbsp;&nbsp;&nbsp;HAL_TIM_Base_MspInit
<LI><a href="#[9f]">&gt;&gt;</a>&nbsp;&nbsp;&nbsp;HAL_CAN_MspInit
</UL>

<P><STRONG><a name="[a0]"></a>HAL_NVIC_SetPriority</STRONG> (Thumb, 60 bytes, Stack size 16 bytes, stm32f4xx_hal_cortex.o(i.HAL_NVIC_SetPriority))
<BR><BR>[Stack]<UL><LI>Max Depth = 16<LI>Call Chain = HAL_NVIC_SetPriority
</UL>
<BR>[Calls]<UL><LI><a href="#[b3]">&gt;&gt;</a>&nbsp;&nbsp;&nbsp;NVIC_SetPriority
</UL>
<BR>[Called By]<UL><LI><a href="#[b0]">&gt;&gt;</a>&nbsp;&nbsp;&nbsp;HAL_InitTick
<LI><a href="#[b1]">&gt;&gt;</a>&nbsp;&nbsp;&nbsp;HAL_MspInit
<LI><a href="#[e4]">&gt;&gt;</a>&nbsp;&nbsp;&nbsp;HAL_UART_MspInit
<LI><a href="#[fc]">&gt;&gt;</a>&nbsp;&nbsp;&nbsp;MX_DMA_Init
<LI><a href="#[117]">&gt;&gt;</a>&nbsp;&nbsp;&nbsp;SystemClock_Config
<LI><a href="#[c3]">&gt;&gt;</a>&nbsp;&nbsp;&nbsp;HAL_TIM_Base_MspInit
<LI><a href="#[9f]">&gt;&gt;</a>&nbsp;&nbsp;&nbsp;HAL_CAN_MspInit
</UL>

<P><STRONG><a name="[af]"></a>HAL_NVIC_SetPriorityGrouping</STRONG> (Thumb, 26 bytes, Stack size 0 bytes, stm32f4xx_hal_cortex.o(i.HAL_NVIC_SetPriorityGrouping))
<BR><BR>[Called By]<UL><LI><a href="#[ae]">&gt;&gt;</a>&nbsp;&nbsp;&nbsp;HAL_Init
<LI><a href="#[b1]">&gt;&gt;</a>&nbsp;&nbsp;&nbsp;HAL_MspInit
</UL>

<P><STRONG><a name="[b4]"></a>HAL_PWREx_EnableOverDrive</STRONG> (Thumb, 126 bytes, Stack size 32 bytes, stm32f4xx_hal_pwr_ex.o(i.HAL_PWREx_EnableOverDrive))
<BR><BR>[Stack]<UL><LI>Max Depth = 32<LI>Call Chain = HAL_PWREx_EnableOverDrive
</UL>
<BR>[Calls]<UL><LI><a href="#[9c]">&gt;&gt;</a>&nbsp;&nbsp;&nbsp;HAL_GetTick
</UL>
<BR>[Called By]<UL><LI><a href="#[117]">&gt;&gt;</a>&nbsp;&nbsp;&nbsp;SystemClock_Config
</UL>

<P><STRONG><a name="[b5]"></a>HAL_RCC_ClockConfig</STRONG> (Thumb, 364 bytes, Stack size 32 bytes, stm32f4xx_hal_rcc.o(i.HAL_RCC_ClockConfig))
<BR><BR>[Stack]<UL><LI>Max Depth = 56<LI>Call Chain = HAL_RCC_ClockConfig &rArr; HAL_InitTick &rArr; HAL_NVIC_SetPriority
</UL>
<BR>[Calls]<UL><LI><a href="#[9c]">&gt;&gt;</a>&nbsp;&nbsp;&nbsp;HAL_GetTick
<LI><a href="#[b6]">&gt;&gt;</a>&nbsp;&nbsp;&nbsp;HAL_RCC_GetSysClockFreq
<LI><a href="#[b0]">&gt;&gt;</a>&nbsp;&nbsp;&nbsp;HAL_InitTick
</UL>
<BR>[Called By]<UL><LI><a href="#[117]">&gt;&gt;</a>&nbsp;&nbsp;&nbsp;SystemClock_Config
</UL>

<P><STRONG><a name="[118]"></a>HAL_RCC_GetHCLKFreq</STRONG> (Thumb, 6 bytes, Stack size 0 bytes, stm32f4xx_hal_rcc.o(i.HAL_RCC_GetHCLKFreq))
<BR><BR>[Called By]<UL><LI><a href="#[117]">&gt;&gt;</a>&nbsp;&nbsp;&nbsp;SystemClock_Config
</UL>

<P><STRONG><a name="[11f]"></a>HAL_RCC_GetPCLK1Freq</STRONG> (Thumb, 34 bytes, Stack size 0 bytes, stm32f4xx_hal_rcc.o(i.HAL_RCC_GetPCLK1Freq))
<BR><BR>[Called By]<UL><LI><a href="#[e5]">&gt;&gt;</a>&nbsp;&nbsp;&nbsp;UART_SetConfig
</UL>

<P><STRONG><a name="[11e]"></a>HAL_RCC_GetPCLK2Freq</STRONG> (Thumb, 34 bytes, Stack size 0 bytes, stm32f4xx_hal_rcc.o(i.HAL_RCC_GetPCLK2Freq))
<BR><BR>[Called By]<UL><LI><a href="#[e5]">&gt;&gt;</a>&nbsp;&nbsp;&nbsp;UART_SetConfig
</UL>

<P><STRONG><a name="[b6]"></a>HAL_RCC_GetSysClockFreq</STRONG> (Thumb, 104 bytes, Stack size 12 bytes, stm32f4xx_hal_rcc.o(i.HAL_RCC_GetSysClockFreq))
<BR><BR>[Stack]<UL><LI>Max Depth = 12<LI>Call Chain = HAL_RCC_GetSysClockFreq
</UL>
<BR>[Called By]<UL><LI><a href="#[b5]">&gt;&gt;</a>&nbsp;&nbsp;&nbsp;HAL_RCC_ClockConfig
</UL>

<P><STRONG><a name="[b7]"></a>HAL_RCC_OscConfig</STRONG> (Thumb, 722 bytes, Stack size 40 bytes, stm32f4xx_hal_rcc.o(i.HAL_RCC_OscConfig))
<BR><BR>[Stack]<UL><LI>Max Depth = 40<LI>Call Chain = HAL_RCC_OscConfig
</UL>
<BR>[Calls]<UL><LI><a href="#[9c]">&gt;&gt;</a>&nbsp;&nbsp;&nbsp;HAL_GetTick
</UL>
<BR>[Called By]<UL><LI><a href="#[117]">&gt;&gt;</a>&nbsp;&nbsp;&nbsp;SystemClock_Config
</UL>

<P><STRONG><a name="[ba]"></a>HAL_SPI_ErrorCallback</STRONG> (Thumb, 2 bytes, Stack size 0 bytes, stm32f4xx_hal_spi.o(i.HAL_SPI_ErrorCallback))
<BR><BR>[Called By]<UL><LI><a href="#[b8]">&gt;&gt;</a>&nbsp;&nbsp;&nbsp;HAL_SPI_IRQHandler
<LI><a href="#[66]">&gt;&gt;</a>&nbsp;&nbsp;&nbsp;SPI_DMAAbortOnError
</UL>

<P><STRONG><a name="[b8]"></a>HAL_SPI_IRQHandler</STRONG> (Thumb, 208 bytes, Stack size 16 bytes, stm32f4xx_hal_spi.o(i.HAL_SPI_IRQHandler))
<BR><BR>[Stack]<UL><LI>Max Depth = 16<LI>Call Chain = HAL_SPI_IRQHandler
</UL>
<BR>[Calls]<UL><LI><a href="#[b9]">&gt;&gt;</a>&nbsp;&nbsp;&nbsp;HAL_DMA_Abort_IT
<LI><a href="#[ba]">&gt;&gt;</a>&nbsp;&nbsp;&nbsp;HAL_SPI_ErrorCallback
</UL>
<BR>[Called By]<UL><LI><a href="#[5f]">&gt;&gt;</a>&nbsp;&nbsp;&nbsp;SPI5_IRQHandler
</UL>

<P><STRONG><a name="[bb]"></a>HAL_SPI_Init</STRONG> (Thumb, 128 bytes, Stack size 16 bytes, stm32f4xx_hal_spi.o(i.HAL_SPI_Init))
<BR><BR>[Stack]<UL><LI>Max Depth = 88<LI>Call Chain = HAL_SPI_Init &rArr; HAL_SPI_MspInit &rArr; HAL_GPIO_Init
</UL>
<BR>[Calls]<UL><LI><a href="#[bc]">&gt;&gt;</a>&nbsp;&nbsp;&nbsp;HAL_SPI_MspInit
</UL>
<BR>[Called By]<UL><LI><a href="#[fe]">&gt;&gt;</a>&nbsp;&nbsp;&nbsp;MX_SPI5_Init
</UL>

<P><STRONG><a name="[bc]"></a>HAL_SPI_MspInit</STRONG> (Thumb, 64 bytes, Stack size 32 bytes, spi.o(i.HAL_SPI_MspInit))
<BR><BR>[Stack]<UL><LI>Max Depth = 72<LI>Call Chain = HAL_SPI_MspInit &rArr; HAL_GPIO_Init
</UL>
<BR>[Calls]<UL><LI><a href="#[9b]">&gt;&gt;</a>&nbsp;&nbsp;&nbsp;HAL_GPIO_Init
</UL>
<BR>[Called By]<UL><LI><a href="#[bb]">&gt;&gt;</a>&nbsp;&nbsp;&nbsp;HAL_SPI_Init
</UL>

<P><STRONG><a name="[bd]"></a>HAL_SPI_TransmitReceive</STRONG> (Thumb, 472 bytes, Stack size 40 bytes, stm32f4xx_hal_spi.o(i.HAL_SPI_TransmitReceive))
<BR><BR>[Stack]<UL><LI>Max Depth = 80<LI>Call Chain = HAL_SPI_TransmitReceive &rArr; SPI_CheckFlag_BSY &rArr; SPI_WaitFlagStateUntilTimeout
</UL>
<BR>[Calls]<UL><LI><a href="#[9c]">&gt;&gt;</a>&nbsp;&nbsp;&nbsp;HAL_GetTick
<LI><a href="#[be]">&gt;&gt;</a>&nbsp;&nbsp;&nbsp;SPI_WaitFlagStateUntilTimeout
<LI><a href="#[bf]">&gt;&gt;</a>&nbsp;&nbsp;&nbsp;SPI_CheckFlag_BSY
</UL>
<BR>[Called By]<UL><LI><a href="#[ec]">&gt;&gt;</a>&nbsp;&nbsp;&nbsp;MPU6500_Write_Reg
<LI><a href="#[e8]">&gt;&gt;</a>&nbsp;&nbsp;&nbsp;MPU6500_Read_Regs
<LI><a href="#[f0]">&gt;&gt;</a>&nbsp;&nbsp;&nbsp;MPU6500_Read_Reg
</UL>

<P><STRONG><a name="[119]"></a>HAL_SYSTICK_CLKSourceConfig</STRONG> (Thumb, 24 bytes, Stack size 0 bytes, stm32f4xx_hal_cortex.o(i.HAL_SYSTICK_CLKSourceConfig))
<BR><BR>[Called By]<UL><LI><a href="#[117]">&gt;&gt;</a>&nbsp;&nbsp;&nbsp;SystemClock_Config
</UL>

<P><STRONG><a name="[c1]"></a>HAL_SYSTICK_Callback</STRONG> (Thumb, 2 bytes, Stack size 0 bytes, stm32f4xx_hal_cortex.o(i.HAL_SYSTICK_Callback))
<BR><BR>[Called By]<UL><LI><a href="#[c0]">&gt;&gt;</a>&nbsp;&nbsp;&nbsp;HAL_SYSTICK_IRQHandler
</UL>

<P><STRONG><a name="[b2]"></a>HAL_SYSTICK_Config</STRONG> (Thumb, 40 bytes, Stack size 8 bytes, stm32f4xx_hal_cortex.o(i.HAL_SYSTICK_Config))
<BR><BR>[Stack]<UL><LI>Max Depth = 8<LI>Call Chain = HAL_SYSTICK_Config
</UL>
<BR>[Calls]<UL><LI><a href="#[b3]">&gt;&gt;</a>&nbsp;&nbsp;&nbsp;NVIC_SetPriority
</UL>
<BR>[Called By]<UL><LI><a href="#[b0]">&gt;&gt;</a>&nbsp;&nbsp;&nbsp;HAL_InitTick
<LI><a href="#[117]">&gt;&gt;</a>&nbsp;&nbsp;&nbsp;SystemClock_Config
</UL>

<P><STRONG><a name="[c0]"></a>HAL_SYSTICK_IRQHandler</STRONG> (Thumb, 8 bytes, Stack size 8 bytes, stm32f4xx_hal_cortex.o(i.HAL_SYSTICK_IRQHandler))
<BR><BR>[Stack]<UL><LI>Max Depth = 8<LI>Call Chain = HAL_SYSTICK_IRQHandler
</UL>
<BR>[Calls]<UL><LI><a href="#[c1]">&gt;&gt;</a>&nbsp;&nbsp;&nbsp;HAL_SYSTICK_Callback
</UL>
<BR>[Called By]<UL><LI><a href="#[a]">&gt;&gt;</a>&nbsp;&nbsp;&nbsp;SysTick_Handler
</UL>

<P><STRONG><a name="[cf]"></a>HAL_TIMEx_BreakCallback</STRONG> (Thumb, 2 bytes, Stack size 0 bytes, stm32f4xx_hal_tim_ex.o(i.HAL_TIMEx_BreakCallback))
<BR><BR>[Called By]<UL><LI><a href="#[ca]">&gt;&gt;</a>&nbsp;&nbsp;&nbsp;HAL_TIM_IRQHandler
</UL>

<P><STRONG><a name="[d1]"></a>HAL_TIMEx_CommutationCallback</STRONG> (Thumb, 2 bytes, Stack size 0 bytes, stm32f4xx_hal_tim_ex.o(i.HAL_TIMEx_CommutationCallback))
<BR><BR>[Called By]<UL><LI><a href="#[ca]">&gt;&gt;</a>&nbsp;&nbsp;&nbsp;HAL_TIM_IRQHandler
</UL>

<P><STRONG><a name="[101]"></a>HAL_TIMEx_ConfigBreakDeadTime</STRONG> (Thumb, 66 bytes, Stack size 12 bytes, stm32f4xx_hal_tim_ex.o(i.HAL_TIMEx_ConfigBreakDeadTime))
<BR><BR>[Stack]<UL><LI>Max Depth = 12<LI>Call Chain = HAL_TIMEx_ConfigBreakDeadTime
</UL>
<BR>[Called By]<UL><LI><a href="#[ff]">&gt;&gt;</a>&nbsp;&nbsp;&nbsp;MX_TIM2_Init
</UL>

<P><STRONG><a name="[100]"></a>HAL_TIMEx_MasterConfigSynchronization</STRONG> (Thumb, 80 bytes, Stack size 12 bytes, stm32f4xx_hal_tim_ex.o(i.HAL_TIMEx_MasterConfigSynchronization))
<BR><BR>[Stack]<UL><LI>Max Depth = 12<LI>Call Chain = HAL_TIMEx_MasterConfigSynchronization
</UL>
<BR>[Called By]<UL><LI><a href="#[102]">&gt;&gt;</a>&nbsp;&nbsp;&nbsp;MX_TIM6_Init
<LI><a href="#[ff]">&gt;&gt;</a>&nbsp;&nbsp;&nbsp;MX_TIM2_Init
</UL>

<P><STRONG><a name="[c2]"></a>HAL_TIM_Base_Init</STRONG> (Thumb, 54 bytes, Stack size 8 bytes, stm32f4xx_hal_tim.o(i.HAL_TIM_Base_Init))
<BR><BR>[Stack]<UL><LI>Max Depth = 32<LI>Call Chain = HAL_TIM_Base_Init &rArr; HAL_TIM_Base_MspInit &rArr; HAL_NVIC_SetPriority
</UL>
<BR>[Calls]<UL><LI><a href="#[c4]">&gt;&gt;</a>&nbsp;&nbsp;&nbsp;TIM_Base_SetConfig
<LI><a href="#[c3]">&gt;&gt;</a>&nbsp;&nbsp;&nbsp;HAL_TIM_Base_MspInit
</UL>
<BR>[Called By]<UL><LI><a href="#[102]">&gt;&gt;</a>&nbsp;&nbsp;&nbsp;MX_TIM6_Init
<LI><a href="#[ff]">&gt;&gt;</a>&nbsp;&nbsp;&nbsp;MX_TIM2_Init
</UL>

<P><STRONG><a name="[c3]"></a>HAL_TIM_Base_MspInit</STRONG> (Thumb, 220 bytes, Stack size 8 bytes, tim.o(i.HAL_TIM_Base_MspInit))
<BR><BR>[Stack]<UL><LI>Max Depth = 24<LI>Call Chain = HAL_TIM_Base_MspInit &rArr; HAL_NVIC_SetPriority
</UL>
[...]

<P><STRONG><a name="[121]"></a>__set_errno</STRONG> (Thumb, 6 bytes, Stack size 0 bytes, errno.o(i.__set_errno))
<BR><BR>[Called By]<UL><LI><a href="#[12a]">&gt;&gt;</a>&nbsp;&nbsp;&nbsp;sqrt
<LI><a href="#[114]">&gt;&gt;</a>&nbsp;&nbsp;&nbsp;__hardfp_sin
<LI><a href="#[112]">&gt;&gt;</a>&nbsp;&nbsp;&nbsp;__hardfp_pow
<LI><a href="#[115]">&gt;&gt;</a>&nbsp;&nbsp;&nbsp;__hardfp_cos
</UL>

<P><STRONG><a name="[10d]"></a>abs_limit</STRONG> (Thumb, 2 bytes, Stack size 0 bytes, bkd_pid.o(i.abs_limit))
<BR><BR>[Called By]<UL><LI><a href="#[89]">&gt;&gt;</a>&nbsp;&nbsp;&nbsp;PID_Calc1
</UL>

<P><STRONG><a name="[11b]"></a>data_process1</STRONG> (Thumb, 208 bytes, Stack size 32 bytes, judgement.o(i.data_process1))
<BR><BR>[Stack]<UL><LI>Max Depth = 52<LI>Call Chain = data_process1 &rArr; fifo_s_puts
</UL>
<BR>[Calls]<UL><LI><a href="#[130]">&gt;&gt;</a>&nbsp;&nbsp;&nbsp;get_dma_memory_msg
<LI><a href="#[131]">&gt;&gt;</a>&nbsp;&nbsp;&nbsp;fifo_s_puts
</UL>
<BR>[Called By]<UL><LI><a href="#[5c]">&gt;&gt;</a>&nbsp;&nbsp;&nbsp;UART7_IRQHandler
</UL>

<P><STRONG><a name="[11c]"></a>data_process2</STRONG> (Thumb, 258 bytes, Stack size 24 bytes, judgement.o(i.data_process2))
<BR><BR>[Stack]<UL><LI>Max Depth = 44<LI>Call Chain = data_process2 &rArr; verify_crc8_check_sum &rArr; get_crc8_check_sum
</UL>
<BR>[Calls]<UL><LI><a href="#[133]">&gt;&gt;</a>&nbsp;&nbsp;&nbsp;verify_crc8_check_sum
<LI><a href="#[134]">&gt;&gt;</a>&nbsp;&nbsp;&nbsp;verify_crc16_check_sum
<LI><a href="#[135]">&gt;&gt;</a>&nbsp;&nbsp;&nbsp;judgement_data_handler
<LI><a href="#[136]">&gt;&gt;</a>&nbsp;&nbsp;&nbsp;fifo_used_count
<LI><a href="#[132]">&gt;&gt;</a>&nbsp;&nbsp;&nbsp;fifo_s_get
</UL>
<BR>[Called By]<UL><LI><a href="#[5c]">&gt;&gt;</a>&nbsp;&nbsp;&nbsp;UART7_IRQHandler
</UL>

<P><STRONG><a name="[97]"></a>delay_ms</STRONG> (Thumb, 26 bytes, Stack size 16 bytes, delay.o(i.delay_ms))
<BR><BR>[Stack]<UL><LI>Max Depth = 32<LI>Call Chain = delay_ms &rArr; delay_us
</UL>
<BR>[Calls]<UL><LI><a href="#[137]">&gt;&gt;</a>&nbsp;&nbsp;&nbsp;delay_us
</UL>
<BR>[Called By]<UL><LI><a href="#[87]">&gt;&gt;</a>&nbsp;&nbsp;&nbsp;Get_Adc_Average
</UL>

<P><STRONG><a name="[137]"></a>delay_us</STRONG> (Thumb, 48 bytes, Stack size 16 bytes, delay.o(i.delay_us))
<BR><BR>[Stack]<UL><LI>Max Depth = 16<LI>Call Chain = delay_us
</UL>
<BR>[Called By]<UL><LI><a href="#[97]">&gt;&gt;</a>&nbsp;&nbsp;&nbsp;delay_ms
</UL>

<P><STRONG><a name="[139]"></a>dma_current_memory_target</STRONG> (Thumb, 14 bytes, Stack size 0 bytes, judgement.o(i.dma_current_memory_target))
<BR><BR>[Called By]<UL><LI><a href="#[130]">&gt;&gt;</a>&nbsp;&nbsp;&nbsp;get_dma_memory_msg
</UL>

<P><STRONG><a name="[12b]"></a>fabs</STRONG> (Thumb, 24 bytes, Stack size 8 bytes, fabs.o(i.fabs))
<BR><BR>[Stack]<UL><LI>Max Depth = 8<LI>Call Chain = fabs
</UL>
<BR>[Called By]<UL><LI><a href="#[124]">&gt;&gt;</a>&nbsp;&nbsp;&nbsp;__ieee754_rem_pio2
<LI><a href="#[112]">&gt;&gt;</a>&nbsp;&nbsp;&nbsp;__hardfp_pow
</UL>

<P><STRONG><a name="[8c]"></a>feedmotor</STRONG> (Thumb, 390 bytes, Stack size 72 bytes, bkd_feedmotor.o(i.feedmotor))
<BR><BR>[Stack]<UL><LI>Max Depth = 208<LI>Call Chain = feedmotor &rArr; PID_Calc1 &rArr; __aeabi_dsub &rArr; __aeabi_dadd &rArr; _double_epilogue &rArr; _double_round
</UL>
<BR>[Calls]<UL><LI><a href="#[7e]">&gt;&gt;</a>&nbsp;&nbsp;&nbsp;PID_Calc_Position
<LI><a href="#[89]">&gt;&gt;</a>&nbsp;&nbsp;&nbsp;PID_Calc1
<LI><a href="#[73]">&gt;&gt;</a>&nbsp;&nbsp;&nbsp;__aeabi_i2d
<LI><a href="#[75]">&gt;&gt;</a>&nbsp;&nbsp;&nbsp;__aeabi_d2iz
<LI><a href="#[7f]">&gt;&gt;</a>&nbsp;&nbsp;&nbsp;CAN_Send_Message
</UL>
<BR>[Called By]<UL><LI><a href="#[8b]">&gt;&gt;</a>&nbsp;&nbsp;&nbsp;CloudParam_ControlLoop
</UL>

<P><STRONG><a name="[132]"></a>fifo_s_get</STRONG> (Thumb, 42 bytes, Stack size 8 bytes, data_fifo.o(i.fifo_s_get))
<BR><BR>[Stack]<UL><LI>Max Depth = 8<LI>Call Chain = fifo_s_get
</UL>
<BR>[Called By]<UL><LI><a href="#[11c]">&gt;&gt;</a>&nbsp;&nbsp;&nbsp;data_process2
</UL>

<P><STRONG><a name="[f2]"></a>fifo_s_init</STRONG> (Thumb, 24 bytes, Stack size 0 bytes, data_fifo.o(i.fifo_s_init))
<BR><BR>[Called By]<UL><LI><a href="#[f1]">&gt;&gt;</a>&nbsp;&nbsp;&nbsp;Judge_uart_init
</UL>

<P><STRONG><a name="[131]"></a>fifo_s_puts</STRONG> (Thumb, 76 bytes, Stack size 20 bytes, data_fifo.o(i.fifo_s_puts))
<BR><BR>[Stack]<UL><LI>Max Depth = 20<LI>Call Chain = fifo_s_puts
</UL>
<BR>[Called By]<UL><LI><a href="#[11b]">&gt;&gt;</a>&nbsp;&nbsp;&nbsp;data_process1
</UL>

<P><STRONG><a name="[136]"></a>fifo_used_count</STRONG> (Thumb, 4 bytes, Stack size 0 bytes, data_fifo.o(i.fifo_used_count))
<BR><BR>[Called By]<UL><LI><a href="#[11c]">&gt;&gt;</a>&nbsp;&nbsp;&nbsp;data_process2
</UL>

<P><STRONG><a name="[138]"></a>friction_Init</STRONG> (Thumb, 38 bytes, Stack size 8 bytes, bkd_control.o(i.friction_Init))
<BR><BR>[Stack]<UL><LI>Max Depth = 24<LI>Call Chain = friction_Init &rArr; HAL_TIM_PWM_Start &rArr; TIM_CCxChannelCmd
</UL>
<BR>[Calls]<UL><LI><a href="#[da]">&gt;&gt;</a>&nbsp;&nbsp;&nbsp;HAL_TIM_PWM_Start
<LI><a href="#[10a]">&gt;&gt;</a>&nbsp;&nbsp;&nbsp;TIM_SetTIM2Compare2
<LI><a href="#[10b]">&gt;&gt;</a>&nbsp;&nbsp;&nbsp;TIM_SetTIM2Compare1
</UL>
<BR>[Called By]<UL><LI><a href="#[63]">&gt;&gt;</a>&nbsp;&nbsp;&nbsp;main
</UL>

<P><STRONG><a name="[13c]"></a>get_crc16_check_sum</STRONG> (Thumb, 38 bytes, Stack size 8 bytes, proticol.o(i.get_crc16_check_sum))
<BR><BR>[Stack]<UL><LI>Max Depth = 8<LI>Call Chain = get_crc16_check_sum
</UL>
<BR>[Called By]<UL><LI><a href="#[134]">&gt;&gt;</a>&nbsp;&nbsp;&nbsp;verify_crc16_check_sum
</UL>

<P><STRONG><a name="[13d]"></a>get_crc8_check_sum</STRONG> (Thumb, 26 bytes, Stack size 8 bytes, proticol.o(i.get_crc8_check_sum))
<BR><BR>[Stack]<UL><LI>Max Depth = 8<LI>Call Chain = get_crc8_check_sum
</UL>
<BR>[Called By]<UL><LI><a href="#[133]">&gt;&gt;</a>&nbsp;&nbsp;&nbsp;verify_crc8_check_sum
</UL>

<P><STRONG><a name="[130]"></a>get_dma_memory_msg</STRONG> (Thumb, 18 bytes, Stack size 8 bytes, judgement.o(i.get_dma_memory_msg))
<BR><BR>[Stack]<UL><LI>Max Depth = 8<LI>Call Chain = get_dma_memory_msg
</UL>
<BR>[Calls]<UL><LI><a href="#[139]">&gt;&gt;</a>&nbsp;&nbsp;&nbsp;dma_current_memory_target
</UL>
<BR>[Called By]<UL><LI><a href="#[11b]">&gt;&gt;</a>&nbsp;&nbsp;&nbsp;data_process1
</UL>

<P><STRONG><a name="[135]"></a>judgement_data_handler</STRONG> (Thumb, 164 bytes, Stack size 16 bytes, judgement.o(i.judgement_data_handler))
<BR><BR>[Stack]<UL><LI>Max Depth = 16<LI>Call Chain = judgement_data_handler
</UL>
<BR>[Calls]<UL><LI><a href="#[13a]">&gt;&gt;</a>&nbsp;&nbsp;&nbsp;__aeabi_memcpy
</UL>
<BR>[Called By]<UL><LI><a href="#[11c]">&gt;&gt;</a>&nbsp;&nbsp;&nbsp;data_process2
</UL>

<P><STRONG><a name="[109]"></a>keyboard_data_set</STRONG> (Thumb, 102 bytes, Stack size 0 bytes, bkd_remote.o(i.keyboard_data_set))
<BR><BR>[Called By]<UL><LI><a href="#[108]">&gt;&gt;</a>&nbsp;&nbsp;&nbsp;PC_control
</UL>

<P><STRONG><a name="[63]"></a>main</STRONG> (Thumb, 176 bytes, Stack size 0 bytes, main.o(i.main))
<BR><BR>[Stack]<UL><LI>Max Depth = 176<LI>Call Chain = main &rArr; MX_TIM2_Init &rArr; HAL_TIM_MspPostInit &rArr; HAL_GPIO_Init
</UL>
<BR>[Calls]<UL><LI><a href="#[120]">&gt;&gt;</a>&nbsp;&nbsp;&nbsp;HAL_UART_Receive_IT
<LI><a href="#[f7]">&gt;&gt;</a>&nbsp;&nbsp;&nbsp;MPU6500_Init
<LI><a href="#[eb]">&gt;&gt;</a>&nbsp;&nbsp;&nbsp;IST8310_Init
<LI><a href="#[ae]">&gt;&gt;</a>&nbsp;&nbsp;&nbsp;HAL_Init
<LI><a href="#[7c]">&gt;&gt;</a>&nbsp;&nbsp;&nbsp;HAL_GPIO_WritePin
<LI><a href="#[11a]">&gt;&gt;</a>&nbsp;&nbsp;&nbsp;UART7ConfigEnable
<LI><a href="#[107]">&gt;&gt;</a>&nbsp;&nbsp;&nbsp;MY_ADC_Init
<LI><a href="#[106]">&gt;&gt;</a>&nbsp;&nbsp;&nbsp;MX_USART6_UART_Init
<LI><a href="#[105]">&gt;&gt;</a>&nbsp;&nbsp;&nbsp;MX_USART1_UART_Init
<LI><a href="#[104]">&gt;&gt;</a>&nbsp;&nbsp;&nbsp;MX_UART7_Init
<LI><a href="#[102]">&gt;&gt;</a>&nbsp;&nbsp;&nbsp;MX_TIM6_Init
<LI><a href="#[ff]">&gt;&gt;</a>&nbsp;&nbsp;&nbsp;MX_TIM2_Init
<LI><a href="#[fe]">&gt;&gt;</a>&nbsp;&nbsp;&nbsp;MX_SPI5_Init
<LI><a href="#[fd]">&gt;&gt;</a>&nbsp;&nbsp;&nbsp;MX_GPIO_Init
<LI><a href="#[fc]">&gt;&gt;</a>&nbsp;&nbsp;&nbsp;MX_DMA_Init
<LI><a href="#[fb]">&gt;&gt;</a>&nbsp;&nbsp;&nbsp;MX_CAN2_Init
<LI><a href="#[f9]">&gt;&gt;</a>&nbsp;&nbsp;&nbsp;MX_CAN1_Init
<LI><a href="#[f1]">&gt;&gt;</a>&nbsp;&nbsp;&nbsp;Judge_uart_init
<LI><a href="#[13b]">&gt;&gt;</a>&nbsp;&nbsp;&nbsp;ConfigUart7DMA
<LI><a href="#[117]">&gt;&gt;</a>&nbsp;&nbsp;&nbsp;SystemClock_Config
<LI><a href="#[f4]">&gt;&gt;</a>&nbsp;&nbsp;&nbsp;Junru_UART_Receive_IT
<LI><a href="#[138]">&gt;&gt;</a>&nbsp;&nbsp;&nbsp;friction_Init
<LI><a href="#[10e]">&gt;&gt;</a>&nbsp;&nbsp;&nbsp;PID_SET_Init
</UL>
<BR>[Address Reference Count : 1]<UL><LI> entry9a.o(.ARM.Collect$$$$0000000B)
</UL>
<P><STRONG><a name="[12a]"></a>sqrt</STRONG> (Thumb, 110 bytes, Stack size 32 bytes, sqrt.o(i.sqrt))
<BR><BR>[Stack]<UL><LI>Max Depth = 72<LI>Call Chain = sqrt &rArr; _dsqrt &rArr; _double_round
</UL>
<BR>[Calls]<UL><LI><a href="#[121]">&gt;&gt;</a>&nbsp;&nbsp;&nbsp;__set_errno
<LI><a href="#[7a]">&gt;&gt;</a>&nbsp;&nbsp;&nbsp;_dsqrt
</UL>
<BR>[Called By]<UL><LI><a href="#[112]">&gt;&gt;</a>&nbsp;&nbsp;&nbsp;__hardfp_pow
</UL>

<P><STRONG><a name="[134]"></a>verify_crc16_check_sum</STRONG> (Thumb, 54 bytes, Stack size 12 bytes, proticol.o(i.verify_crc16_check_sum))
<BR><BR>[Stack]<UL><LI>Max Depth = 20<LI>Call Chain = verify_crc16_check_sum &rArr; get_crc16_check_sum
</UL>
<BR>[Calls]<UL><LI><a href="#[13c]">&gt;&gt;</a>&nbsp;&nbsp;&nbsp;get_crc16_check_sum
</UL>
<BR>[Called By]<UL><LI><a href="#[11c]">&gt;&gt;</a>&nbsp;&nbsp;&nbsp;data_process2
</UL>

<P><STRONG><a name="[133]"></a>verify_crc8_check_sum</STRONG> (Thumb, 42 bytes, Stack size 12 bytes, proticol.o(i.verify_crc8_check_sum))
<BR><BR>[Stack]<UL><LI>Max Depth = 20<LI>Call Chain = verify_crc8_check_sum &rArr; get_crc8_check_sum
</UL>
<BR>[Calls]<UL><LI><a href="#[13d]">&gt;&gt;</a>&nbsp;&nbsp;&nbsp;get_crc8_check_sum
</UL>
<BR>[Called By]<UL><LI><a href="#[11c]">&gt;&gt;</a>&nbsp;&nbsp;&nbsp;data_process2
</UL>
<P>
<H3>
Local Symbols
</H3>
<P><STRONG><a name="[81]"></a>CAN_Receive_IT</STRONG> (Thumb, 296 bytes, Stack size 8 bytes, stm32f4xx_hal_can.o(i.CAN_Receive_IT))
<BR><BR>[Stack]<UL><LI>Max Depth = 144<LI>Call Chain = CAN_Receive_IT &rArr; HAL_CAN_RxCpltCallback &rArr; Position_Round_Data_deal &rArr; __aeabi_dmul &rArr; _double_epilogue &rArr; _double_round
</UL>
<BR>[Calls]<UL><LI><a href="#[82]">&gt;&gt;</a>&nbsp;&nbsp;&nbsp;HAL_CAN_RxCpltCallback
</UL>
<BR>[Called By]<UL><LI><a href="#[80]">&gt;&gt;</a>&nbsp;&nbsp;&nbsp;HAL_CAN_IRQHandler
</UL>

<P><STRONG><a name="[84]"></a>CAN_Transmit_IT</STRONG> (Thumb, 96 bytes, Stack size 8 bytes, stm32f4xx_hal_can.o(i.CAN_Transmit_IT))
<BR><BR>[Stack]<UL><LI>Max Depth = 8<LI>Call Chain = CAN_Transmit_IT
</UL>
<BR>[Calls]<UL><LI><a href="#[85]">&gt;&gt;</a>&nbsp;&nbsp;&nbsp;HAL_CAN_TxCpltCallback
</UL>
<BR>[Called By]<UL><LI><a href="#[80]">&gt;&gt;</a>&nbsp;&nbsp;&nbsp;HAL_CAN_IRQHandler
</UL>

<P><STRONG><a name="[67]"></a>UART_DMAAbortOnError</STRONG> (Thumb, 16 bytes, Stack size 8 bytes, stm32f4xx_hal_uart.o(i.UART_DMAAbortOnError))
<BR><BR>[Stack]<UL><LI>Max Depth = 8<LI>Call Chain = UART_DMAAbortOnError
</UL>
<BR>[Calls]<UL><LI><a href="#[e0]">&gt;&gt;</a>&nbsp;&nbsp;&nbsp;HAL_UART_ErrorCallback
</UL>
<BR>[Address Reference Count : 1]<UL><LI> stm32f4xx_hal_uart.o(i.HAL_UART_IRQHandler)
</UL>
<P><STRONG><a name="[df]"></a>UART_EndRxTransfer</STRONG> (Thumb, 28 bytes, Stack size 0 bytes, stm32f4xx_hal_uart.o(i.UART_EndRxTransfer))
<BR><BR>[Called By]<UL><LI><a href="#[dd]">&gt;&gt;</a>&nbsp;&nbsp;&nbsp;HAL_UART_IRQHandler
</UL>

<P><STRONG><a name="[de]"></a>UART_Receive_IT</STRONG> (Thumb, 140 bytes, Stack size 8 bytes, stm32f4xx_hal_uart.o(i.UART_Receive_IT))
<BR><BR>[Stack]<UL><LI>Max Depth = 24<LI>Call Chain = UART_Receive_IT &rArr; HAL_UART_RxCpltCallback
</UL>
<BR>[Calls]<UL><LI><a href="#[e6]">&gt;&gt;</a>&nbsp;&nbsp;&nbsp;HAL_UART_RxCpltCallback
</UL>
<BR>[Called By]<UL><LI><a href="#[dd]">&gt;&gt;</a>&nbsp;&nbsp;&nbsp;HAL_UART_IRQHandler
</UL>

<P><STRONG><a name="[e5]"></a>UART_SetConfig</STRONG> (Thumb, 676 bytes, Stack size 24 bytes, stm32f4xx_hal_uart.o(i.UART_SetConfig))
<BR><BR>[Stack]<UL><LI>Max Depth = 24<LI>Call Chain = UART_SetConfig
</UL>
<BR>[Calls]<UL><LI><a href="#[11e]">&gt;&gt;</a>&nbsp;&nbsp;&nbsp;HAL_RCC_GetPCLK2Freq
<LI><a href="#[11f]">&gt;&gt;</a>&nbsp;&nbsp;&nbsp;HAL_RCC_GetPCLK1Freq
</UL>
<BR>[Called By]<UL><LI><a href="#[e3]">&gt;&gt;</a>&nbsp;&nbsp;&nbsp;HAL_UART_Init
</UL>

<P><STRONG><a name="[e1]"></a>UART_Transmit_IT</STRONG> (Thumb, 98 bytes, Stack size 0 bytes, stm32f4xx_hal_uart.o(i.UART_Transmit_IT))
<BR><BR>[Called By]<UL><LI><a href="#[dd]">&gt;&gt;</a>&nbsp;&nbsp;&nbsp;HAL_UART_IRQHandler
</UL>

<P><STRONG><a name="[c6]"></a>TIM_ETR_SetConfig</STRONG> (Thumb, 20 bytes, Stack size 8 bytes, stm32f4xx_hal_tim.o(i.TIM_ETR_SetConfig))
<BR><BR>[Stack]<UL><LI>Max Depth = 8<LI>Call Chain = TIM_ETR_SetConfig
</UL>
<BR>[Called By]<UL><LI><a href="#[c5]">&gt;&gt;</a>&nbsp;&nbsp;&nbsp;HAL_TIM_ConfigClockSource
</UL>

<P><STRONG><a name="[c9]"></a>TIM_ITRx_SetConfig</STRONG> (Thumb, 16 bytes, Stack size 0 bytes, stm32f4xx_hal_tim.o(i.TIM_ITRx_SetConfig))
<BR><BR>[Called By]<UL><LI><a href="#[c5]">&gt;&gt;</a>&nbsp;&nbsp;&nbsp;HAL_TIM_ConfigClockSource
</UL>

<P><STRONG><a name="[d4]"></a>TIM_OC1_SetConfig</STRONG> (Thumb, 80 bytes, Stack size 12 bytes, stm32f4xx_hal_tim.o(i.TIM_OC1_SetConfig))
<BR><BR>[Stack]<UL><LI>Max Depth = 12<LI>Call Chain = TIM_OC1_SetConfig
</UL>
<BR>[Called By]<UL><LI><a href="#[d3]">&gt;&gt;</a>&nbsp;&nbsp;&nbsp;HAL_TIM_PWM_ConfigChannel
</UL>

<P><STRONG><a name="[d6]"></a>TIM_OC3_SetConfig</STRONG> (Thumb, 88 bytes, Stack size 12 bytes, stm32f4xx_hal_tim.o(i.TIM_OC3_SetConfig))
<BR><BR>[Stack]<UL><LI>Max Depth = 12<LI>Call Chain = TIM_OC3_SetConfig
</UL>
<BR>[Called By]<UL><LI><a href="#[d3]">&gt;&gt;</a>&nbsp;&nbsp;&nbsp;HAL_TIM_PWM_ConfigChannel
</UL>

<P><STRONG><a name="[d7]"></a>TIM_OC4_SetConfig</STRONG> (Thumb, 70 bytes, Stack size 12 bytes, stm32f4xx_hal_tim.o(i.TIM_OC4_SetConfig))
<BR><BR>[Stack]<UL><LI>Max Depth = 12<LI>Call Chain = TIM_OC4_SetConfig
</UL>
<BR>[Called By]<UL><LI><a href="#[d3]">&gt;&gt;</a>&nbsp;&nbsp;&nbsp;HAL_TIM_PWM_ConfigChannel
</UL>

<P><STRONG><a name="[c7]"></a>TIM_TI1_ConfigInputStage</STRONG> (Thumb, 34 bytes, Stack size 8 bytes, stm32f4xx_hal_tim.o(i.TIM_TI1_ConfigInputStage))
<BR><BR>[Stack]<UL><LI>Max Depth = 8<LI>Call Chain = TIM_TI1_ConfigInputStage
</UL>
<BR>[Called By]<UL><LI><a href="#[c5]">&gt;&gt;</a>&nbsp;&nbsp;&nbsp;HAL_TIM_ConfigClockSource
</UL>

<P><STRONG><a name="[c8]"></a>TIM_TI2_ConfigInputStage</STRONG> (Thumb, 36 bytes, Stack size 8 bytes, stm32f4xx_hal_tim.o(i.TIM_TI2_ConfigInputStage))
<BR><BR>[Stack]<UL><LI>Max Depth = 8<LI>Call Chain = TIM_TI2_ConfigInputStage
</UL>
<BR>[Called By]<UL><LI><a href="#[c5]">&gt;&gt;</a>&nbsp;&nbsp;&nbsp;HAL_TIM_ConfigClockSource
</UL>

<P><STRONG><a name="[aa]"></a>DMA_CalcBaseAndBitshift</STRONG> (Thumb, 34 bytes, Stack size 0 bytes, stm32f4xx_hal_dma.o(i.DMA_CalcBaseAndBitshift))
<BR><BR>[Called By]<UL><LI><a href="#[a8]">&gt;&gt;</a>&nbsp;&nbsp;&nbsp;HAL_DMA_Init
</UL>

<P><STRONG><a name="[a9]"></a>DMA_CheckFifoParam</STRONG> (Thumb, 84 bytes, Stack size 8 bytes, stm32f4xx_hal_dma.o(i.DMA_CheckFifoParam))
<BR><BR>[Stack]<UL><LI>Max Depth = 8<LI>Call Chain = DMA_CheckFifoParam
</UL>
<BR>[Called By]<UL><LI><a href="#[a8]">&gt;&gt;</a>&nbsp;&nbsp;&nbsp;HAL_DMA_Init
</UL>

<P><STRONG><a name="[ac]"></a>DMA_SetConfig</STRONG> (Thumb, 40 bytes, Stack size 12 bytes, stm32f4xx_hal_dma.o(i.DMA_SetConfig))
<BR><BR>[Stack]<UL><LI>Max Depth = 12<LI>Call Chain = DMA_SetConfig
</UL>
<BR>[Called By]<UL><LI><a href="#[ab]">&gt;&gt;</a>&nbsp;&nbsp;&nbsp;HAL_DMA_Start
</UL>

<P><STRONG><a name="[bf]"></a>SPI_CheckFlag_BSY</STRONG> (Thumb, 32 bytes, Stack size 16 bytes, stm32f4xx_hal_spi.o(i.SPI_CheckFlag_BSY))
<BR><BR>[Stack]<UL><LI>Max Depth = 40<LI>Call Chain = SPI_CheckFlag_BSY &rArr; SPI_WaitFlagStateUntilTimeout
</UL>
<BR>[Calls]<UL><LI><a href="#[be]">&gt;&gt;</a>&nbsp;&nbsp;&nbsp;SPI_WaitFlagStateUntilTimeout
</UL>
<BR>[Called By]<UL><LI><a href="#[bd]">&gt;&gt;</a>&nbsp;&nbsp;&nbsp;HAL_SPI_TransmitReceive
</UL>

<P><STRONG><a name="[66]"></a>SPI_DMAAbortOnError</STRONG> (Thumb, 16 bytes, Stack size 8 bytes, stm32f4xx_hal_spi.o(i.SPI_DMAAbortOnError))
<BR><BR>[Stack]<UL><LI>Max Depth = 8<LI>Call Chain = SPI_DMAAbortOnError
</UL>
<BR>[Calls]<UL><LI><a href="#[ba]">&gt;&gt;</a>&nbsp;&nbsp;&nbsp;HAL_SPI_ErrorCallback
</UL>
<BR>[Address Reference Count : 1]<UL><LI> stm32f4xx_hal_spi.o(i.HAL_SPI_IRQHandler)
</UL>
<P><STRONG><a name="[be]"></a>SPI_WaitFlagStateUntilTimeout</STRONG> (Thumb, 150 bytes, Stack size 24 bytes, stm32f4xx_hal_spi.o(i.SPI_WaitFlagStateUntilTimeout))
<BR><BR>[Stack]<UL><LI>Max Depth = 24<LI>Call Chain = SPI_WaitFlagStateUntilTimeout
</UL>
<BR>[Calls]<UL><LI><a href="#[9c]">&gt;&gt;</a>&nbsp;&nbsp;&nbsp;HAL_GetTick
</UL>
<BR>[Called By]<UL><LI><a href="#[bd]">&gt;&gt;</a>&nbsp;&nbsp;&nbsp;HAL_SPI_TransmitReceive
<LI><a href="#[bf]">&gt;&gt;</a>&nbsp;&nbsp;&nbsp;SPI_CheckFlag_BSY
</UL>

<P><STRONG><a name="[b3]"></a>NVIC_SetPriority</STRONG> (Thumb, 32 bytes, Stack size 0 bytes, stm32f4xx_hal_cortex.o(i.NVIC_SetPriority))
<BR><BR>[Called By]<UL><LI><a href="#[b2]">&gt;&gt;</a>&nbsp;&nbsp;&nbsp;HAL_SYSTICK_Config
<LI><a href="#[a0]">&gt;&gt;</a>&nbsp;&nbsp;&nbsp;HAL_NVIC_SetPriority
</UL>

<P><STRONG><a name="[a7]"></a>DMA_MultiBufferSetConfig</STRONG> (Thumb, 30 bytes, Stack size 8 bytes, stm32f4xx_hal_dma_ex.o(i.DMA_MultiBufferSetConfig))
<BR><BR>[Stack]<UL><LI>Max Depth = 8<LI>Call Chain = DMA_MultiBufferSetConfig
</UL>
<BR>[Called By]<UL><LI><a href="#[a6]">&gt;&gt;</a>&nbsp;&nbsp;&nbsp;HAL_DMAEx_MultiBufferStart
</UL>

<P><STRONG><a name="[9a]"></a>ADC_Init</STRONG> (Thumb, 300 bytes, Stack size 8 bytes, stm32f4xx_hal_adc.o(i.ADC_Init))
<BR><BR>[Stack]<UL><LI>Max Depth = 8<LI>Call Chain = ADC_Init
</UL>
<BR>[Called By]<UL><LI><a href="#[98]">&gt;&gt;</a>&nbsp;&nbsp;&nbsp;HAL_ADC_Init
</UL>

<P><STRONG><a name="[ee]"></a>IST_Reg_Read_By_MPU</STRONG> (Thumb, 56 bytes, Stack size 8 bytes, test_imu.o(i.IST_Reg_Read_By_MPU))
<BR><BR>[Stack]<UL><LI>Max Depth = 112<LI>Call Chain = IST_Reg_Read_By_MPU &rArr; MPU6500_Write_Reg &rArr; HAL_SPI_TransmitReceive &rArr; SPI_CheckFlag_BSY &rArr; SPI_WaitFlagStateUntilTimeout
</UL>
<BR>[Calls]<UL><LI><a href="#[ec]">&gt;&gt;</a>&nbsp;&nbsp;&nbsp;MPU6500_Write_Reg
<LI><a href="#[f0]">&gt;&gt;</a>&nbsp;&nbsp;&nbsp;MPU6500_Read_Reg
<LI><a href="#[ad]">&gt;&gt;</a>&nbsp;&nbsp;&nbsp;HAL_Delay
</UL>
<BR>[Called By]<UL><LI><a href="#[eb]">&gt;&gt;</a>&nbsp;&nbsp;&nbsp;IST8310_Init
</UL>

<P><STRONG><a name="[ed]"></a>IST_Reg_Write_By_MPU</STRONG> (Thumb, 66 bytes, Stack size 16 bytes, test_imu.o(i.IST_Reg_Write_By_MPU))
<BR><BR>[Stack]<UL><LI>Max Depth = 120<LI>Call Chain = IST_Reg_Write_By_MPU &rArr; MPU6500_Write_Reg &rArr; HAL_SPI_TransmitReceive &rArr; SPI_CheckFlag_BSY &rArr; SPI_WaitFlagStateUntilTimeout
</UL>
<BR>[Calls]<UL><LI><a href="#[ec]">&gt;&gt;</a>&nbsp;&nbsp;&nbsp;MPU6500_Write_Reg
<LI><a href="#[ad]">&gt;&gt;</a>&nbsp;&nbsp;&nbsp;HAL_Delay
</UL>
<BR>[Called By]<UL><LI><a href="#[eb]">&gt;&gt;</a>&nbsp;&nbsp;&nbsp;IST8310_Init
</UL>

<P><STRONG><a name="[ef]"></a>MPU_Auto_Read_IST_config</STRONG> (Thumb, 142 bytes, Stack size 16 bytes, test_imu.o(i.MPU_Auto_Read_IST_config))
<BR><BR>[Stack]<UL><LI>Max Depth = 120<LI>Call Chain = MPU_Auto_Read_IST_config &rArr; MPU6500_Write_Reg &rArr; HAL_SPI_TransmitReceive &rArr; SPI_CheckFlag_BSY &rArr; SPI_WaitFlagStateUntilTimeout
</UL>
<BR>[Calls]<UL><LI><a href="#[ec]">&gt;&gt;</a>&nbsp;&nbsp;&nbsp;MPU6500_Write_Reg
<LI><a href="#[ad]">&gt;&gt;</a>&nbsp;&nbsp;&nbsp;HAL_Delay
</UL>
<BR>[Called By]<UL><LI><a href="#[eb]">&gt;&gt;</a>&nbsp;&nbsp;&nbsp;IST8310_Init
</UL>
<P>
<H3>
Undefined Global Symbols
</H3><HR></body></html>
